2026-06-02T16:25:45.1704874+00:00 ContainerStatus: State: Starting, Action: EstablishingSiteNetworks, LastError: , LastErrorTimestamp: 01/01/0001 00:00:00, LastErrorDetails: , Details: , DetailsLevel: INFO
2026-06-02T16:25:47.1438578+00:00 ContainerStatus: State: Starting, Action: StartingSiteContainers, LastError: , LastErrorTimestamp: 01/01/0001 00:00:00, LastErrorDetails: , Details: , DetailsLevel: INFO
2026-06-02T16:25:47.1471047+00:00 ContainerStatus: Container start method called.
2026-06-02T16:25:47.1519390+00:00 ContainerStatus: State: Starting, Action: PullingImage, LastError: , LastErrorTimestamp: 01/01/0001 00:00:00, LastErrorDetails: , Details: Pulling image iotcdv2026.azurecr.io/iot-app:v1 for iot-maja-asia., DetailsLevel: INFO
2026-06-02T16:25:47.1522112+00:00 ContainerStatus: Establishing network.
2026-06-02T16:25:47.1531210+00:00 ContainerStatus: Pulling image: iotcdv2026.azurecr.io/iot-app:v1.
2026-06-02T16:25:50.4000423+00:00 ContainerStatus: Container pull image failed with reason: ImagePullFailure. Revert by terminate.
2026-06-02T16:25:50.4038357+00:00 ContainerStatus: Container is terminating. Grace period: 5 seconds.
2026-06-02T16:25:50.4060652+00:00 ContainerStatus: Container spec TerminationMessagePolicy  path 
2026-06-02T16:25:50.4086985+00:00 ContainerStatus: Container is terminated. Total time elapsed: 4 ms.
2026-06-02T16:25:50.4089111+00:00 ContainerStatus: Site container: iot-maja-asia terminated during site startup.
2026-06-02T16:25:50.4177650+00:00 ContainerStatus: State: Stopping, Action: CancellingStartup, LastError: , LastErrorTimestamp: 01/01/0001 00:00:00, LastErrorDetails: , Details: Site container: iot-maja-asia terminated during site startup. Cancelling site startup., DetailsLevel: ERR
2026-06-02T16:25:50.4278311+00:00 ContainerStatus: State: Stopping, Action: CancellingStartup, LastError: ImagePullUnauthorizedFailure, LastErrorTimestamp: 06/02/2026 16:25:50, LastErrorDetails: Failed to pull image: iotcdv2026.azurecr.io/iot-app:v1. Image pull failed with forbidden or unauthorized. Check registry credentials., Details: Site container: iot-maja-asia terminated during site startup. Cancelling site startup., DetailsLevel: ERR
2026-06-02T16:25:50.4346467+00:00 ContainerStatus: Failed to start site. Revert by stopping site.
2026-06-02T16:25:50.4430653+00:00 ContainerStatus: State: Stopping, Action: StoppingSite, LastError: ImagePullUnauthorizedFailure, LastErrorTimestamp: 06/02/2026 16:25:50, LastErrorDetails: Failed to pull image: iotcdv2026.azurecr.io/iot-app:v1. Image pull failed with forbidden or unauthorized. Check registry credentials., Details: Site container: iot-maja-asia terminated during site startup. Cancelling site startup., DetailsLevel: ERR
2026-06-02T16:25:50.4460710+00:00 ContainerStatus: State: Stopping, Action: StoppingSiteContainers, LastError: ImagePullUnauthorizedFailure, LastErrorTimestamp: 06/02/2026 16:25:50, LastErrorDetails: Failed to pull image: iotcdv2026.azurecr.io/iot-app:v1. Image pull failed with forbidden or unauthorized. Check registry credentials., Details: Site container: iot-maja-asia terminated during site startup. Cancelling site startup., DetailsLevel: ERR
2026-06-02T16:25:50.4474389+00:00 ContainerStatus: Site: iot-maja-asia stopped.
========== New Cold Start Attempt (2026-06-02T16:25:50.4538396+00:00) ==========
2026-06-02T16:25:50.4538396+00:00 ContainerStatus: State: Stopping, Action: UnmountingVolumes, LastError: ImagePullUnauthorizedFailure, LastErrorTimestamp: 06/02/2026 16:25:50, LastErrorDetails: Failed to pull image: iotcdv2026.azurecr.io/iot-app:v1. Image pull failed with forbidden or unauthorized. Check registry credentials., Details: Site container: iot-maja-asia terminated during site startup. Cancelling site startup., DetailsLevel: ERR
2026-06-02T16:25:50.5268106+00:00 ContainerStatus: State: Stopping, Action: StoppingSiteNetworks, LastError: ImagePullUnauthorizedFailure, LastErrorTimestamp: 06/02/2026 16:25:50, LastErrorDetails: Failed to pull image: iotcdv2026.azurecr.io/iot-app:v1. Image pull failed with forbidden or unauthorized. Check registry credentials., Details: Site container: iot-maja-asia terminated during site startup. Cancelling site startup., DetailsLevel: ERR
2026-06-02T16:25:50.7143192+00:00 ContainerStatus: State: Stopped, Action: None, LastError: ImagePullUnauthorizedFailure, LastErrorTimestamp: 06/02/2026 16:25:50, LastErrorDetails: Failed to pull image: iotcdv2026.azurecr.io/iot-app:v1. Image pull failed with forbidden or unauthorized. Check registry credentials., Details: Site stopped at 06/02/2026 16:25:50 (UTC), DetailsLevel: ERR
2026-06-02T16:25:50.8581940+00:00 ContainerStatus: State: Stopped, Action: None, LastError: ImagePullUnauthorizedFailure, LastErrorTimestamp: 06/02/2026 16:25:50, LastErrorDetails: Failed to pull image: iotcdv2026.azurecr.io/iot-app:v1. Image pull failed with forbidden or unauthorized. Check registry credentials., Details: Site stopped at 06/02/2026 16:25:50 (UTC), DetailsLevel: ERR
2026-06-02T16:25:55.3060330+00:00 ContainerStatus: State: Starting, Action: EstablishingSiteNetworks, LastError: ImagePullUnauthorizedFailure, LastErrorTimestamp: 06/02/2026 16:25:50, LastErrorDetails: Failed to pull image: iotcdv2026.azurecr.io/iot-app:v1. Image pull failed with forbidden or unauthorized. Check registry credentials., Details: Site stopped at 06/02/2026 16:25:50 (UTC), DetailsLevel: ERR
2026-06-02T16:25:55.6261803+00:00 ContainerStatus: State: Starting, Action: StartingSiteContainers, LastError: ImagePullUnauthorizedFailure, LastErrorTimestamp: 06/02/2026 16:25:50, LastErrorDetails: Failed to pull image: iotcdv2026.azurecr.io/iot-app:v1. Image pull failed with forbidden or unauthorized. Check registry credentials., Details: Site stopped at 06/02/2026 16:25:50 (UTC), DetailsLevel: ERR
2026-06-02T16:25:55.6263686+00:00 ContainerStatus: Container start method called.
2026-06-02T16:25:55.6266587+00:00 ContainerStatus: State: Starting, Action: PullingImage, LastError: ImagePullUnauthorizedFailure, LastErrorTimestamp: 06/02/2026 16:25:50, LastErrorDetails: Failed to pull image: iotcdv2026.azurecr.io/iot-app:v1. Image pull failed with forbidden or unauthorized. Check registry credentials., Details: Pulling image iotcdv2026.azurecr.io/iot-app:v1 for iot-maja-asia., DetailsLevel: INFO
2026-06-02T16:25:55.6267848+00:00 ContainerStatus: Establishing network.
2026-06-02T16:25:55.6269044+00:00 ContainerStatus: Pulling image: iotcdv2026.azurecr.io/iot-app:v1.
2026-06-02T16:25:56.2991356+00:00 ContainerStatus: Container pull image failed with reason: ImagePullFailure. Revert by terminate.
2026-06-02T16:25:56.2997119+00:00 ContainerStatus: Container is terminating. Grace period: 5 seconds.
2026-06-02T16:25:56.2997971+00:00 ContainerStatus: Container spec TerminationMessagePolicy  path 
2026-06-02T16:25:56.2998620+00:00 ContainerStatus: Container is terminated. Total time elapsed: 0 ms.
2026-06-02T16:25:56.3000371+00:00 ContainerStatus: Site container: iot-maja-asia terminated during site startup.
2026-06-02T16:25:56.3001248+00:00 ContainerStatus: State: Stopping, Action: CancellingStartup, LastError: ImagePullUnauthorizedFailure, LastErrorTimestamp: 06/02/2026 16:25:50, LastErrorDetails: Failed to pull image: iotcdv2026.azurecr.io/iot-app:v1. Image pull failed with forbidden or unauthorized. Check registry credentials., Details: Site container: iot-maja-asia terminated during site startup. Cancelling site startup., DetailsLevel: ERR
2026-06-02T16:25:56.3018914+00:00 ContainerStatus: State: Stopping, Action: CancellingStartup, LastError: UnexpectedContainerExit, LastErrorTimestamp: 06/02/2026 16:25:56, LastErrorDetails: Pull image: iotcdv2026.azurecr.io/iot-app:v1 failed with unexpected exception., Details: Site container: iot-maja-asia terminated during site startup. Cancelling site startup., DetailsLevel: ERR
2026-06-02T16:25:56.3060258+00:00 ContainerStatus: Failed to start site. Revert by stopping site.
2026-06-02T16:25:56.3062944+00:00 ContainerStatus: State: Stopping, Action: StoppingSite, LastError: UnexpectedContainerExit, LastErrorTimestamp: 06/02/2026 16:25:56, LastErrorDetails: Pull image: iotcdv2026.azurecr.io/iot-app:v1 failed with unexpected exception., Details: Site container: iot-maja-asia terminated during site startup. Cancelling site startup., DetailsLevel: ERR
2026-06-02T16:25:56.3066841+00:00 ContainerStatus: State: Stopping, Action: StoppingSiteContainers, LastError: UnexpectedContainerExit, LastErrorTimestamp: 06/02/2026 16:25:56, LastErrorDetails: Pull image: iotcdv2026.azurecr.io/iot-app:v1 failed with unexpected exception., Details: Site container: iot-maja-asia terminated during site startup. Cancelling site startup., DetailsLevel: ERR
2026-06-02T16:25:56.3067275+00:00 ContainerStatus: Site: iot-maja-asia stopped.
========== New Cold Start Attempt (2026-06-02T16:31:55.6357552+00:00) ==========
2026-06-02T16:31:55.6357552+00:00 ContainerStatus: State: Starting, Action: EstablishingSiteNetworks, LastError: , LastErrorTimestamp: 01/01/0001 00:00:00, LastErrorDetails: , Details: , DetailsLevel: INFO
2026-06-02T16:31:56.1378538+00:00 ContainerStatus: State: Starting, Action: StartingSiteContainers, LastError: , LastErrorTimestamp: 01/01/0001 00:00:00, LastErrorDetails: , Details: , DetailsLevel: INFO
2026-06-02T16:31:56.1380167+00:00 ContainerStatus: Container start method called.
2026-06-02T16:31:56.1380680+00:00 ContainerStatus: State: Starting, Action: PullingImage, LastError: , LastErrorTimestamp: 01/01/0001 00:00:00, LastErrorDetails: , Details: Pulling image iotcdv2026.azurecr.io/iot-app:v1 for iot-maja-asia., DetailsLevel: INFO
2026-06-02T16:31:56.1381577+00:00 ContainerStatus: Establishing network.
2026-06-02T16:31:56.1382734+00:00 ContainerStatus: Pulling image: iotcdv2026.azurecr.io/iot-app:v1.
2026-06-02T16:31:56.5402604+00:00 ContainerStatus: Container pull image failed with reason: ImagePullFailure. Revert by terminate.
2026-06-02T16:31:56.5409096+00:00 ContainerStatus: Container is terminating. Grace period: 5 seconds.
2026-06-02T16:31:56.5413729+00:00 ContainerStatus: Container spec TerminationMessagePolicy  path 
2026-06-02T16:31:56.5416706+00:00 ContainerStatus: Container is terminated. Total time elapsed: 0 ms.
2026-06-02T16:31:56.5418759+00:00 ContainerStatus: Site container: iot-maja-asia terminated during site startup.
2026-06-02T16:31:56.5420203+00:00 ContainerStatus: State: Stopping, Action: CancellingStartup, LastError: , LastErrorTimestamp: 01/01/0001 00:00:00, LastErrorDetails: , Details: Site container: iot-maja-asia terminated during site startup. Cancelling site startup., DetailsLevel: ERR
2026-06-02T16:31:56.5436296+00:00 ContainerStatus: State: Stopping, Action: CancellingStartup, LastError: UnexpectedContainerExit, LastErrorTimestamp: 06/02/2026 16:31:56, LastErrorDetails: Pull image: iotcdv2026.azurecr.io/iot-app:v1 failed with unexpected exception., Details: Site container: iot-maja-asia terminated during site startup. Cancelling site startup., DetailsLevel: ERR
2026-06-02T16:31:56.5503614+00:00 ContainerStatus: Failed to start site. Revert by stopping site.
2026-06-02T16:31:56.5505269+00:00 ContainerStatus: State: Stopping, Action: StoppingSite, LastError: UnexpectedContainerExit, LastErrorTimestamp: 06/02/2026 16:31:56, LastErrorDetails: Pull image: iotcdv2026.azurecr.io/iot-app:v1 failed with unexpected exception., Details: Site container: iot-maja-asia terminated during site startup. Cancelling site startup., DetailsLevel: ERR
2026-06-02T16:31:56.5510730+00:00 ContainerStatus: State: Stopping, Action: StoppingSiteContainers, LastError: UnexpectedContainerExit, LastErrorTimestamp: 06/02/2026 16:31:56, LastErrorDetails: Pull image: iotcdv2026.azurecr.io/iot-app:v1 failed with unexpected exception., Details: Site container: iot-maja-asia terminated during site startup. Cancelling site startup., DetailsLevel: ERR
2026-06-02T16:31:56.5511158+00:00 ContainerStatus: Site: iot-maja-asia stopped.
========== New Cold Start Attempt (2026-06-02T16:31:56.5615287+00:00) ==========
2026-06-02T16:31:56.5615287+00:00 ContainerStatus: State: Stopping, Action: UnmountingVolumes, LastError: UnexpectedContainerExit, LastErrorTimestamp: 06/02/2026 16:31:56, LastErrorDetails: Pull image: iotcdv2026.azurecr.io/iot-app:v1 failed with unexpected exception., Details: Site container: iot-maja-asia terminated during site startup. Cancelling site startup., DetailsLevel: ERR
2026-06-02T16:31:56.5994908+00:00 ContainerStatus: State: Stopping, Action: StoppingSiteNetworks, LastError: UnexpectedContainerExit, LastErrorTimestamp: 06/02/2026 16:31:56, LastErrorDetails: Pull image: iotcdv2026.azurecr.io/iot-app:v1 failed with unexpected exception., Details: Site container: iot-maja-asia terminated during site startup. Cancelling site startup., DetailsLevel: ERR
2026-06-02T16:31:56.7762995+00:00 ContainerStatus: State: Stopped, Action: None, LastError: UnexpectedContainerExit, LastErrorTimestamp: 06/02/2026 16:31:56, LastErrorDetails: Pull image: iotcdv2026.azurecr.io/iot-app:v1 failed with unexpected exception., Details: Site stopped at 06/02/2026 16:31:56 (UTC), DetailsLevel: ERR
2026-06-02T16:31:56.8931647+00:00 ContainerStatus: State: Stopped, Action: None, LastError: UnexpectedContainerExit, LastErrorTimestamp: 06/02/2026 16:31:56, LastErrorDetails: Pull image: iotcdv2026.azurecr.io/iot-app:v1 failed with unexpected exception., Details: Site stopped at 06/02/2026 16:31:56 (UTC), DetailsLevel: ERR
2026-06-02T16:32:02.1814977+00:00 ContainerStatus: State: Starting, Action: EstablishingSiteNetworks, LastError: UnexpectedContainerExit, LastErrorTimestamp: 06/02/2026 16:31:56, LastErrorDetails: Pull image: iotcdv2026.azurecr.io/iot-app:v1 failed with unexpected exception., Details: Site stopped at 06/02/2026 16:31:56 (UTC), DetailsLevel: ERR
2026-06-02T16:32:02.5279429+00:00 ContainerStatus: State: Starting, Action: StartingSiteContainers, LastError: UnexpectedContainerExit, LastErrorTimestamp: 06/02/2026 16:31:56, LastErrorDetails: Pull image: iotcdv2026.azurecr.io/iot-app:v1 failed with unexpected exception., Details: Site stopped at 06/02/2026 16:31:56 (UTC), DetailsLevel: ERR
2026-06-02T16:32:02.5281531+00:00 ContainerStatus: Container start method called.
2026-06-02T16:32:02.5282182+00:00 ContainerStatus: State: Starting, Action: PullingImage, LastError: UnexpectedContainerExit, LastErrorTimestamp: 06/02/2026 16:31:56, LastErrorDetails: Pull image: iotcdv2026.azurecr.io/iot-app:v1 failed with unexpected exception., Details: Pulling image iotcdv2026.azurecr.io/iot-app:v1 for iot-maja-asia., DetailsLevel: INFO
2026-06-02T16:32:02.5284926+00:00 ContainerStatus: Establishing network.
2026-06-02T16:32:02.6087514+00:00 ContainerStatus: Pulling image: iotcdv2026.azurecr.io/iot-app:v1.
2026-06-02T16:32:02.7596009+00:00 ContainerStatus: Container pull image failed with reason: ImagePullFailure. Revert by terminate.
2026-06-02T16:32:02.7597897+00:00 ContainerStatus: Container is terminating. Grace period: 5 seconds.
2026-06-02T16:32:02.7598967+00:00 ContainerStatus: Container spec TerminationMessagePolicy  path 
2026-06-02T16:32:02.7602317+00:00 ContainerStatus: Container is terminated. Total time elapsed: 0 ms.
2026-06-02T16:32:02.7608112+00:00 ContainerStatus: Site container: iot-maja-asia terminated during site startup.
2026-06-02T16:32:02.7609052+00:00 ContainerStatus: State: Stopping, Action: CancellingStartup, LastError: UnexpectedContainerExit, LastErrorTimestamp: 06/02/2026 16:31:56, LastErrorDetails: Pull image: iotcdv2026.azurecr.io/iot-app:v1 failed with unexpected exception., Details: Site container: iot-maja-asia terminated during site startup. Cancelling site startup., DetailsLevel: ERR
2026-06-02T16:32:02.7626787+00:00 ContainerStatus: State: Stopping, Action: CancellingStartup, LastError: UnexpectedContainerExit, LastErrorTimestamp: 06/02/2026 16:32:02, LastErrorDetails: Pull image: iotcdv2026.azurecr.io/iot-app:v1 failed with unexpected exception., Details: Site container: iot-maja-asia terminated during site startup. Cancelling site startup., DetailsLevel: ERR
2026-06-02T16:32:02.7689642+00:00 ContainerStatus: Failed to start site. Revert by stopping site.
2026-06-02T16:32:02.7691969+00:00 ContainerStatus: State: Stopping, Action: StoppingSite, LastError: UnexpectedContainerExit, LastErrorTimestamp: 06/02/2026 16:32:02, LastErrorDetails: Pull image: iotcdv2026.azurecr.io/iot-app:v1 failed with unexpected exception., Details: Site container: iot-maja-asia terminated during site startup. Cancelling site startup., DetailsLevel: ERR
2026-06-02T16:32:02.7694241+00:00 ContainerStatus: State: Stopping, Action: StoppingSiteContainers, LastError: UnexpectedContainerExit, LastErrorTimestamp: 06/02/2026 16:32:02, LastErrorDetails: Pull image: iotcdv2026.azurecr.io/iot-app:v1 failed with unexpected exception., Details: Site container: iot-maja-asia terminated during site startup. Cancelling site startup., DetailsLevel: ERR
2026-06-02T16:32:02.7694442+00:00 ContainerStatus: Site: iot-maja-asia stopped.
========== New Cold Start Attempt (2026-06-02T16:32:02.7754814+00:00) ==========
2026-06-02T16:32:02.7754814+00:00 ContainerStatus: State: Stopping, Action: UnmountingVolumes, LastError: UnexpectedContainerExit, LastErrorTimestamp: 06/02/2026 16:32:02, LastErrorDetails: Pull image: iotcdv2026.azurecr.io/iot-app:v1 failed with unexpected exception., Details: Site container: iot-maja-asia terminated during site startup. Cancelling site startup., DetailsLevel: ERR
2026-06-02T16:32:02.8123125+00:00 ContainerStatus: State: Stopping, Action: StoppingSiteNetworks, LastError: UnexpectedContainerExit, LastErrorTimestamp: 06/02/2026 16:32:02, LastErrorDetails: Pull image: iotcdv2026.azurecr.io/iot-app:v1 failed with unexpected exception., Details: Site container: iot-maja-asia terminated during site startup. Cancelling site startup., DetailsLevel: ERR
2026-06-02T16:32:02.9907802+00:00 ContainerStatus: Site: iot-maja-asia will be blocked for 1 minutes till 06/02/2026 16:33:02
2026-06-02T16:32:02.9911717+00:00 ContainerStatus: State: Blocked, Action: StoppingSiteNetworks, LastError: UnexpectedContainerExit, LastErrorTimestamp: 06/02/2026 16:32:02, LastErrorDetails: Pull image: iotcdv2026.azurecr.io/iot-app:v1 failed with unexpected exception., Details: Site: iot-maja-asia will be blocked for 1 minutes till 06/02/2026 16:33:02, DetailsLevel: WARN
2026-06-02T16:32:02.9950520+00:00 ContainerStatus: State: Stopped, Action: None, LastError: UnexpectedContainerExit, LastErrorTimestamp: 06/02/2026 16:32:02, LastErrorDetails: Pull image: iotcdv2026.azurecr.io/iot-app:v1 failed with unexpected exception., Details: Site stopped at 06/02/2026 16:32:02 (UTC), DetailsLevel: WARN
2026-06-02T16:32:03.1356933+00:00 ContainerStatus: State: Stopped, Action: None, LastError: UnexpectedContainerExit, LastErrorTimestamp: 06/02/2026 16:32:02, LastErrorDetails: Pull image: iotcdv2026.azurecr.io/iot-app:v1 failed with unexpected exception., Details: Site stopped at 06/02/2026 16:32:02 (UTC), DetailsLevel: WARN
2026-06-02T16:32:08.2186137+00:00 ContainerStatus: State: Blocked, Action: None, LastError: UnexpectedContainerExit, LastErrorTimestamp: 06/02/2026 16:32:02, LastErrorDetails: Pull image: iotcdv2026.azurecr.io/iot-app:v1 failed with unexpected exception., Details: Site is blocked due to multiple, consecutive cold start failures. Site scheduled to be unblocked at 06/02/2026 16:33:02, DetailsLevel: WARN
2026-06-02T16:32:08.2186468+00:00 ContainerStatus: Start site prohibitted because the site is being blocked.
2026-06-02T16:32:13.3657394+00:00 ContainerStatus: State: Blocked, Action: None, LastError: UnexpectedContainerExit, LastErrorTimestamp: 06/02/2026 16:32:02, LastErrorDetails: Pull image: iotcdv2026.azurecr.io/iot-app:v1 failed with unexpected exception., Details: Site is blocked due to multiple, consecutive cold start failures. Site scheduled to be unblocked at 06/02/2026 16:33:02, DetailsLevel: WARN
2026-06-02T16:32:13.3657718+00:00 ContainerStatus: Start site prohibitted because the site is being blocked.
2026-06-02T16:32:18.4248389+00:00 ContainerStatus: State: Blocked, Action: None, LastError: UnexpectedContainerExit, LastErrorTimestamp: 06/02/2026 16:32:02, LastErrorDetails: Pull image: iotcdv2026.azurecr.io/iot-app:v1 failed with unexpected exception., Details: Site is blocked due to multiple, consecutive cold start failures. Site scheduled to be unblocked at 06/02/2026 16:33:02, DetailsLevel: WARN
2026-06-02T16:32:18.4248631+00:00 ContainerStatus: Start site prohibitted because the site is being blocked.
2026-06-02T16:32:23.4775426+00:00 ContainerStatus: State: Blocked, Action: None, LastError: UnexpectedContainerExit, LastErrorTimestamp: 06/02/2026 16:32:02, LastErrorDetails: Pull image: iotcdv2026.azurecr.io/iot-app:v1 failed with unexpected exception., Details: Site is blocked due to multiple, consecutive cold start failures. Site scheduled to be unblocked at 06/02/2026 16:33:02, DetailsLevel: WARN
2026-06-02T16:32:23.4775662+00:00 ContainerStatus: Start site prohibitted because the site is being blocked.
2026-06-02T16:32:28.5266829+00:00 ContainerStatus: State: Blocked, Action: None, LastError: UnexpectedContainerExit, LastErrorTimestamp: 06/02/2026 16:32:02, LastErrorDetails: Pull image: iotcdv2026.azurecr.io/iot-app:v1 failed with unexpected exception., Details: Site is blocked due to multiple, consecutive cold start failures. Site scheduled to be unblocked at 06/02/2026 16:33:02, DetailsLevel: WARN
2026-06-02T16:32:28.5267034+00:00 ContainerStatus: Start site prohibitted because the site is being blocked.
2026-06-02T16:32:33.5730550+00:00 ContainerStatus: State: Blocked, Action: None, LastError: UnexpectedContainerExit, LastErrorTimestamp: 06/02/2026 16:32:02, LastErrorDetails: Pull image: iotcdv2026.azurecr.io/iot-app:v1 failed with unexpected exception., Details: Site is blocked due to multiple, consecutive cold start failures. Site scheduled to be unblocked at 06/02/2026 16:33:02, DetailsLevel: WARN
2026-06-02T16:32:33.5730758+00:00 ContainerStatus: Start site prohibitted because the site is being blocked.
2026-06-02T16:32:38.6199177+00:00 ContainerStatus: State: Blocked, Action: None, LastError: UnexpectedContainerExit, LastErrorTimestamp: 06/02/2026 16:32:02, LastErrorDetails: Pull image: iotcdv2026.azurecr.io/iot-app:v1 failed with unexpected exception., Details: Site is blocked due to multiple, consecutive cold start failures. Site scheduled to be unblocked at 06/02/2026 16:33:02, DetailsLevel: WARN
2026-06-02T16:32:38.6200334+00:00 ContainerStatus: Start site prohibitted because the site is being blocked.
2026-06-02T16:32:43.6748503+00:00 ContainerStatus: State: Blocked, Action: None, LastError: UnexpectedContainerExit, LastErrorTimestamp: 06/02/2026 16:32:02, LastErrorDetails: Pull image: iotcdv2026.azurecr.io/iot-app:v1 failed with unexpected exception., Details: Site is blocked due to multiple, consecutive cold start failures. Site scheduled to be unblocked at 06/02/2026 16:33:02, DetailsLevel: WARN
2026-06-02T16:32:43.6748814+00:00 ContainerStatus: Start site prohibitted because the site is being blocked.
2026-06-02T16:32:48.7197080+00:00 ContainerStatus: State: Blocked, Action: None, LastError: UnexpectedContainerExit, LastErrorTimestamp: 06/02/2026 16:32:02, LastErrorDetails: Pull image: iotcdv2026.azurecr.io/iot-app:v1 failed with unexpected exception., Details: Site is blocked due to multiple, consecutive cold start failures. Site scheduled to be unblocked at 06/02/2026 16:33:02, DetailsLevel: WARN
2026-06-02T16:32:48.7197292+00:00 ContainerStatus: Start site prohibitted because the site is being blocked.
2026-06-02T16:32:54.2569703+00:00 ContainerStatus: State: Blocked, Action: None, LastError: UnexpectedContainerExit, LastErrorTimestamp: 06/02/2026 16:32:02, LastErrorDetails: Pull image: iotcdv2026.azurecr.io/iot-app:v1 failed with unexpected exception., Details: Site is blocked due to multiple, consecutive cold start failures. Site scheduled to be unblocked at 06/02/2026 16:33:02, DetailsLevel: WARN
2026-06-02T16:32:54.2569940+00:00 ContainerStatus: Start site prohibitted because the site is being blocked.
2026-06-02T16:32:59.3212336+00:00 ContainerStatus: State: Blocked, Action: None, LastError: UnexpectedContainerExit, LastErrorTimestamp: 06/02/2026 16:32:02, LastErrorDetails: Pull image: iotcdv2026.azurecr.io/iot-app:v1 failed with unexpected exception., Details: Site is blocked due to multiple, consecutive cold start failures. Site scheduled to be unblocked at 06/02/2026 16:33:02, DetailsLevel: WARN
2026-06-02T16:32:59.3212641+00:00 ContainerStatus: Start site prohibitted because the site is being blocked.
2026-06-02T16:33:02.9942693+00:00 ContainerStatus: Site: iot-maja-asia is unblocked.
2026-06-02T16:33:04.3804037+00:00 ContainerStatus: State: Starting, Action: EstablishingSiteNetworks, LastError: UnexpectedContainerExit, LastErrorTimestamp: 06/02/2026 16:32:02, LastErrorDetails: Pull image: iotcdv2026.azurecr.io/iot-app:v1 failed with unexpected exception., Details: Site is blocked due to multiple, consecutive cold start failures. Site scheduled to be unblocked at 06/02/2026 16:33:02, DetailsLevel: WARN
2026-06-02T16:33:04.6963764+00:00 ContainerStatus: State: Starting, Action: StartingSiteContainers, LastError: UnexpectedContainerExit, LastErrorTimestamp: 06/02/2026 16:32:02, LastErrorDetails: Pull image: iotcdv2026.azurecr.io/iot-app:v1 failed with unexpected exception., Details: Site is blocked due to multiple, consecutive cold start failures. Site scheduled to be unblocked at 06/02/2026 16:33:02, DetailsLevel: WARN
2026-06-02T16:33:04.6969060+00:00 ContainerStatus: Container start method called.
2026-06-02T16:33:04.6969615+00:00 ContainerStatus: State: Starting, Action: PullingImage, LastError: UnexpectedContainerExit, LastErrorTimestamp: 06/02/2026 16:32:02, LastErrorDetails: Pull image: iotcdv2026.azurecr.io/iot-app:v1 failed with unexpected exception., Details: Pulling image iotcdv2026.azurecr.io/iot-app:v1 for iot-maja-asia., DetailsLevel: INFO
2026-06-02T16:33:04.6970721+00:00 ContainerStatus: Establishing network.
2026-06-02T16:33:04.6971845+00:00 ContainerStatus: Pulling image: iotcdv2026.azurecr.io/iot-app:v1.
2026-06-02T16:33:04.9345853+00:00 ContainerStatus: Container pull image failed with reason: ImagePullFailure. Revert by terminate.
2026-06-02T16:33:04.9349142+00:00 ContainerStatus: Container is terminating. Grace period: 5 seconds.
2026-06-02T16:33:04.9352811+00:00 ContainerStatus: Container spec TerminationMessagePolicy  path 
2026-06-02T16:33:04.9355442+00:00 ContainerStatus: Container is terminated. Total time elapsed: 0 ms.
2026-06-02T16:33:04.9357936+00:00 ContainerStatus: Site container: iot-maja-asia terminated during site startup.
2026-06-02T16:33:04.9360743+00:00 ContainerStatus: State: Stopping, Action: CancellingStartup, LastError: UnexpectedContainerExit, LastErrorTimestamp: 06/02/2026 16:32:02, LastErrorDetails: Pull image: iotcdv2026.azurecr.io/iot-app:v1 failed with unexpected exception., Details: Site container: iot-maja-asia terminated during site startup. Cancelling site startup., DetailsLevel: ERR
2026-06-02T16:33:04.9374374+00:00 ContainerStatus: State: Stopping, Action: CancellingStartup, LastError: UnexpectedContainerExit, LastErrorTimestamp: 06/02/2026 16:33:04, LastErrorDetails: Pull image: iotcdv2026.azurecr.io/iot-app:v1 failed with unexpected exception., Details: Site container: iot-maja-asia terminated during site startup. Cancelling site startup., DetailsLevel: ERR
2026-06-02T16:33:04.9439819+00:00 ContainerStatus: Failed to start site. Revert by stopping site.
2026-06-02T16:33:04.9442003+00:00 ContainerStatus: State: Stopping, Action: StoppingSite, LastError: UnexpectedContainerExit, LastErrorTimestamp: 06/02/2026 16:33:04, LastErrorDetails: Pull image: iotcdv2026.azurecr.io/iot-app:v1 failed with unexpected exception., Details: Site container: iot-maja-asia terminated during site startup. Cancelling site startup., DetailsLevel: ERR
2026-06-02T16:33:04.9447447+00:00 ContainerStatus: State: Stopping, Action: StoppingSiteContainers, LastError: UnexpectedContainerExit, LastErrorTimestamp: 06/02/2026 16:33:04, LastErrorDetails: Pull image: iotcdv2026.azurecr.io/iot-app:v1 failed with unexpected exception., Details: Site container: iot-maja-asia terminated during site startup. Cancelling site startup., DetailsLevel: ERR
2026-06-02T16:33:04.9447667+00:00 ContainerStatus: Site: iot-maja-asia stopped.
========== New Cold Start Attempt (2026-06-02T16:33:04.9522587+00:00) ==========
2026-06-02T16:33:04.9522587+00:00 ContainerStatus: State: Stopping, Action: UnmountingVolumes, LastError: UnexpectedContainerExit, LastErrorTimestamp: 06/02/2026 16:33:04, LastErrorDetails: Pull image: iotcdv2026.azurecr.io/iot-app:v1 failed with unexpected exception., Details: Site container: iot-maja-asia terminated during site startup. Cancelling site startup., DetailsLevel: ERR
2026-06-02T16:33:05.0120385+00:00 ContainerStatus: State: Stopping, Action: StoppingSiteNetworks, LastError: UnexpectedContainerExit, LastErrorTimestamp: 06/02/2026 16:33:04, LastErrorDetails: Pull image: iotcdv2026.azurecr.io/iot-app:v1 failed with unexpected exception., Details: Site container: iot-maja-asia terminated during site startup. Cancelling site startup., DetailsLevel: ERR
2026-06-02T16:33:05.1946265+00:00 ContainerStatus: Site: iot-maja-asia will be blocked for 1 minutes till 06/02/2026 16:34:05
2026-06-02T16:33:05.1948177+00:00 ContainerStatus: State: Blocked, Action: StoppingSiteNetworks, LastError: UnexpectedContainerExit, LastErrorTimestamp: 06/02/2026 16:33:04, LastErrorDetails: Pull image: iotcdv2026.azurecr.io/iot-app:v1 failed with unexpected exception., Details: Site: iot-maja-asia will be blocked for 1 minutes till 06/02/2026 16:34:05, DetailsLevel: WARN
2026-06-02T16:33:05.1950487+00:00 ContainerStatus: State: Stopped, Action: None, LastError: UnexpectedContainerExit, LastErrorTimestamp: 06/02/2026 16:33:04, LastErrorDetails: Pull image: iotcdv2026.azurecr.io/iot-app:v1 failed with unexpected exception., Details: Site stopped at 06/02/2026 16:33:05 (UTC), DetailsLevel: WARN
2026-06-02T16:33:05.3094380+00:00 ContainerStatus: State: Stopped, Action: None, LastError: UnexpectedContainerExit, LastErrorTimestamp: 06/02/2026 16:33:04, LastErrorDetails: Pull image: iotcdv2026.azurecr.io/iot-app:v1 failed with unexpected exception., Details: Site stopped at 06/02/2026 16:33:05 (UTC), DetailsLevel: WARN
2026-06-02T16:33:10.3602265+00:00 ContainerStatus: State: Blocked, Action: None, LastError: UnexpectedContainerExit, LastErrorTimestamp: 06/02/2026 16:33:04, LastErrorDetails: Pull image: iotcdv2026.azurecr.io/iot-app:v1 failed with unexpected exception., Details: Site is blocked due to multiple, consecutive cold start failures. Site scheduled to be unblocked at 06/02/2026 16:34:05, DetailsLevel: WARN
2026-06-02T16:33:10.3603337+00:00 ContainerStatus: Start site prohibitted because the site is being blocked.
2026-06-02T16:33:15.4207930+00:00 ContainerStatus: State: Blocked, Action: None, LastError: UnexpectedContainerExit, LastErrorTimestamp: 06/02/2026 16:33:04, LastErrorDetails: Pull image: iotcdv2026.azurecr.io/iot-app:v1 failed with unexpected exception., Details: Site is blocked due to multiple, consecutive cold start failures. Site scheduled to be unblocked at 06/02/2026 16:34:05, DetailsLevel: WARN
2026-06-02T16:33:15.4208142+00:00 ContainerStatus: Start site prohibitted because the site is being blocked.
2026-06-02T16:33:20.6052728+00:00 ContainerStatus: State: Blocked, Action: None, LastError: UnexpectedContainerExit, LastErrorTimestamp: 06/02/2026 16:33:04, LastErrorDetails: Pull image: iotcdv2026.azurecr.io/iot-app:v1 failed with unexpected exception., Details: Site is blocked due to multiple, consecutive cold start failures. Site scheduled to be unblocked at 06/02/2026 16:34:05, DetailsLevel: WARN
2026-06-02T16:33:20.6053132+00:00 ContainerStatus: Start site prohibitted because the site is being blocked.
2026-06-02T16:33:25.6452115+00:00 ContainerStatus: State: Blocked, Action: None, LastError: UnexpectedContainerExit, LastErrorTimestamp: 06/02/2026 16:33:04, LastErrorDetails: Pull image: iotcdv2026.azurecr.io/iot-app:v1 failed with unexpected exception., Details: Site is blocked due to multiple, consecutive cold start failures. Site scheduled to be unblocked at 06/02/2026 16:34:05, DetailsLevel: WARN
2026-06-02T16:33:25.6452342+00:00 ContainerStatus: Start site prohibitted because the site is being blocked.
2026-06-02T16:33:30.6782495+00:00 ContainerStatus: State: Blocked, Action: None, LastError: UnexpectedContainerExit, LastErrorTimestamp: 06/02/2026 16:33:04, LastErrorDetails: Pull image: iotcdv2026.azurecr.io/iot-app:v1 failed with unexpected exception., Details: Site is blocked due to multiple, consecutive cold start failures. Site scheduled to be unblocked at 06/02/2026 16:34:05, DetailsLevel: WARN
2026-06-02T16:33:30.6782695+00:00 ContainerStatus: Start site prohibitted because the site is being blocked.
2026-06-02T16:33:35.7285339+00:00 ContainerStatus: State: Blocked, Action: None, LastError: UnexpectedContainerExit, LastErrorTimestamp: 06/02/2026 16:33:04, LastErrorDetails: Pull image: iotcdv2026.azurecr.io/iot-app:v1 failed with unexpected exception., Details: Site is blocked due to multiple, consecutive cold start failures. Site scheduled to be unblocked at 06/02/2026 16:34:05, DetailsLevel: WARN
2026-06-02T16:33:35.7285570+00:00 ContainerStatus: Start site prohibitted because the site is being blocked.
2026-06-02T16:33:40.7627686+00:00 ContainerStatus: State: Blocked, Action: None, LastError: UnexpectedContainerExit, LastErrorTimestamp: 06/02/2026 16:33:04, LastErrorDetails: Pull image: iotcdv2026.azurecr.io/iot-app:v1 failed with unexpected exception., Details: Site is blocked due to multiple, consecutive cold start failures. Site scheduled to be unblocked at 06/02/2026 16:34:05, DetailsLevel: WARN
2026-06-02T16:33:40.7627890+00:00 ContainerStatus: Start site prohibitted because the site is being blocked.
2026-06-02T16:33:45.8098577+00:00 ContainerStatus: State: Blocked, Action: None, LastError: UnexpectedContainerExit, LastErrorTimestamp: 06/02/2026 16:33:04, LastErrorDetails: Pull image: iotcdv2026.azurecr.io/iot-app:v1 failed with unexpected exception., Details: Site is blocked due to multiple, consecutive cold start failures. Site scheduled to be unblocked at 06/02/2026 16:34:05, DetailsLevel: WARN
2026-06-02T16:33:45.8100662+00:00 ContainerStatus: Start site prohibitted because the site is being blocked.
2026-06-02T16:33:50.8740421+00:00 ContainerStatus: State: Blocked, Action: None, LastError: UnexpectedContainerExit, LastErrorTimestamp: 06/02/2026 16:33:04, LastErrorDetails: Pull image: iotcdv2026.azurecr.io/iot-app:v1 failed with unexpected exception., Details: Site is blocked due to multiple, consecutive cold start failures. Site scheduled to be unblocked at 06/02/2026 16:34:05, DetailsLevel: WARN
2026-06-02T16:33:50.8740639+00:00 ContainerStatus: Start site prohibitted because the site is being blocked.
2026-06-02T16:33:55.9288714+00:00 ContainerStatus: State: Blocked, Action: None, LastError: UnexpectedContainerExit, LastErrorTimestamp: 06/02/2026 16:33:04, LastErrorDetails: Pull image: iotcdv2026.azurecr.io/iot-app:v1 failed with unexpected exception., Details: Site is blocked due to multiple, consecutive cold start failures. Site scheduled to be unblocked at 06/02/2026 16:34:05, DetailsLevel: WARN
2026-06-02T16:33:55.9288928+00:00 ContainerStatus: Start site prohibitted because the site is being blocked.
2026-06-02T16:34:01.4999471+00:00 ContainerStatus: State: Blocked, Action: None, LastError: UnexpectedContainerExit, LastErrorTimestamp: 06/02/2026 16:33:04, LastErrorDetails: Pull image: iotcdv2026.azurecr.io/iot-app:v1 failed with unexpected exception., Details: Site is blocked due to multiple, consecutive cold start failures. Site scheduled to be unblocked at 06/02/2026 16:34:05, DetailsLevel: WARN
2026-06-02T16:34:01.4999697+00:00 ContainerStatus: Start site prohibitted because the site is being blocked.
2026-06-02T16:34:05.1936352+00:00 ContainerStatus: Site: iot-maja-asia is unblocked.
2026-06-02T16:34:06.5337076+00:00 ContainerStatus: State: Starting, Action: EstablishingSiteNetworks, LastError: UnexpectedContainerExit, LastErrorTimestamp: 06/02/2026 16:33:04, LastErrorDetails: Pull image: iotcdv2026.azurecr.io/iot-app:v1 failed with unexpected exception., Details: Site is blocked due to multiple, consecutive cold start failures. Site scheduled to be unblocked at 06/02/2026 16:34:05, DetailsLevel: WARN
2026-06-02T16:34:06.8838582+00:00 ContainerStatus: State: Starting, Action: StartingSiteContainers, LastError: UnexpectedContainerExit, LastErrorTimestamp: 06/02/2026 16:33:04, LastErrorDetails: Pull image: iotcdv2026.azurecr.io/iot-app:v1 failed with unexpected exception., Details: Site is blocked due to multiple, consecutive cold start failures. Site scheduled to be unblocked at 06/02/2026 16:34:05, DetailsLevel: WARN
2026-06-02T16:34:06.8840852+00:00 ContainerStatus: Container start method called.
2026-06-02T16:34:06.8841583+00:00 ContainerStatus: State: Starting, Action: PullingImage, LastError: UnexpectedContainerExit, LastErrorTimestamp: 06/02/2026 16:33:04, LastErrorDetails: Pull image: iotcdv2026.azurecr.io/iot-app:v1 failed with unexpected exception., Details: Pulling image iotcdv2026.azurecr.io/iot-app:v1 for iot-maja-asia., DetailsLevel: INFO
2026-06-02T16:34:06.8842807+00:00 ContainerStatus: Establishing network.
2026-06-02T16:34:06.8844121+00:00 ContainerStatus: Pulling image: iotcdv2026.azurecr.io/iot-app:v1.
2026-06-02T16:34:07.7346535+00:00 ContainerStatus: Container pull image failed with reason: ImagePullFailure. Revert by terminate.
2026-06-02T16:34:07.7352513+00:00 ContainerStatus: Container is terminating. Grace period: 5 seconds.
2026-06-02T16:34:07.7359540+00:00 ContainerStatus: Container spec TerminationMessagePolicy  path 
2026-06-02T16:34:07.7372349+00:00 ContainerStatus: Container is terminated. Total time elapsed: 0 ms.
2026-06-02T16:34:07.7378107+00:00 ContainerStatus: Site container: iot-maja-asia terminated during site startup.
2026-06-02T16:34:07.7384363+00:00 ContainerStatus: State: Stopping, Action: CancellingStartup, LastError: UnexpectedContainerExit, LastErrorTimestamp: 06/02/2026 16:33:04, LastErrorDetails: Pull image: iotcdv2026.azurecr.io/iot-app:v1 failed with unexpected exception., Details: Site container: iot-maja-asia terminated during site startup. Cancelling site startup., DetailsLevel: ERR
2026-06-02T16:34:07.7410165+00:00 ContainerStatus: State: Stopping, Action: CancellingStartup, LastError: UnexpectedContainerExit, LastErrorTimestamp: 06/02/2026 16:34:07, LastErrorDetails: Pull image: iotcdv2026.azurecr.io/iot-app:v1 failed with unexpected exception., Details: Site container: iot-maja-asia terminated during site startup. Cancelling site startup., DetailsLevel: ERR
2026-06-02T16:34:07.7477403+00:00 ContainerStatus: Failed to start site. Revert by stopping site.
2026-06-02T16:34:07.7478267+00:00 ContainerStatus: State: Stopping, Action: StoppingSite, LastError: UnexpectedContainerExit, LastErrorTimestamp: 06/02/2026 16:34:07, LastErrorDetails: Pull image: iotcdv2026.azurecr.io/iot-app:v1 failed with unexpected exception., Details: Site container: iot-maja-asia terminated during site startup. Cancelling site startup., DetailsLevel: ERR
2026-06-02T16:34:07.7480322+00:00 ContainerStatus: State: Stopping, Action: StoppingSiteContainers, LastError: UnexpectedContainerExit, LastErrorTimestamp: 06/02/2026 16:34:07, LastErrorDetails: Pull image: iotcdv2026.azurecr.io/iot-app:v1 failed with unexpected exception., Details: Site container: iot-maja-asia terminated during site startup. Cancelling site startup., DetailsLevel: ERR
2026-06-02T16:34:07.7480488+00:00 ContainerStatus: Site: iot-maja-asia stopped.
