2026-06-02T18:22:22.4519454+00:00 ContainerStatus: State: Starting, Action: EstablishingSiteNetworks, LastError: , LastErrorTimestamp: 01/01/0001 00:00:00, LastErrorDetails: , Details: , DetailsLevel: INFO
2026-06-02T18:22:23.4893809+00:00 ContainerStatus: State: Starting, Action: StartingSiteContainers, LastError: , LastErrorTimestamp: 01/01/0001 00:00:00, LastErrorDetails: , Details: , DetailsLevel: INFO
2026-06-02T18:22:23.4925168+00:00 ContainerStatus: Container start method called.
2026-06-02T18:22:23.4955359+00:00 ContainerStatus: State: Starting, Action: PullingImage, LastError: , LastErrorTimestamp: 01/01/0001 00:00:00, LastErrorDetails: , Details: Pulling image iotcdv2026.azurecr.io/iot-app:v1 for iot-maja-asia., DetailsLevel: INFO
2026-06-02T18:22:23.4960075+00:00 ContainerStatus: Establishing network.
2026-06-02T18:22:23.4964620+00:00 ContainerStatus: Pulling image: iotcdv2026.azurecr.io/iot-app:v1.
2026-06-02T18:22:26.1696304+00:00 ContainerStatus: Container pull image failed with reason: ImagePullFailure. Revert by terminate.
2026-06-02T18:22:26.1730639+00:00 ContainerStatus: Container is terminating. Grace period: 5 seconds.
2026-06-02T18:22:26.1740880+00:00 ContainerStatus: Container spec TerminationMessagePolicy  path 
2026-06-02T18:22:26.1762745+00:00 ContainerStatus: Container is terminated. Total time elapsed: 3 ms.
2026-06-02T18:22:26.1763936+00:00 ContainerStatus: Site container: iot-maja-asia terminated during site startup.
2026-06-02T18:22:26.1781630+00:00 ContainerStatus: State: Stopping, Action: CancellingStartup, LastError: , LastErrorTimestamp: 01/01/0001 00:00:00, LastErrorDetails: , Details: Site container: iot-maja-asia terminated during site startup. Cancelling site startup., DetailsLevel: ERR
2026-06-02T18:22:26.1869831+00:00 ContainerStatus: State: Stopping, Action: CancellingStartup, LastError: ImagePullUnauthorizedFailure, LastErrorTimestamp: 06/02/2026 18:22:26, LastErrorDetails: Failed to pull image: iotcdv2026.azurecr.io/iot-app:v1. Image pull failed with forbidden or unauthorized. Check registry credentials., Details: Site container: iot-maja-asia terminated during site startup. Cancelling site startup., DetailsLevel: ERR
2026-06-02T18:22:26.1909620+00:00 ContainerStatus: Failed to start site. Revert by stopping site.
2026-06-02T18:22:26.1954640+00:00 ContainerStatus: State: Stopping, Action: StoppingSite, LastError: ImagePullUnauthorizedFailure, LastErrorTimestamp: 06/02/2026 18:22:26, LastErrorDetails: Failed to pull image: iotcdv2026.azurecr.io/iot-app:v1. Image pull failed with forbidden or unauthorized. Check registry credentials., Details: Site container: iot-maja-asia terminated during site startup. Cancelling site startup., DetailsLevel: ERR
2026-06-02T18:22:26.1977617+00:00 ContainerStatus: State: Stopping, Action: StoppingSiteContainers, LastError: ImagePullUnauthorizedFailure, LastErrorTimestamp: 06/02/2026 18:22:26, LastErrorDetails: Failed to pull image: iotcdv2026.azurecr.io/iot-app:v1. Image pull failed with forbidden or unauthorized. Check registry credentials., Details: Site container: iot-maja-asia terminated during site startup. Cancelling site startup., DetailsLevel: ERR
2026-06-02T18:22:26.1988654+00:00 ContainerStatus: Site: iot-maja-asia stopped.
========== New Cold Start Attempt (2026-06-02T18:22:26.2051362+00:00) ==========
2026-06-02T18:22:26.2051362+00:00 ContainerStatus: State: Stopping, Action: UnmountingVolumes, LastError: ImagePullUnauthorizedFailure, LastErrorTimestamp: 06/02/2026 18:22:26, LastErrorDetails: Failed to pull image: iotcdv2026.azurecr.io/iot-app:v1. Image pull failed with forbidden or unauthorized. Check registry credentials., Details: Site container: iot-maja-asia terminated during site startup. Cancelling site startup., DetailsLevel: ERR
2026-06-02T18:22:26.2805080+00:00 ContainerStatus: State: Stopping, Action: StoppingSiteNetworks, LastError: ImagePullUnauthorizedFailure, LastErrorTimestamp: 06/02/2026 18:22:26, LastErrorDetails: Failed to pull image: iotcdv2026.azurecr.io/iot-app:v1. Image pull failed with forbidden or unauthorized. Check registry credentials., Details: Site container: iot-maja-asia terminated during site startup. Cancelling site startup., DetailsLevel: ERR
2026-06-02T18:22:26.4920624+00:00 ContainerStatus: State: Stopped, Action: None, LastError: ImagePullUnauthorizedFailure, LastErrorTimestamp: 06/02/2026 18:22:26, LastErrorDetails: Failed to pull image: iotcdv2026.azurecr.io/iot-app:v1. Image pull failed with forbidden or unauthorized. Check registry credentials., Details: Site stopped at 06/02/2026 18:22:26 (UTC), DetailsLevel: ERR
2026-06-02T18:22:26.6236836+00:00 ContainerStatus: State: Stopped, Action: None, LastError: ImagePullUnauthorizedFailure, LastErrorTimestamp: 06/02/2026 18:22:26, LastErrorDetails: Failed to pull image: iotcdv2026.azurecr.io/iot-app:v1. Image pull failed with forbidden or unauthorized. Check registry credentials., Details: Site stopped at 06/02/2026 18:22:26 (UTC), DetailsLevel: ERR
2026-06-02T18:22:34.7101209+00:00 ContainerStatus: State: Starting, Action: EstablishingSiteNetworks, LastError: ImagePullUnauthorizedFailure, LastErrorTimestamp: 06/02/2026 18:22:26, LastErrorDetails: Failed to pull image: iotcdv2026.azurecr.io/iot-app:v1. Image pull failed with forbidden or unauthorized. Check registry credentials., Details: Site stopped at 06/02/2026 18:22:26 (UTC), DetailsLevel: ERR
2026-06-02T18:22:34.9510889+00:00 ContainerStatus: State: Starting, Action: StartingSiteContainers, LastError: ImagePullUnauthorizedFailure, LastErrorTimestamp: 06/02/2026 18:22:26, LastErrorDetails: Failed to pull image: iotcdv2026.azurecr.io/iot-app:v1. Image pull failed with forbidden or unauthorized. Check registry credentials., Details: Site stopped at 06/02/2026 18:22:26 (UTC), DetailsLevel: ERR
2026-06-02T18:22:34.9516612+00:00 ContainerStatus: Container start method called.
2026-06-02T18:22:34.9517774+00:00 ContainerStatus: State: Starting, Action: PullingImage, LastError: ImagePullUnauthorizedFailure, LastErrorTimestamp: 06/02/2026 18:22:26, LastErrorDetails: Failed to pull image: iotcdv2026.azurecr.io/iot-app:v1. Image pull failed with forbidden or unauthorized. Check registry credentials., Details: Pulling image iotcdv2026.azurecr.io/iot-app:v1 for iot-maja-asia., DetailsLevel: INFO
2026-06-02T18:22:34.9523083+00:00 ContainerStatus: Establishing network.
2026-06-02T18:22:34.9529007+00:00 ContainerStatus: Pulling image: iotcdv2026.azurecr.io/iot-app:v1.
2026-06-02T18:22:35.0797853+00:00 ContainerStatus: Container pull image failed with reason: ImagePullFailure. Revert by terminate.
2026-06-02T18:22:35.0799606+00:00 ContainerStatus: Container is terminating. Grace period: 5 seconds.
2026-06-02T18:22:35.0800596+00:00 ContainerStatus: Container spec TerminationMessagePolicy  path 
2026-06-02T18:22:35.0801719+00:00 ContainerStatus: Container is terminated. Total time elapsed: 0 ms.
2026-06-02T18:22:35.0802767+00:00 ContainerStatus: Site container: iot-maja-asia terminated during site startup.
2026-06-02T18:22:35.0803442+00:00 ContainerStatus: State: Stopping, Action: CancellingStartup, LastError: ImagePullUnauthorizedFailure, LastErrorTimestamp: 06/02/2026 18:22:26, LastErrorDetails: Failed to pull image: iotcdv2026.azurecr.io/iot-app:v1. Image pull failed with forbidden or unauthorized. Check registry credentials., Details: Site container: iot-maja-asia terminated during site startup. Cancelling site startup., DetailsLevel: ERR
2026-06-02T18:22:35.0814339+00:00 ContainerStatus: State: Stopping, Action: CancellingStartup, LastError: UnexpectedContainerExit, LastErrorTimestamp: 06/02/2026 18:22:35, LastErrorDetails: Pull image: iotcdv2026.azurecr.io/iot-app:v1 failed with unexpected exception., Details: Site container: iot-maja-asia terminated during site startup. Cancelling site startup., DetailsLevel: ERR
2026-06-02T18:22:35.0856640+00:00 ContainerStatus: Failed to start site. Revert by stopping site.
2026-06-02T18:22:35.0860151+00:00 ContainerStatus: State: Stopping, Action: StoppingSite, LastError: UnexpectedContainerExit, LastErrorTimestamp: 06/02/2026 18:22:35, LastErrorDetails: Pull image: iotcdv2026.azurecr.io/iot-app:v1 failed with unexpected exception., Details: Site container: iot-maja-asia terminated during site startup. Cancelling site startup., DetailsLevel: ERR
2026-06-02T18:22:35.0863536+00:00 ContainerStatus: State: Stopping, Action: StoppingSiteContainers, LastError: UnexpectedContainerExit, LastErrorTimestamp: 06/02/2026 18:22:35, LastErrorDetails: Pull image: iotcdv2026.azurecr.io/iot-app:v1 failed with unexpected exception., Details: Site container: iot-maja-asia terminated during site startup. Cancelling site startup., DetailsLevel: ERR
2026-06-02T18:22:35.0863742+00:00 ContainerStatus: Site: iot-maja-asia stopped.
========== New Cold Start Attempt (2026-06-02T18:28:34.2216883+00:00) ==========
2026-06-02T18:28:34.2216883+00:00 ContainerStatus: State: Starting, Action: EstablishingSiteNetworks, LastError: , LastErrorTimestamp: 01/01/0001 00:00:00, LastErrorDetails: , Details: , DetailsLevel: INFO
2026-06-02T18:28:34.8085850+00:00 ContainerStatus: State: Starting, Action: StartingSiteContainers, LastError: , LastErrorTimestamp: 01/01/0001 00:00:00, LastErrorDetails: , Details: , DetailsLevel: INFO
2026-06-02T18:28:34.8088509+00:00 ContainerStatus: Container start method called.
2026-06-02T18:28:34.8089804+00:00 ContainerStatus: State: Starting, Action: PullingImage, LastError: , LastErrorTimestamp: 01/01/0001 00:00:00, LastErrorDetails: , Details: Pulling image iotcdv2026.azurecr.io/iot-app:v1 for iot-maja-asia., DetailsLevel: INFO
2026-06-02T18:28:34.8092924+00:00 ContainerStatus: Establishing network.
2026-06-02T18:28:34.8095631+00:00 ContainerStatus: Pulling image: iotcdv2026.azurecr.io/iot-app:v1.
2026-06-02T18:28:35.1197447+00:00 ContainerStatus: Container pull image failed with reason: ImagePullFailure. Revert by terminate.
2026-06-02T18:28:35.1201052+00:00 ContainerStatus: Container is terminating. Grace period: 5 seconds.
2026-06-02T18:28:35.1204974+00:00 ContainerStatus: Container spec TerminationMessagePolicy  path 
2026-06-02T18:28:35.1206776+00:00 ContainerStatus: Container is terminated. Total time elapsed: 0 ms.
2026-06-02T18:28:35.1209990+00:00 ContainerStatus: Site container: iot-maja-asia terminated during site startup.
2026-06-02T18:28:35.1211065+00:00 ContainerStatus: State: Stopping, Action: CancellingStartup, LastError: , LastErrorTimestamp: 01/01/0001 00:00:00, LastErrorDetails: , Details: Site container: iot-maja-asia terminated during site startup. Cancelling site startup., DetailsLevel: ERR
2026-06-02T18:28:35.1226265+00:00 ContainerStatus: State: Stopping, Action: CancellingStartup, LastError: UnexpectedContainerExit, LastErrorTimestamp: 06/02/2026 18:28:35, LastErrorDetails: Pull image: iotcdv2026.azurecr.io/iot-app:v1 failed with unexpected exception., Details: Site container: iot-maja-asia terminated during site startup. Cancelling site startup., DetailsLevel: ERR
2026-06-02T18:28:35.1447136+00:00 ContainerStatus: Failed to start site. Revert by stopping site.
2026-06-02T18:28:35.1461698+00:00 ContainerStatus: State: Stopping, Action: StoppingSite, LastError: UnexpectedContainerExit, LastErrorTimestamp: 06/02/2026 18:28:35, LastErrorDetails: Pull image: iotcdv2026.azurecr.io/iot-app:v1 failed with unexpected exception., Details: Site container: iot-maja-asia terminated during site startup. Cancelling site startup., DetailsLevel: ERR
2026-06-02T18:28:35.1464219+00:00 ContainerStatus: State: Stopping, Action: StoppingSiteContainers, LastError: UnexpectedContainerExit, LastErrorTimestamp: 06/02/2026 18:28:35, LastErrorDetails: Pull image: iotcdv2026.azurecr.io/iot-app:v1 failed with unexpected exception., Details: Site container: iot-maja-asia terminated during site startup. Cancelling site startup., DetailsLevel: ERR
2026-06-02T18:28:35.1464404+00:00 ContainerStatus: Site: iot-maja-asia stopped.
========== New Cold Start Attempt (2026-06-02T18:28:35.1557280+00:00) ==========
2026-06-02T18:28:35.1557280+00:00 ContainerStatus: State: Stopping, Action: UnmountingVolumes, LastError: UnexpectedContainerExit, LastErrorTimestamp: 06/02/2026 18:28:35, LastErrorDetails: Pull image: iotcdv2026.azurecr.io/iot-app:v1 failed with unexpected exception., Details: Site container: iot-maja-asia terminated during site startup. Cancelling site startup., DetailsLevel: ERR
2026-06-02T18:28:35.1947717+00:00 ContainerStatus: State: Stopping, Action: StoppingSiteNetworks, LastError: UnexpectedContainerExit, LastErrorTimestamp: 06/02/2026 18:28:35, LastErrorDetails: Pull image: iotcdv2026.azurecr.io/iot-app:v1 failed with unexpected exception., Details: Site container: iot-maja-asia terminated during site startup. Cancelling site startup., DetailsLevel: ERR
2026-06-02T18:28:35.3681423+00:00 ContainerStatus: State: Stopped, Action: None, LastError: UnexpectedContainerExit, LastErrorTimestamp: 06/02/2026 18:28:35, LastErrorDetails: Pull image: iotcdv2026.azurecr.io/iot-app:v1 failed with unexpected exception., Details: Site stopped at 06/02/2026 18:28:35 (UTC), DetailsLevel: ERR
2026-06-02T18:28:35.5182272+00:00 ContainerStatus: State: Stopped, Action: None, LastError: UnexpectedContainerExit, LastErrorTimestamp: 06/02/2026 18:28:35, LastErrorDetails: Pull image: iotcdv2026.azurecr.io/iot-app:v1 failed with unexpected exception., Details: Site stopped at 06/02/2026 18:28:35 (UTC), DetailsLevel: ERR
2026-06-02T18:28:40.8043170+00:00 ContainerStatus: State: Starting, Action: EstablishingSiteNetworks, LastError: UnexpectedContainerExit, LastErrorTimestamp: 06/02/2026 18:28:35, LastErrorDetails: Pull image: iotcdv2026.azurecr.io/iot-app:v1 failed with unexpected exception., Details: Site stopped at 06/02/2026 18:28:35 (UTC), DetailsLevel: ERR
2026-06-02T18:28:41.1286071+00:00 ContainerStatus: State: Starting, Action: StartingSiteContainers, LastError: UnexpectedContainerExit, LastErrorTimestamp: 06/02/2026 18:28:35, LastErrorDetails: Pull image: iotcdv2026.azurecr.io/iot-app:v1 failed with unexpected exception., Details: Site stopped at 06/02/2026 18:28:35 (UTC), DetailsLevel: ERR
2026-06-02T18:28:41.1287409+00:00 ContainerStatus: Container start method called.
2026-06-02T18:28:41.1287850+00:00 ContainerStatus: State: Starting, Action: PullingImage, LastError: UnexpectedContainerExit, LastErrorTimestamp: 06/02/2026 18:28:35, LastErrorDetails: Pull image: iotcdv2026.azurecr.io/iot-app:v1 failed with unexpected exception., Details: Pulling image iotcdv2026.azurecr.io/iot-app:v1 for iot-maja-asia., DetailsLevel: INFO
2026-06-02T18:28:41.1288824+00:00 ContainerStatus: Establishing network.
2026-06-02T18:28:41.1290037+00:00 ContainerStatus: Pulling image: iotcdv2026.azurecr.io/iot-app:v1.
2026-06-02T18:28:41.2942363+00:00 ContainerStatus: Container pull image failed with reason: ImagePullFailure. Revert by terminate.
2026-06-02T18:28:41.2944607+00:00 ContainerStatus: Container is terminating. Grace period: 5 seconds.
2026-06-02T18:28:41.2946348+00:00 ContainerStatus: Container spec TerminationMessagePolicy  path 
2026-06-02T18:28:41.2947571+00:00 ContainerStatus: Container is terminated. Total time elapsed: 0 ms.
2026-06-02T18:28:41.2948456+00:00 ContainerStatus: Site container: iot-maja-asia terminated during site startup.
2026-06-02T18:28:41.2949271+00:00 ContainerStatus: State: Stopping, Action: CancellingStartup, LastError: UnexpectedContainerExit, LastErrorTimestamp: 06/02/2026 18:28:35, LastErrorDetails: Pull image: iotcdv2026.azurecr.io/iot-app:v1 failed with unexpected exception., Details: Site container: iot-maja-asia terminated during site startup. Cancelling site startup., DetailsLevel: ERR
2026-06-02T18:28:41.2967911+00:00 ContainerStatus: State: Stopping, Action: CancellingStartup, LastError: UnexpectedContainerExit, LastErrorTimestamp: 06/02/2026 18:28:41, LastErrorDetails: Pull image: iotcdv2026.azurecr.io/iot-app:v1 failed with unexpected exception., Details: Site container: iot-maja-asia terminated during site startup. Cancelling site startup., DetailsLevel: ERR
2026-06-02T18:28:41.3108199+00:00 ContainerStatus: Failed to start site. Revert by stopping site.
2026-06-02T18:28:41.3110349+00:00 ContainerStatus: State: Stopping, Action: StoppingSite, LastError: UnexpectedContainerExit, LastErrorTimestamp: 06/02/2026 18:28:41, LastErrorDetails: Pull image: iotcdv2026.azurecr.io/iot-app:v1 failed with unexpected exception., Details: Site container: iot-maja-asia terminated during site startup. Cancelling site startup., DetailsLevel: ERR
2026-06-02T18:28:41.3112562+00:00 ContainerStatus: State: Stopping, Action: StoppingSiteContainers, LastError: UnexpectedContainerExit, LastErrorTimestamp: 06/02/2026 18:28:41, LastErrorDetails: Pull image: iotcdv2026.azurecr.io/iot-app:v1 failed with unexpected exception., Details: Site container: iot-maja-asia terminated during site startup. Cancelling site startup., DetailsLevel: ERR
2026-06-02T18:28:41.3112755+00:00 ContainerStatus: Site: iot-maja-asia stopped.
========== New Cold Start Attempt (2026-06-02T18:28:41.3200822+00:00) ==========
2026-06-02T18:28:41.3200822+00:00 ContainerStatus: State: Stopping, Action: UnmountingVolumes, LastError: UnexpectedContainerExit, LastErrorTimestamp: 06/02/2026 18:28:41, LastErrorDetails: Pull image: iotcdv2026.azurecr.io/iot-app:v1 failed with unexpected exception., Details: Site container: iot-maja-asia terminated during site startup. Cancelling site startup., DetailsLevel: ERR
2026-06-02T18:28:41.3652802+00:00 ContainerStatus: State: Stopping, Action: StoppingSiteNetworks, LastError: UnexpectedContainerExit, LastErrorTimestamp: 06/02/2026 18:28:41, LastErrorDetails: Pull image: iotcdv2026.azurecr.io/iot-app:v1 failed with unexpected exception., Details: Site container: iot-maja-asia terminated during site startup. Cancelling site startup., DetailsLevel: ERR
2026-06-02T18:28:41.5531360+00:00 ContainerStatus: Site: iot-maja-asia will be blocked for 1 minutes till 06/02/2026 18:29:41
2026-06-02T18:28:41.5533784+00:00 ContainerStatus: State: Blocked, Action: StoppingSiteNetworks, LastError: UnexpectedContainerExit, LastErrorTimestamp: 06/02/2026 18:28:41, LastErrorDetails: Pull image: iotcdv2026.azurecr.io/iot-app:v1 failed with unexpected exception., Details: Site: iot-maja-asia will be blocked for 1 minutes till 06/02/2026 18:29:41, DetailsLevel: WARN
2026-06-02T18:28:41.5537733+00:00 ContainerStatus: State: Stopped, Action: None, LastError: UnexpectedContainerExit, LastErrorTimestamp: 06/02/2026 18:28:41, LastErrorDetails: Pull image: iotcdv2026.azurecr.io/iot-app:v1 failed with unexpected exception., Details: Site stopped at 06/02/2026 18:28:41 (UTC), DetailsLevel: WARN
2026-06-02T18:28:41.6716297+00:00 ContainerStatus: State: Stopped, Action: None, LastError: UnexpectedContainerExit, LastErrorTimestamp: 06/02/2026 18:28:41, LastErrorDetails: Pull image: iotcdv2026.azurecr.io/iot-app:v1 failed with unexpected exception., Details: Site stopped at 06/02/2026 18:28:41 (UTC), DetailsLevel: WARN
2026-06-02T18:28:43.4275058+00:00 ContainerStatus: State: Blocked, Action: None, LastError: UnexpectedContainerExit, LastErrorTimestamp: 06/02/2026 18:28:41, LastErrorDetails: Pull image: iotcdv2026.azurecr.io/iot-app:v1 failed with unexpected exception., Details: Site is blocked due to multiple, consecutive cold start failures. Site scheduled to be unblocked at 06/02/2026 18:29:41, DetailsLevel: WARN
2026-06-02T18:28:43.4275369+00:00 ContainerStatus: Start site prohibitted because the site is being blocked.
2026-06-02T18:28:46.7207095+00:00 ContainerStatus: State: Blocked, Action: None, LastError: UnexpectedContainerExit, LastErrorTimestamp: 06/02/2026 18:28:41, LastErrorDetails: Pull image: iotcdv2026.azurecr.io/iot-app:v1 failed with unexpected exception., Details: Site is blocked due to multiple, consecutive cold start failures. Site scheduled to be unblocked at 06/02/2026 18:29:41, DetailsLevel: WARN
2026-06-02T18:28:46.7207309+00:00 ContainerStatus: Start site prohibitted because the site is being blocked.
2026-06-02T18:28:56.7917702+00:00 ContainerStatus: State: Blocked, Action: None, LastError: UnexpectedContainerExit, LastErrorTimestamp: 06/02/2026 18:28:41, LastErrorDetails: Pull image: iotcdv2026.azurecr.io/iot-app:v1 failed with unexpected exception., Details: Site is blocked due to multiple, consecutive cold start failures. Site scheduled to be unblocked at 06/02/2026 18:29:41, DetailsLevel: WARN
2026-06-02T18:28:56.7917899+00:00 ContainerStatus: Start site prohibitted because the site is being blocked.
2026-06-02T18:29:01.8509601+00:00 ContainerStatus: State: Blocked, Action: None, LastError: UnexpectedContainerExit, LastErrorTimestamp: 06/02/2026 18:28:41, LastErrorDetails: Pull image: iotcdv2026.azurecr.io/iot-app:v1 failed with unexpected exception., Details: Site is blocked due to multiple, consecutive cold start failures. Site scheduled to be unblocked at 06/02/2026 18:29:41, DetailsLevel: WARN
2026-06-02T18:29:01.8510203+00:00 ContainerStatus: Start site prohibitted because the site is being blocked.
2026-06-02T18:29:07.6174567+00:00 ContainerStatus: State: Blocked, Action: None, LastError: UnexpectedContainerExit, LastErrorTimestamp: 06/02/2026 18:28:41, LastErrorDetails: Pull image: iotcdv2026.azurecr.io/iot-app:v1 failed with unexpected exception., Details: Site is blocked due to multiple, consecutive cold start failures. Site scheduled to be unblocked at 06/02/2026 18:29:41, DetailsLevel: WARN
2026-06-02T18:29:07.6174795+00:00 ContainerStatus: Start site prohibitted because the site is being blocked.
2026-06-02T18:29:12.6799487+00:00 ContainerStatus: State: Blocked, Action: None, LastError: UnexpectedContainerExit, LastErrorTimestamp: 06/02/2026 18:28:41, LastErrorDetails: Pull image: iotcdv2026.azurecr.io/iot-app:v1 failed with unexpected exception., Details: Site is blocked due to multiple, consecutive cold start failures. Site scheduled to be unblocked at 06/02/2026 18:29:41, DetailsLevel: WARN
2026-06-02T18:29:12.6799704+00:00 ContainerStatus: Start site prohibitted because the site is being blocked.
2026-06-02T18:29:17.7331971+00:00 ContainerStatus: State: Blocked, Action: None, LastError: UnexpectedContainerExit, LastErrorTimestamp: 06/02/2026 18:28:41, LastErrorDetails: Pull image: iotcdv2026.azurecr.io/iot-app:v1 failed with unexpected exception., Details: Site is blocked due to multiple, consecutive cold start failures. Site scheduled to be unblocked at 06/02/2026 18:29:41, DetailsLevel: WARN
2026-06-02T18:29:17.7332263+00:00 ContainerStatus: Start site prohibitted because the site is being blocked.
2026-06-02T18:29:22.8145061+00:00 ContainerStatus: State: Blocked, Action: None, LastError: UnexpectedContainerExit, LastErrorTimestamp: 06/02/2026 18:28:41, LastErrorDetails: Pull image: iotcdv2026.azurecr.io/iot-app:v1 failed with unexpected exception., Details: Site is blocked due to multiple, consecutive cold start failures. Site scheduled to be unblocked at 06/02/2026 18:29:41, DetailsLevel: WARN
2026-06-02T18:29:22.8145362+00:00 ContainerStatus: Start site prohibitted because the site is being blocked.
2026-06-02T18:29:28.4642561+00:00 ContainerStatus: State: Blocked, Action: None, LastError: UnexpectedContainerExit, LastErrorTimestamp: 06/02/2026 18:28:41, LastErrorDetails: Pull image: iotcdv2026.azurecr.io/iot-app:v1 failed with unexpected exception., Details: Site is blocked due to multiple, consecutive cold start failures. Site scheduled to be unblocked at 06/02/2026 18:29:41, DetailsLevel: WARN
2026-06-02T18:29:28.4642779+00:00 ContainerStatus: Start site prohibitted because the site is being blocked.
2026-06-02T18:29:33.5386429+00:00 ContainerStatus: State: Blocked, Action: None, LastError: UnexpectedContainerExit, LastErrorTimestamp: 06/02/2026 18:28:41, LastErrorDetails: Pull image: iotcdv2026.azurecr.io/iot-app:v1 failed with unexpected exception., Details: Site is blocked due to multiple, consecutive cold start failures. Site scheduled to be unblocked at 06/02/2026 18:29:41, DetailsLevel: WARN
2026-06-02T18:29:33.5386641+00:00 ContainerStatus: Start site prohibitted because the site is being blocked.
2026-06-02T18:29:38.6106868+00:00 ContainerStatus: State: Blocked, Action: None, LastError: UnexpectedContainerExit, LastErrorTimestamp: 06/02/2026 18:28:41, LastErrorDetails: Pull image: iotcdv2026.azurecr.io/iot-app:v1 failed with unexpected exception., Details: Site is blocked due to multiple, consecutive cold start failures. Site scheduled to be unblocked at 06/02/2026 18:29:41, DetailsLevel: WARN
2026-06-02T18:29:38.6107073+00:00 ContainerStatus: Start site prohibitted because the site is being blocked.
2026-06-02T18:29:41.5560423+00:00 ContainerStatus: Site: iot-maja-asia is unblocked.
2026-06-02T18:29:43.6553812+00:00 ContainerStatus: State: Starting, Action: EstablishingSiteNetworks, LastError: UnexpectedContainerExit, LastErrorTimestamp: 06/02/2026 18:28:41, LastErrorDetails: Pull image: iotcdv2026.azurecr.io/iot-app:v1 failed with unexpected exception., Details: Site is blocked due to multiple, consecutive cold start failures. Site scheduled to be unblocked at 06/02/2026 18:29:41, DetailsLevel: WARN
2026-06-02T18:29:44.0825411+00:00 ContainerStatus: State: Starting, Action: StartingSiteContainers, LastError: UnexpectedContainerExit, LastErrorTimestamp: 06/02/2026 18:28:41, LastErrorDetails: Pull image: iotcdv2026.azurecr.io/iot-app:v1 failed with unexpected exception., Details: Site is blocked due to multiple, consecutive cold start failures. Site scheduled to be unblocked at 06/02/2026 18:29:41, DetailsLevel: WARN
2026-06-02T18:29:44.0826904+00:00 ContainerStatus: Container start method called.
2026-06-02T18:29:44.0827617+00:00 ContainerStatus: State: Starting, Action: PullingImage, LastError: UnexpectedContainerExit, LastErrorTimestamp: 06/02/2026 18:28:41, LastErrorDetails: Pull image: iotcdv2026.azurecr.io/iot-app:v1 failed with unexpected exception., Details: Pulling image iotcdv2026.azurecr.io/iot-app:v1 for iot-maja-asia., DetailsLevel: INFO
2026-06-02T18:29:44.0828730+00:00 ContainerStatus: Establishing network.
2026-06-02T18:29:44.0885972+00:00 ContainerStatus: Pulling image: iotcdv2026.azurecr.io/iot-app:v1.
2026-06-02T18:29:44.8707447+00:00 ContainerStatus: Container pull image failed with reason: ImagePullFailure. Revert by terminate.
2026-06-02T18:29:44.8715557+00:00 ContainerStatus: Container is terminating. Grace period: 5 seconds.
2026-06-02T18:29:44.8718656+00:00 ContainerStatus: Container spec TerminationMessagePolicy  path 
2026-06-02T18:29:44.8723869+00:00 ContainerStatus: Container is terminated. Total time elapsed: 0 ms.
2026-06-02T18:29:44.8729481+00:00 ContainerStatus: Site container: iot-maja-asia terminated during site startup.
2026-06-02T18:29:44.8731024+00:00 ContainerStatus: State: Stopping, Action: CancellingStartup, LastError: UnexpectedContainerExit, LastErrorTimestamp: 06/02/2026 18:28:41, LastErrorDetails: Pull image: iotcdv2026.azurecr.io/iot-app:v1 failed with unexpected exception., Details: Site container: iot-maja-asia terminated during site startup. Cancelling site startup., DetailsLevel: ERR
2026-06-02T18:29:44.8748678+00:00 ContainerStatus: State: Stopping, Action: CancellingStartup, LastError: UnexpectedContainerExit, LastErrorTimestamp: 06/02/2026 18:29:44, LastErrorDetails: Pull image: iotcdv2026.azurecr.io/iot-app:v1 failed with unexpected exception., Details: Site container: iot-maja-asia terminated during site startup. Cancelling site startup., DetailsLevel: ERR
2026-06-02T18:29:44.8888339+00:00 ContainerStatus: Failed to start site. Revert by stopping site.
2026-06-02T18:29:44.8892702+00:00 ContainerStatus: State: Stopping, Action: StoppingSite, LastError: UnexpectedContainerExit, LastErrorTimestamp: 06/02/2026 18:29:44, LastErrorDetails: Pull image: iotcdv2026.azurecr.io/iot-app:v1 failed with unexpected exception., Details: Site container: iot-maja-asia terminated during site startup. Cancelling site startup., DetailsLevel: ERR
2026-06-02T18:29:44.8894793+00:00 ContainerStatus: State: Stopping, Action: StoppingSiteContainers, LastError: UnexpectedContainerExit, LastErrorTimestamp: 06/02/2026 18:29:44, LastErrorDetails: Pull image: iotcdv2026.azurecr.io/iot-app:v1 failed with unexpected exception., Details: Site container: iot-maja-asia terminated during site startup. Cancelling site startup., DetailsLevel: ERR
2026-06-02T18:29:44.8894939+00:00 ContainerStatus: Site: iot-maja-asia stopped.
========== New Cold Start Attempt (2026-06-02T18:29:44.9133057+00:00) ==========
2026-06-02T18:29:44.9133057+00:00 ContainerStatus: State: Stopping, Action: UnmountingVolumes, LastError: UnexpectedContainerExit, LastErrorTimestamp: 06/02/2026 18:29:44, LastErrorDetails: Pull image: iotcdv2026.azurecr.io/iot-app:v1 failed with unexpected exception., Details: Site container: iot-maja-asia terminated during site startup. Cancelling site startup., DetailsLevel: ERR
2026-06-02T18:29:44.9585290+00:00 ContainerStatus: State: Stopping, Action: StoppingSiteNetworks, LastError: UnexpectedContainerExit, LastErrorTimestamp: 06/02/2026 18:29:44, LastErrorDetails: Pull image: iotcdv2026.azurecr.io/iot-app:v1 failed with unexpected exception., Details: Site container: iot-maja-asia terminated during site startup. Cancelling site startup., DetailsLevel: ERR
2026-06-02T18:29:45.0251730+00:00 ContainerStatus: Site: iot-maja-asia will be blocked for 1 minutes till 06/02/2026 18:30:45
2026-06-02T18:29:45.0260149+00:00 ContainerStatus: State: Blocked, Action: StoppingSiteNetworks, LastError: UnexpectedContainerExit, LastErrorTimestamp: 06/02/2026 18:29:44, LastErrorDetails: Pull image: iotcdv2026.azurecr.io/iot-app:v1 failed with unexpected exception., Details: Site: iot-maja-asia will be blocked for 1 minutes till 06/02/2026 18:30:45, DetailsLevel: WARN
2026-06-02T18:29:45.0266162+00:00 ContainerStatus: State: Stopped, Action: None, LastError: UnexpectedContainerExit, LastErrorTimestamp: 06/02/2026 18:29:44, LastErrorDetails: Pull image: iotcdv2026.azurecr.io/iot-app:v1 failed with unexpected exception., Details: Site stopped at 06/02/2026 18:29:45 (UTC), DetailsLevel: WARN
2026-06-02T18:29:45.2698245+00:00 ContainerStatus: State: Stopped, Action: None, LastError: UnexpectedContainerExit, LastErrorTimestamp: 06/02/2026 18:29:44, LastErrorDetails: Pull image: iotcdv2026.azurecr.io/iot-app:v1 failed with unexpected exception., Details: Site stopped at 06/02/2026 18:29:45 (UTC), DetailsLevel: WARN
2026-06-02T18:29:50.4059113+00:00 ContainerStatus: State: Blocked, Action: None, LastError: UnexpectedContainerExit, LastErrorTimestamp: 06/02/2026 18:29:44, LastErrorDetails: Pull image: iotcdv2026.azurecr.io/iot-app:v1 failed with unexpected exception., Details: Site is blocked due to multiple, consecutive cold start failures. Site scheduled to be unblocked at 06/02/2026 18:30:45, DetailsLevel: WARN
2026-06-02T18:29:50.4059316+00:00 ContainerStatus: Start site prohibitted because the site is being blocked.
2026-06-02T18:29:55.4438782+00:00 ContainerStatus: State: Blocked, Action: None, LastError: UnexpectedContainerExit, LastErrorTimestamp: 06/02/2026 18:29:44, LastErrorDetails: Pull image: iotcdv2026.azurecr.io/iot-app:v1 failed with unexpected exception., Details: Site is blocked due to multiple, consecutive cold start failures. Site scheduled to be unblocked at 06/02/2026 18:30:45, DetailsLevel: WARN
2026-06-02T18:29:55.4438996+00:00 ContainerStatus: Start site prohibitted because the site is being blocked.
2026-06-02T18:30:00.5191718+00:00 ContainerStatus: State: Blocked, Action: None, LastError: UnexpectedContainerExit, LastErrorTimestamp: 06/02/2026 18:29:44, LastErrorDetails: Pull image: iotcdv2026.azurecr.io/iot-app:v1 failed with unexpected exception., Details: Site is blocked due to multiple, consecutive cold start failures. Site scheduled to be unblocked at 06/02/2026 18:30:45, DetailsLevel: WARN
2026-06-02T18:30:00.5191967+00:00 ContainerStatus: Start site prohibitted because the site is being blocked.
2026-06-02T18:30:05.5606375+00:00 ContainerStatus: State: Blocked, Action: None, LastError: UnexpectedContainerExit, LastErrorTimestamp: 06/02/2026 18:29:44, LastErrorDetails: Pull image: iotcdv2026.azurecr.io/iot-app:v1 failed with unexpected exception., Details: Site is blocked due to multiple, consecutive cold start failures. Site scheduled to be unblocked at 06/02/2026 18:30:45, DetailsLevel: WARN
2026-06-02T18:30:05.5606583+00:00 ContainerStatus: Start site prohibitted because the site is being blocked.
2026-06-02T18:30:10.6103655+00:00 ContainerStatus: State: Blocked, Action: None, LastError: UnexpectedContainerExit, LastErrorTimestamp: 06/02/2026 18:29:44, LastErrorDetails: Pull image: iotcdv2026.azurecr.io/iot-app:v1 failed with unexpected exception., Details: Site is blocked due to multiple, consecutive cold start failures. Site scheduled to be unblocked at 06/02/2026 18:30:45, DetailsLevel: WARN
2026-06-02T18:30:10.6103851+00:00 ContainerStatus: Start site prohibitted because the site is being blocked.
2026-06-02T18:30:15.6424632+00:00 ContainerStatus: State: Blocked, Action: None, LastError: UnexpectedContainerExit, LastErrorTimestamp: 06/02/2026 18:29:44, LastErrorDetails: Pull image: iotcdv2026.azurecr.io/iot-app:v1 failed with unexpected exception., Details: Site is blocked due to multiple, consecutive cold start failures. Site scheduled to be unblocked at 06/02/2026 18:30:45, DetailsLevel: WARN
2026-06-02T18:30:15.6424854+00:00 ContainerStatus: Start site prohibitted because the site is being blocked.
2026-06-02T18:30:20.6782968+00:00 ContainerStatus: State: Blocked, Action: None, LastError: UnexpectedContainerExit, LastErrorTimestamp: 06/02/2026 18:29:44, LastErrorDetails: Pull image: iotcdv2026.azurecr.io/iot-app:v1 failed with unexpected exception., Details: Site is blocked due to multiple, consecutive cold start failures. Site scheduled to be unblocked at 06/02/2026 18:30:45, DetailsLevel: WARN
2026-06-02T18:30:20.6783189+00:00 ContainerStatus: Start site prohibitted because the site is being blocked.
2026-06-02T18:30:25.7306039+00:00 ContainerStatus: State: Blocked, Action: None, LastError: UnexpectedContainerExit, LastErrorTimestamp: 06/02/2026 18:29:44, LastErrorDetails: Pull image: iotcdv2026.azurecr.io/iot-app:v1 failed with unexpected exception., Details: Site is blocked due to multiple, consecutive cold start failures. Site scheduled to be unblocked at 06/02/2026 18:30:45, DetailsLevel: WARN
2026-06-02T18:30:25.7306251+00:00 ContainerStatus: Start site prohibitted because the site is being blocked.
2026-06-02T18:30:30.7749716+00:00 ContainerStatus: State: Blocked, Action: None, LastError: UnexpectedContainerExit, LastErrorTimestamp: 06/02/2026 18:29:44, LastErrorDetails: Pull image: iotcdv2026.azurecr.io/iot-app:v1 failed with unexpected exception., Details: Site is blocked due to multiple, consecutive cold start failures. Site scheduled to be unblocked at 06/02/2026 18:30:45, DetailsLevel: WARN
2026-06-02T18:30:30.7750020+00:00 ContainerStatus: Start site prohibitted because the site is being blocked.
2026-06-02T18:30:35.8271013+00:00 ContainerStatus: State: Blocked, Action: None, LastError: UnexpectedContainerExit, LastErrorTimestamp: 06/02/2026 18:29:44, LastErrorDetails: Pull image: iotcdv2026.azurecr.io/iot-app:v1 failed with unexpected exception., Details: Site is blocked due to multiple, consecutive cold start failures. Site scheduled to be unblocked at 06/02/2026 18:30:45, DetailsLevel: WARN
2026-06-02T18:30:35.8271235+00:00 ContainerStatus: Start site prohibitted because the site is being blocked.
2026-06-02T18:30:40.8816136+00:00 ContainerStatus: State: Blocked, Action: None, LastError: UnexpectedContainerExit, LastErrorTimestamp: 06/02/2026 18:29:44, LastErrorDetails: Pull image: iotcdv2026.azurecr.io/iot-app:v1 failed with unexpected exception., Details: Site is blocked due to multiple, consecutive cold start failures. Site scheduled to be unblocked at 06/02/2026 18:30:45, DetailsLevel: WARN
2026-06-02T18:30:40.8816349+00:00 ContainerStatus: Start site prohibitted because the site is being blocked.
2026-06-02T18:30:45.0247492+00:00 ContainerStatus: Site: iot-maja-asia is unblocked.
2026-06-02T18:30:45.9549683+00:00 ContainerStatus: State: Starting, Action: EstablishingSiteNetworks, LastError: UnexpectedContainerExit, LastErrorTimestamp: 06/02/2026 18:29:44, LastErrorDetails: Pull image: iotcdv2026.azurecr.io/iot-app:v1 failed with unexpected exception., Details: Site is blocked due to multiple, consecutive cold start failures. Site scheduled to be unblocked at 06/02/2026 18:30:45, DetailsLevel: WARN
2026-06-02T18:30:46.2003943+00:00 ContainerStatus: State: Starting, Action: StartingSiteContainers, LastError: UnexpectedContainerExit, LastErrorTimestamp: 06/02/2026 18:29:44, LastErrorDetails: Pull image: iotcdv2026.azurecr.io/iot-app:v1 failed with unexpected exception., Details: Site is blocked due to multiple, consecutive cold start failures. Site scheduled to be unblocked at 06/02/2026 18:30:45, DetailsLevel: WARN
2026-06-02T18:30:46.2005331+00:00 ContainerStatus: Container start method called.
2026-06-02T18:30:46.2005669+00:00 ContainerStatus: State: Starting, Action: PullingImage, LastError: UnexpectedContainerExit, LastErrorTimestamp: 06/02/2026 18:29:44, LastErrorDetails: Pull image: iotcdv2026.azurecr.io/iot-app:v1 failed with unexpected exception., Details: Pulling image iotcdv2026.azurecr.io/iot-app:v1 for iot-maja-asia., DetailsLevel: INFO
2026-06-02T18:30:46.2006559+00:00 ContainerStatus: Establishing network.
2026-06-02T18:30:46.2007649+00:00 ContainerStatus: Pulling image: iotcdv2026.azurecr.io/iot-app:v1.
2026-06-02T18:30:46.3911384+00:00 ContainerStatus: Container pull image failed with reason: ImagePullFailure. Revert by terminate.
2026-06-02T18:30:46.3914635+00:00 ContainerStatus: Container is terminating. Grace period: 5 seconds.
2026-06-02T18:30:46.3916116+00:00 ContainerStatus: Container spec TerminationMessagePolicy  path 
2026-06-02T18:30:46.3919540+00:00 ContainerStatus: Container is terminated. Total time elapsed: 0 ms.
2026-06-02T18:30:46.3920825+00:00 ContainerStatus: Site container: iot-maja-asia terminated during site startup.
2026-06-02T18:30:46.3921616+00:00 ContainerStatus: State: Stopping, Action: CancellingStartup, LastError: UnexpectedContainerExit, LastErrorTimestamp: 06/02/2026 18:29:44, LastErrorDetails: Pull image: iotcdv2026.azurecr.io/iot-app:v1 failed with unexpected exception., Details: Site container: iot-maja-asia terminated during site startup. Cancelling site startup., DetailsLevel: ERR
2026-06-02T18:30:46.3930488+00:00 ContainerStatus: State: Stopping, Action: CancellingStartup, LastError: UnexpectedContainerExit, LastErrorTimestamp: 06/02/2026 18:30:46, LastErrorDetails: Pull image: iotcdv2026.azurecr.io/iot-app:v1 failed with unexpected exception., Details: Site container: iot-maja-asia terminated during site startup. Cancelling site startup., DetailsLevel: ERR
2026-06-02T18:30:46.3991350+00:00 ContainerStatus: Failed to start site. Revert by stopping site.
2026-06-02T18:30:46.3993086+00:00 ContainerStatus: State: Stopping, Action: StoppingSite, LastError: UnexpectedContainerExit, LastErrorTimestamp: 06/02/2026 18:30:46, LastErrorDetails: Pull image: iotcdv2026.azurecr.io/iot-app:v1 failed with unexpected exception., Details: Site container: iot-maja-asia terminated during site startup. Cancelling site startup., DetailsLevel: ERR
2026-06-02T18:30:46.3999816+00:00 ContainerStatus: State: Stopping, Action: StoppingSiteContainers, LastError: UnexpectedContainerExit, LastErrorTimestamp: 06/02/2026 18:30:46, LastErrorDetails: Pull image: iotcdv2026.azurecr.io/iot-app:v1 failed with unexpected exception., Details: Site container: iot-maja-asia terminated during site startup. Cancelling site startup., DetailsLevel: ERR
2026-06-02T18:30:46.3999968+00:00 ContainerStatus: Site: iot-maja-asia stopped.
