2026-06-03T00:40:46.9617456+00:00 ContainerStatus: State: Starting, Action: EstablishingSiteNetworks, LastError: , LastErrorTimestamp: 01/01/0001 00:00:00, LastErrorDetails: , Details: , DetailsLevel: INFO
2026-06-03T00:40:51.4776913+00:00 ContainerStatus: State: Starting, Action: StartingMsiContainer, LastError: , LastErrorTimestamp: 01/01/0001 00:00:00, LastErrorDetails: , Details: , DetailsLevel: INFO
2026-06-03T00:41:12.7160859+00:00 ContainerStatus: State: Starting, Action: StartingSiteContainers, LastError: , LastErrorTimestamp: 01/01/0001 00:00:00, LastErrorDetails: , Details: , DetailsLevel: INFO
2026-06-03T00:41:12.7170636+00:00 ContainerStatus: Container start method called.
2026-06-03T00:41:12.7172788+00:00 ContainerStatus: State: Starting, Action: PullingImage, LastError: , LastErrorTimestamp: 01/01/0001 00:00:00, LastErrorDetails: , Details: Pulling image iotcdv2026.azurecr.io/iot-app:v1 for iot-maja-asia_main., DetailsLevel: INFO
2026-06-03T00:41:12.7174747+00:00 ContainerStatus: Establishing network.
2026-06-03T00:41:12.7258876+00:00 ContainerStatus: Pulling image: iotcdv2026.azurecr.io/iot-app:v1.
2026-06-03T00:41:15.8981680+00:00 ContainerStatus: Container is starting.
2026-06-03T00:41:15.8986439+00:00 ContainerStatus: State: Starting, Action: MountingVolumes, LastError: , LastErrorTimestamp: 01/01/0001 00:00:00, LastErrorDetails: , Details: Mounting volumes for iot-maja-asia_main., DetailsLevel: INFO
2026-06-03T00:41:15.9161311+00:00 ContainerStatus: Establishing user namespace if not established already.
2026-06-03T00:41:15.9167799+00:00 ContainerStatus: Establishing network if not established already.
2026-06-03T00:41:15.9182184+00:00 ContainerStatus: Mounting volumes.
2026-06-03T00:41:15.9873094+00:00 ContainerStatus: Nested mountpoint volatile/logs
2026-06-03T00:41:16.0687222+00:00 ContainerStatus: Nested mountpoint 
2026-06-03T00:41:16.1395636+00:00 ContainerStatus: Nested mountpoint 
2026-06-03T00:41:16.4616226+00:00 ContainerStatus: State: Starting, Action: CreatingContainer, LastError: , LastErrorTimestamp: 01/01/0001 00:00:00, LastErrorDetails: , Details: Finished pulling container image and mounting volumes for iot-maja-asia_main. Allocatinng the rest of the container resources to finish container creation., DetailsLevel: INFO
2026-06-03T00:41:16.4618075+00:00 ContainerStatus: Creating container.
2026-06-03T00:41:16.4619083+00:00 ContainerStatus: Creating pipes for streaming container io.
2026-06-03T00:41:16.6196234+00:00 ContainerStatus: Creating stdout named pipe at /podr/container/pipe/a6decb619d7e_iot-maja-asia_main/stdout_68fd765e6d6c484aa195de2e96b4380b.
2026-06-03T00:41:16.6401291+00:00 ContainerStatus: Successfully created stdout named pipe at: /podr/container/pipe/a6decb619d7e_iot-maja-asia_main/stdout_68fd765e6d6c484aa195de2e96b4380b.
2026-06-03T00:41:16.6411302+00:00 ContainerStatus: Opening named pipe /podr/container/pipe/a6decb619d7e_iot-maja-asia_main/stdout_68fd765e6d6c484aa195de2e96b4380b for reading in non-blocking mode.
2026-06-03T00:41:16.6413559+00:00 ContainerStatus: Successfully opened named pipe: /podr/container/pipe/a6decb619d7e_iot-maja-asia_main/stdout_68fd765e6d6c484aa195de2e96b4380b.
2026-06-03T00:41:16.6417642+00:00 ContainerStatus: Successfully removed non-blocking flag from /podr/container/pipe/a6decb619d7e_iot-maja-asia_main/stdout_68fd765e6d6c484aa195de2e96b4380b.
2026-06-03T00:41:16.6419165+00:00 ContainerStatus: Creating stderr named pipe at /podr/container/pipe/a6decb619d7e_iot-maja-asia_main/stderr_c501c5caf8044e88a5e927feceba34f4.
2026-06-03T00:41:16.6420908+00:00 ContainerStatus: Successfully created stderr named pipe at: /podr/container/pipe/a6decb619d7e_iot-maja-asia_main/stderr_c501c5caf8044e88a5e927feceba34f4.
2026-06-03T00:41:16.6421618+00:00 ContainerStatus: Opening named pipe /podr/container/pipe/a6decb619d7e_iot-maja-asia_main/stderr_c501c5caf8044e88a5e927feceba34f4 for reading in non-blocking mode.
2026-06-03T00:41:16.6422574+00:00 ContainerStatus: Successfully opened named pipe: /podr/container/pipe/a6decb619d7e_iot-maja-asia_main/stderr_c501c5caf8044e88a5e927feceba34f4.
2026-06-03T00:41:16.6506922+00:00 ContainerStatus: Successfully removed non-blocking flag from /podr/container/pipe/a6decb619d7e_iot-maja-asia_main/stderr_c501c5caf8044e88a5e927feceba34f4.
2026-06-03T00:41:16.6509411+00:00 ContainerStatus: Creating container with image: iotcdv2026.azurecr.io/iot-app:v1 from registry: iotcdv2026.azurecr.io and fully qualified image name: iotcdv2026.azurecr.io/iot-app:v1
2026-06-03T00:41:17.9090190+00:00 ContainerStatus: Starting container: a6decb619d7e_iot-maja-asia_main.
2026-06-03T00:41:18.1088662+00:00 ContainerStatus: Starting watchers and probes.
2026-06-03T00:41:18.1093241+00:00 ContainerStatus: Starting metrics collection.
2026-06-03T00:41:18.1108146+00:00 ContainerStatus: Container is running.
2026-06-03T00:41:18.1194728+00:00 ContainerStatus: State: Starting, Action: CreatingContainer, LastError: , LastErrorTimestamp: 01/01/0001 00:00:00, LastErrorDetails: , Details: Container iot-maja-asia_main successfully created and is running., DetailsLevel: INFO
2026-06-03T00:41:18.6022361+00:00 ContainerStatus: Container start method finished after 5825 ms.
2026-06-03T00:41:19.4078311+00:00 ContainerStatus: State: Starting, Action: InitiatingSiteWarmUpProbe, LastError: , LastErrorTimestamp: 01/01/0001 00:00:00, LastErrorDetails: , Details: Container iot-maja-asia_main successfully created and is running., DetailsLevel: INFO
2026-06-03T00:41:19.4085627+00:00 ContainerStatus: State: Starting, Action: WaitingForSiteWarmUpProbeSuccess, LastError: , LastErrorTimestamp: 01/01/0001 00:00:00, LastErrorDetails: , Details: Pinging warmup path to ensure container is ready to receive requests., DetailsLevel: INFO
2026-06-03T00:41:19.9228261+00:00 ContainerStream: [2026-06-03 00:41:19 +0000] [1] [INFO] Starting gunicorn 26.0.0
2026-06-03T00:41:19.9432030+00:00 ContainerStream: [2026-06-03 00:41:19 +0000] [1] [INFO] Listening at: http://0.0.0.0:80 (1)
2026-06-03T00:41:19.9432385+00:00 ContainerStream: [2026-06-03 00:41:19 +0000] [1] [INFO] Using worker: sync
2026-06-03T00:41:19.9432761+00:00 ContainerStream: [2026-06-03 00:41:19 +0000] [7] [INFO] Booting worker with pid: 7
2026-06-03T00:41:21.8054538+00:00 ContainerStream: [2026-06-03 00:41:21 +0000] [1] [INFO] Control socket listening at /root/.gunicorn/gunicorn.ctl
2026-06-03T00:41:22.3076007+00:00 ContainerStatus: Site startup probe succeeded after 2.8599122 seconds.
2026-06-03T00:41:22.7398234+00:00 ContainerStatus: State: Starting, Action: WarmUpProbeSucceeded, LastError: , LastErrorTimestamp: 01/01/0001 00:00:00, LastErrorDetails: , Details: Site startup probe succeeded after 2.8599122 seconds., DetailsLevel: INFO
2026-06-03T00:41:23.9364773+00:00 ContainerStatus: Site started.
2026-06-03T00:41:23.9377533+00:00 ContainerStatus: State: Started, Action: None, LastError: , LastErrorTimestamp: 01/01/0001 00:00:00, LastErrorDetails: , Details: Site started at 06/03/2026 00:41:23 (UTC), DetailsLevel: INFO
========== New Cold Start Attempt (2026-06-03T00:41:44.1812956+00:00) ==========
2026-06-03T00:41:44.1812956+00:00 ContainerStatus: State: Stopping, Action: StoppingSite, LastError: UnexpectedContainerExit, LastErrorTimestamp: 06/02/2026 19:31:42, LastErrorDetails: Pull image: iotcdv2026.azurecr.io/iot-app:v1 failed with unexpected exception., Details: Site started at 06/02/2026 21:13:29 (UTC), DetailsLevel: INFO
2026-06-03T00:41:44.1902487+00:00 ContainerStatus: State: Stopping, Action: StoppingSiteContainers, LastError: UnexpectedContainerExit, LastErrorTimestamp: 06/02/2026 19:31:42, LastErrorDetails: Pull image: iotcdv2026.azurecr.io/iot-app:v1 failed with unexpected exception., Details: Site started at 06/02/2026 21:13:29 (UTC), DetailsLevel: INFO
2026-06-03T00:41:44.2075432+00:00 ContainerStatus: Container is terminating. Grace period: 5 seconds.
2026-06-03T00:41:44.2689105+00:00 ContainerStatus: Stop and delete container. Retry count = 0
2026-06-03T00:41:44.2692158+00:00 ContainerStatus: Stopping container: c216ed1d138e_iot-maja-asia.
2026-06-03T00:41:44.3917451+00:00 ContainerStream: [Previous Container] [2026-06-03 00:41:44 +0000] [1] [INFO] Handling signal: term
2026-06-03T00:41:44.4595440+00:00 ContainerStream: [Previous Container] [2026-06-03 00:41:44 +0000] [7] [INFO] Worker exiting (pid: 7)
2026-06-03T00:41:44.4639172+00:00 ContainerStream: [Previous Container] Nowa wiadomość od Maja (ggyh@iii): Bbbb
2026-06-03T00:41:45.5024427+00:00 ContainerStream: [Previous Container] [2026-06-03 00:41:45 +0000] [1] [INFO] Shutting down: Master
2026-06-03T00:41:45.8128296+00:00 ContainerStatus: Deleting container: c216ed1d138e_iot-maja-asia. Retry count = 0
2026-06-03T00:41:46.1071845+00:00 ContainerStatus: Container spec TerminationMessagePolicy  path 
2026-06-03T00:41:46.1091045+00:00 ContainerStatus: Container is terminated. Total time elapsed: 1901 ms.
2026-06-03T00:41:46.5888133+00:00 ContainerStatus: Site: iot-maja-asia stopped.
2026-06-03T01:18:19.9343676+00:00 ContainerStatus: State: Starting, Action: EstablishingSiteNetworks, LastError: , LastErrorTimestamp: 01/01/0001 00:00:00, LastErrorDetails: , Details: , DetailsLevel: INFO
2026-06-03T01:18:24.3586378+00:00 ContainerStatus: State: Starting, Action: StartingMsiContainer, LastError: , LastErrorTimestamp: 01/01/0001 00:00:00, LastErrorDetails: , Details: , DetailsLevel: INFO
2026-06-03T01:18:43.7113499+00:00 ContainerStatus: State: Starting, Action: StartingSiteContainers, LastError: , LastErrorTimestamp: 01/01/0001 00:00:00, LastErrorDetails: , Details: , DetailsLevel: INFO
2026-06-03T01:18:43.7191049+00:00 ContainerStatus: Container start method called.
2026-06-03T01:18:43.7202969+00:00 ContainerStatus: State: Starting, Action: PullingImage, LastError: , LastErrorTimestamp: 01/01/0001 00:00:00, LastErrorDetails: , Details: Pulling image iotcdv2026.azurecr.io/iot-app:v1 for iot-maja-asia_main., DetailsLevel: INFO
2026-06-03T01:18:43.7217749+00:00 ContainerStatus: Establishing network.
2026-06-03T01:18:43.7313380+00:00 ContainerStatus: Pulling image: iotcdv2026.azurecr.io/iot-app:v1.
2026-06-03T01:18:54.4299770+00:00 ContainerStatus: Image iotcdv2026.azurecr.io/iot-app:v1 is pulled from registry iotcdv2026.azurecr.io
2026-06-03T01:18:54.4382994+00:00 ContainerStatus: Container is starting.
2026-06-03T01:18:54.4478728+00:00 ContainerStatus: State: Starting, Action: MountingVolumes, LastError: , LastErrorTimestamp: 01/01/0001 00:00:00, LastErrorDetails: , Details: Mounting volumes for iot-maja-asia_main., DetailsLevel: INFO
2026-06-03T01:18:54.4481151+00:00 ContainerStatus: Establishing user namespace if not established already.
2026-06-03T01:18:54.4490526+00:00 ContainerStatus: Establishing network if not established already.
2026-06-03T01:18:54.4493095+00:00 ContainerStatus: Mounting volumes.
2026-06-03T01:18:54.4502137+00:00 ContainerStatus: Nested mountpoint volatile/logs
2026-06-03T01:18:54.4900379+00:00 ContainerStatus: Nested mountpoint 
2026-06-03T01:18:54.5104265+00:00 ContainerStatus: Nested mountpoint 
2026-06-03T01:18:54.8708923+00:00 ContainerStatus: State: Starting, Action: CreatingContainer, LastError: , LastErrorTimestamp: 01/01/0001 00:00:00, LastErrorDetails: , Details: Finished pulling container image and mounting volumes for iot-maja-asia_main. Allocatinng the rest of the container resources to finish container creation., DetailsLevel: INFO
2026-06-03T01:18:54.8709931+00:00 ContainerStatus: Creating container.
2026-06-03T01:18:54.8710758+00:00 ContainerStatus: Creating pipes for streaming container io.
2026-06-03T01:18:54.8711636+00:00 ContainerStatus: Creating stdout named pipe at /podr/container/pipe/2755529785c1_iot-maja-asia_main/stdout_a5e5eec6f6d34542a10450e961fb7063.
2026-06-03T01:18:54.9827077+00:00 ContainerStatus: Successfully created stdout named pipe at: /podr/container/pipe/2755529785c1_iot-maja-asia_main/stdout_a5e5eec6f6d34542a10450e961fb7063.
2026-06-03T01:18:54.9903547+00:00 ContainerStatus: Opening named pipe /podr/container/pipe/2755529785c1_iot-maja-asia_main/stdout_a5e5eec6f6d34542a10450e961fb7063 for reading in non-blocking mode.
2026-06-03T01:18:54.9915193+00:00 ContainerStatus: Successfully opened named pipe: /podr/container/pipe/2755529785c1_iot-maja-asia_main/stdout_a5e5eec6f6d34542a10450e961fb7063.
2026-06-03T01:18:54.9917238+00:00 ContainerStatus: Successfully removed non-blocking flag from /podr/container/pipe/2755529785c1_iot-maja-asia_main/stdout_a5e5eec6f6d34542a10450e961fb7063.
2026-06-03T01:18:54.9919433+00:00 ContainerStatus: Creating stderr named pipe at /podr/container/pipe/2755529785c1_iot-maja-asia_main/stderr_b4610de2d2ca4810bdd45304f708570a.
2026-06-03T01:18:54.9921180+00:00 ContainerStatus: Successfully created stderr named pipe at: /podr/container/pipe/2755529785c1_iot-maja-asia_main/stderr_b4610de2d2ca4810bdd45304f708570a.
2026-06-03T01:18:54.9922264+00:00 ContainerStatus: Opening named pipe /podr/container/pipe/2755529785c1_iot-maja-asia_main/stderr_b4610de2d2ca4810bdd45304f708570a for reading in non-blocking mode.
2026-06-03T01:18:54.9924032+00:00 ContainerStatus: Successfully opened named pipe: /podr/container/pipe/2755529785c1_iot-maja-asia_main/stderr_b4610de2d2ca4810bdd45304f708570a.
2026-06-03T01:18:54.9925156+00:00 ContainerStatus: Successfully removed non-blocking flag from /podr/container/pipe/2755529785c1_iot-maja-asia_main/stderr_b4610de2d2ca4810bdd45304f708570a.
2026-06-03T01:18:54.9927654+00:00 ContainerStatus: Creating container with image: iotcdv2026.azurecr.io/iot-app:v1 from registry: iotcdv2026.azurecr.io and fully qualified image name: iotcdv2026.azurecr.io/iot-app:v1
2026-06-03T01:18:56.4806018+00:00 ContainerStatus: Starting container: 2755529785c1_iot-maja-asia_main.
2026-06-03T01:18:56.5911570+00:00 ContainerStatus: Starting watchers and probes.
2026-06-03T01:18:56.5917845+00:00 ContainerStatus: Starting metrics collection.
2026-06-03T01:18:56.6328623+00:00 ContainerStatus: Container is running.
2026-06-03T01:18:56.6401863+00:00 ContainerStatus: State: Starting, Action: CreatingContainer, LastError: , LastErrorTimestamp: 01/01/0001 00:00:00, LastErrorDetails: , Details: Container iot-maja-asia_main successfully created and is running., DetailsLevel: INFO
2026-06-03T01:18:56.7518371+00:00 ContainerStatus: Container start method finished after 13032 ms.
2026-06-03T01:18:56.9349852+00:00 ContainerStatus: State: Starting, Action: InitiatingSiteWarmUpProbe, LastError: , LastErrorTimestamp: 01/01/0001 00:00:00, LastErrorDetails: , Details: Container iot-maja-asia_main successfully created and is running., DetailsLevel: INFO
2026-06-03T01:18:56.9542369+00:00 ContainerStatus: State: Starting, Action: WaitingForSiteWarmUpProbeSuccess, LastError: , LastErrorTimestamp: 01/01/0001 00:00:00, LastErrorDetails: , Details: Pinging warmup path to ensure container is ready to receive requests., DetailsLevel: INFO
2026-06-03T01:18:58.3725325+00:00 ContainerStream: [2026-06-03 01:18:58 +0000] [1] [INFO] Starting gunicorn 26.0.0
2026-06-03T01:18:58.3733263+00:00 ContainerStream: [2026-06-03 01:18:58 +0000] [1] [INFO] Listening at: http://0.0.0.0:80 (1)
2026-06-03T01:18:58.3733434+00:00 ContainerStream: [2026-06-03 01:18:58 +0000] [1] [INFO] Using worker: sync
2026-06-03T01:18:58.4117904+00:00 ContainerStream: [2026-06-03 01:18:58 +0000] [6] [INFO] Booting worker with pid: 6
2026-06-03T01:18:59.9320051+00:00 ContainerStream: [2026-06-03 01:18:59 +0000] [1] [INFO] Control socket listening at /root/.gunicorn/gunicorn.ctl
2026-06-03T01:19:08.1568333+00:00 ContainerStatus: Site startup probe succeeded after 11.1921577 seconds.
2026-06-03T01:19:08.3081513+00:00 ContainerStatus: State: Starting, Action: WarmUpProbeSucceeded, LastError: , LastErrorTimestamp: 01/01/0001 00:00:00, LastErrorDetails: , Details: Site startup probe succeeded after 11.1921577 seconds., DetailsLevel: INFO
2026-06-03T01:19:08.6423093+00:00 ContainerStatus: Site started.
2026-06-03T01:19:08.6429755+00:00 ContainerStatus: State: Started, Action: None, LastError: , LastErrorTimestamp: 01/01/0001 00:00:00, LastErrorDetails: , Details: Site started at 06/03/2026 01:19:08 (UTC), DetailsLevel: INFO
========== New Cold Start Attempt (2026-06-03T01:19:28.7423053+00:00) ==========
2026-06-03T01:19:28.7423053+00:00 ContainerStatus: State: Stopping, Action: StoppingSiteContainers, LastError: UnexpectedContainerExit, LastErrorTimestamp: 06/02/2026 19:31:42, LastErrorDetails: Pull image: iotcdv2026.azurecr.io/iot-app:v1 failed with unexpected exception., Details: Site started at 06/03/2026 00:41:23 (UTC), DetailsLevel: INFO
2026-06-03T01:19:28.7424871+00:00 ContainerStatus: Container is terminating. Grace period: 5 seconds.
2026-06-03T01:19:28.7652937+00:00 ContainerStatus: Stop and delete container. Retry count = 0
2026-06-03T01:19:28.7654235+00:00 ContainerStatus: Stopping container: a6decb619d7e_iot-maja-asia_main.
2026-06-03T01:19:29.6006366+00:00 ContainerStream: [Previous Container] [2026-06-03 01:19:29 +0000] [7] [INFO] Worker exiting (pid: 7)
2026-06-03T01:19:29.6047615+00:00 ContainerStream: [Previous Container] Nowa wiadomość od Maja (kacfjjafka@gm): slcfl
2026-06-03T01:19:29.6047773+00:00 ContainerStream: [Previous Container] Nowa wiadomość od maja (tpkorep@gt): fsdefsf
2026-06-03T01:19:29.6047794+00:00 ContainerStream: [Previous Container] Nowa wiadomość od maja (lamfja@sfls): a;dfk;aedk
2026-06-03T01:19:29.6047811+00:00 ContainerStream: [Previous Container] Nowa wiadomość od majalasmla (asjcaj@alsfcja): sofa
2026-06-03T01:19:29.6047841+00:00 ContainerStream: [Previous Container] Nowa wiadomość od maja (dmfdm@lafcd): asmefled
2026-06-03T01:19:29.6047860+00:00 ContainerStream: [Previous Container] Nowa wiadomość od maja (lflsae@lsfa): dvd
2026-06-03T01:19:29.6047877+00:00 ContainerStream: [Previous Container] Nowa wiadomość od dgv (kmdfras@sjfc): lmsfla,
2026-06-03T01:19:29.6047895+00:00 ContainerStream: [Previous Container] Nowa wiadomość od maja (tpkorepetycje@gmail.com): fead
2026-06-03T01:19:29.6047938+00:00 ContainerStream: [Previous Container] Nowa wiadomość od maja (tpkorepetycje@gmail.com): fead
2026-06-03T01:19:30.0106947+00:00 ContainerStream: [Previous Container] [2026-06-03 01:19:30 +0000] [1] [INFO] Shutting down: Master
2026-06-03T01:19:30.2029053+00:00 ContainerStatus: Deleting container: a6decb619d7e_iot-maja-asia_main. Retry count = 0
2026-06-03T01:19:30.4279368+00:00 ContainerStatus: Container spec TerminationMessagePolicy  path 
2026-06-03T01:19:30.4346858+00:00 ContainerStatus: Container is terminated. Total time elapsed: 1691 ms.
2026-06-03T01:19:30.9099652+00:00 ContainerStatus: Site: iot-maja-asia stopped.
2026-06-03T01:23:29.5670620+00:00 ContainerStatus: State: Starting, Action: EstablishingSiteNetworks, LastError: , LastErrorTimestamp: 01/01/0001 00:00:00, LastErrorDetails: , Details: , DetailsLevel: INFO
2026-06-03T01:23:33.5196365+00:00 ContainerStatus: State: Starting, Action: StartingMsiContainer, LastError: , LastErrorTimestamp: 01/01/0001 00:00:00, LastErrorDetails: , Details: , DetailsLevel: INFO
2026-06-03T01:23:51.6282902+00:00 ContainerStatus: State: Starting, Action: StartingSiteContainers, LastError: , LastErrorTimestamp: 01/01/0001 00:00:00, LastErrorDetails: , Details: , DetailsLevel: INFO
2026-06-03T01:23:51.6287487+00:00 ContainerStatus: Container start method called.
2026-06-03T01:23:51.6288486+00:00 ContainerStatus: State: Starting, Action: PullingImage, LastError: , LastErrorTimestamp: 01/01/0001 00:00:00, LastErrorDetails: , Details: Pulling image iotcdv2026.azurecr.io/iot-app:v1 for iot-maja-asia_main., DetailsLevel: INFO
2026-06-03T01:23:51.6289777+00:00 ContainerStatus: Establishing network.
2026-06-03T01:23:51.6366253+00:00 ContainerStatus: Pulling image: iotcdv2026.azurecr.io/iot-app:v1.
2026-06-03T01:24:04.4535321+00:00 ContainerStatus: Image iotcdv2026.azurecr.io/iot-app:v1 is pulled from registry iotcdv2026.azurecr.io
2026-06-03T01:24:04.4829584+00:00 ContainerStatus: Container is starting.
2026-06-03T01:24:04.4913246+00:00 ContainerStatus: State: Starting, Action: MountingVolumes, LastError: , LastErrorTimestamp: 01/01/0001 00:00:00, LastErrorDetails: , Details: Mounting volumes for iot-maja-asia_main., DetailsLevel: INFO
2026-06-03T01:24:04.5009882+00:00 ContainerStatus: Establishing user namespace if not established already.
2026-06-03T01:24:04.5012459+00:00 ContainerStatus: Establishing network if not established already.
2026-06-03T01:24:04.5013982+00:00 ContainerStatus: Mounting volumes.
2026-06-03T01:24:04.5021279+00:00 ContainerStatus: Nested mountpoint volatile/logs
2026-06-03T01:24:04.5237602+00:00 ContainerStatus: Nested mountpoint 
2026-06-03T01:24:04.6830737+00:00 ContainerStatus: Nested mountpoint 
2026-06-03T01:24:05.5177993+00:00 ContainerStatus: State: Starting, Action: CreatingContainer, LastError: , LastErrorTimestamp: 01/01/0001 00:00:00, LastErrorDetails: , Details: Finished pulling container image and mounting volumes for iot-maja-asia_main. Allocatinng the rest of the container resources to finish container creation., DetailsLevel: INFO
2026-06-03T01:24:05.5185626+00:00 ContainerStatus: Creating container.
2026-06-03T01:24:05.5187790+00:00 ContainerStatus: Creating pipes for streaming container io.
2026-06-03T01:24:05.5188655+00:00 ContainerStatus: Creating stdout named pipe at /podr/container/pipe/f3f800c87ae6_iot-maja-asia_main/stdout_85b7babbcdab4c6c8a4299cd7f27469f.
2026-06-03T01:24:05.6080920+00:00 ContainerStatus: Successfully created stdout named pipe at: /podr/container/pipe/f3f800c87ae6_iot-maja-asia_main/stdout_85b7babbcdab4c6c8a4299cd7f27469f.
2026-06-03T01:24:05.6090000+00:00 ContainerStatus: Opening named pipe /podr/container/pipe/f3f800c87ae6_iot-maja-asia_main/stdout_85b7babbcdab4c6c8a4299cd7f27469f for reading in non-blocking mode.
2026-06-03T01:24:05.6183647+00:00 ContainerStatus: Successfully opened named pipe: /podr/container/pipe/f3f800c87ae6_iot-maja-asia_main/stdout_85b7babbcdab4c6c8a4299cd7f27469f.
2026-06-03T01:24:05.6185859+00:00 ContainerStatus: Successfully removed non-blocking flag from /podr/container/pipe/f3f800c87ae6_iot-maja-asia_main/stdout_85b7babbcdab4c6c8a4299cd7f27469f.
2026-06-03T01:24:05.6187902+00:00 ContainerStatus: Creating stderr named pipe at /podr/container/pipe/f3f800c87ae6_iot-maja-asia_main/stderr_fc9282f909464b8aa6b3efdde0950b13.
2026-06-03T01:24:05.6190990+00:00 ContainerStatus: Successfully created stderr named pipe at: /podr/container/pipe/f3f800c87ae6_iot-maja-asia_main/stderr_fc9282f909464b8aa6b3efdde0950b13.
2026-06-03T01:24:05.6203682+00:00 ContainerStatus: Opening named pipe /podr/container/pipe/f3f800c87ae6_iot-maja-asia_main/stderr_fc9282f909464b8aa6b3efdde0950b13 for reading in non-blocking mode.
2026-06-03T01:24:05.6596436+00:00 ContainerStatus: Successfully opened named pipe: /podr/container/pipe/f3f800c87ae6_iot-maja-asia_main/stderr_fc9282f909464b8aa6b3efdde0950b13.
2026-06-03T01:24:05.6598794+00:00 ContainerStatus: Successfully removed non-blocking flag from /podr/container/pipe/f3f800c87ae6_iot-maja-asia_main/stderr_fc9282f909464b8aa6b3efdde0950b13.
2026-06-03T01:24:05.6601939+00:00 ContainerStatus: Creating container with image: iotcdv2026.azurecr.io/iot-app:v1 from registry: iotcdv2026.azurecr.io and fully qualified image name: iotcdv2026.azurecr.io/iot-app:v1
2026-06-03T01:24:07.7099618+00:00 ContainerStatus: Starting container: f3f800c87ae6_iot-maja-asia_main.
2026-06-03T01:24:07.9518742+00:00 ContainerStatus: Starting watchers and probes.
2026-06-03T01:24:07.9832288+00:00 ContainerStatus: Starting metrics collection.
2026-06-03T01:24:07.9924862+00:00 ContainerStatus: Container is running.
2026-06-03T01:24:08.0012848+00:00 ContainerStatus: State: Starting, Action: CreatingContainer, LastError: , LastErrorTimestamp: 01/01/0001 00:00:00, LastErrorDetails: , Details: Container iot-maja-asia_main successfully created and is running., DetailsLevel: INFO
2026-06-03T01:24:08.2542519+00:00 ContainerStatus: Container start method finished after 16625 ms.
2026-06-03T01:24:08.3257434+00:00 ContainerStatus: State: Starting, Action: InitiatingSiteWarmUpProbe, LastError: , LastErrorTimestamp: 01/01/0001 00:00:00, LastErrorDetails: , Details: Container iot-maja-asia_main successfully created and is running., DetailsLevel: INFO
2026-06-03T01:24:08.3334789+00:00 ContainerStatus: State: Starting, Action: WaitingForSiteWarmUpProbeSuccess, LastError: , LastErrorTimestamp: 01/01/0001 00:00:00, LastErrorDetails: , Details: Pinging warmup path to ensure container is ready to receive requests., DetailsLevel: INFO
2026-06-03T01:24:09.8419185+00:00 ContainerStream: [2026-06-03 01:24:09 +0000] [1] [INFO] Starting gunicorn 26.0.0
2026-06-03T01:24:09.8421115+00:00 ContainerStream: [2026-06-03 01:24:09 +0000] [1] [INFO] Listening at: http://0.0.0.0:80 (1)
2026-06-03T01:24:09.8421196+00:00 ContainerStream: [2026-06-03 01:24:09 +0000] [1] [INFO] Using worker: sync
2026-06-03T01:24:09.8435126+00:00 ContainerStream: [2026-06-03 01:24:09 +0000] [7] [INFO] Booting worker with pid: 7
2026-06-03T01:24:11.6042194+00:00 ContainerStream: [2026-06-03 01:24:11 +0000] [1] [INFO] Control socket listening at /root/.gunicorn/gunicorn.ctl
2026-06-03T01:24:12.2176320+00:00 ContainerStatus: Site startup probe succeeded after 3.8633387 seconds.
2026-06-03T01:24:13.0342889+00:00 ContainerStatus: State: Starting, Action: WarmUpProbeSucceeded, LastError: , LastErrorTimestamp: 01/01/0001 00:00:00, LastErrorDetails: , Details: Site startup probe succeeded after 3.8633387 seconds., DetailsLevel: INFO
========== New Cold Start Attempt (2026-06-03T01:24:14.0981318+00:00) ==========
2026-06-03T01:24:14.0981318+00:00 ContainerStatus: Site started.
2026-06-03T01:24:14.0987334+00:00 ContainerStatus: State: Started, Action: None, LastError: , LastErrorTimestamp: 01/01/0001 00:00:00, LastErrorDetails: , Details: Site started at 06/03/2026 01:24:14 (UTC), DetailsLevel: INFO
2026-06-03T01:24:34.2897169+00:00 ContainerStatus: State: Stopping, Action: StoppingSiteContainers, LastError: UnexpectedContainerExit, LastErrorTimestamp: 06/02/2026 19:31:42, LastErrorDetails: Pull image: iotcdv2026.azurecr.io/iot-app:v1 failed with unexpected exception., Details: Site started at 06/03/2026 01:19:08 (UTC), DetailsLevel: INFO
2026-06-03T01:24:34.2903719+00:00 ContainerStatus: Container is terminating. Grace period: 5 seconds.
2026-06-03T01:24:34.3129130+00:00 ContainerStatus: Stop and delete container. Retry count = 0
2026-06-03T01:24:34.3188566+00:00 ContainerStatus: Stopping container: 2755529785c1_iot-maja-asia_main.
2026-06-03T01:24:34.4123827+00:00 ContainerStream: [Previous Container] [2026-06-03 01:24:34 +0000] [6] [INFO] Worker exiting (pid: 6)
2026-06-03T01:24:34.4124813+00:00 ContainerStream: [Previous Container] Nowa wiadomość od maja (tpkorepetycje@gmail.com): ,,,
2026-06-03T01:24:35.0237777+00:00 ContainerStream: [Previous Container] [2026-06-03 01:24:35 +0000] [1] [INFO] Shutting down: Master
2026-06-03T01:24:35.1885717+00:00 ContainerStatus: Deleting container: 2755529785c1_iot-maja-asia_main. Retry count = 0
2026-06-03T01:24:35.5200764+00:00 ContainerStatus: Container spec TerminationMessagePolicy  path 
2026-06-03T01:24:35.5210076+00:00 ContainerStatus: Container is terminated. Total time elapsed: 1223 ms.
2026-06-03T01:24:35.9445851+00:00 ContainerStatus: Site: iot-maja-asia stopped.
2026-06-03T01:29:19.4992140+00:00 ContainerStatus: State: Starting, Action: EstablishingSiteNetworks, LastError: , LastErrorTimestamp: 01/01/0001 00:00:00, LastErrorDetails: , Details: , DetailsLevel: INFO
2026-06-03T01:29:23.1296171+00:00 ContainerStatus: State: Starting, Action: StartingMsiContainer, LastError: , LastErrorTimestamp: 01/01/0001 00:00:00, LastErrorDetails: , Details: , DetailsLevel: INFO
2026-06-03T01:29:42.0538779+00:00 ContainerStatus: State: Starting, Action: StartingSiteContainers, LastError: , LastErrorTimestamp: 01/01/0001 00:00:00, LastErrorDetails: , Details: , DetailsLevel: INFO
2026-06-03T01:29:42.0540351+00:00 ContainerStatus: Container start method called.
2026-06-03T01:29:42.0541078+00:00 ContainerStatus: State: Starting, Action: PullingImage, LastError: , LastErrorTimestamp: 01/01/0001 00:00:00, LastErrorDetails: , Details: Pulling image iotcdv2026.azurecr.io/iot-app:v1 for iot-maja-asia_main., DetailsLevel: INFO
2026-06-03T01:29:42.0542143+00:00 ContainerStatus: Establishing network.
2026-06-03T01:29:42.0631086+00:00 ContainerStatus: Pulling image: iotcdv2026.azurecr.io/iot-app:v1.
2026-06-03T01:29:56.5198254+00:00 ContainerStatus: Image iotcdv2026.azurecr.io/iot-app:v1 is pulled from registry iotcdv2026.azurecr.io
2026-06-03T01:29:56.5205027+00:00 ContainerStatus: Container is starting.
2026-06-03T01:29:56.5483905+00:00 ContainerStatus: State: Starting, Action: MountingVolumes, LastError: , LastErrorTimestamp: 01/01/0001 00:00:00, LastErrorDetails: , Details: Mounting volumes for iot-maja-asia_main., DetailsLevel: INFO
2026-06-03T01:29:56.5486653+00:00 ContainerStatus: Establishing user namespace if not established already.
2026-06-03T01:29:56.5487646+00:00 ContainerStatus: Establishing network if not established already.
2026-06-03T01:29:56.5488576+00:00 ContainerStatus: Mounting volumes.
2026-06-03T01:29:56.5493663+00:00 ContainerStatus: Nested mountpoint volatile/logs
2026-06-03T01:29:56.5800950+00:00 ContainerStatus: Nested mountpoint 
2026-06-03T01:29:56.6191655+00:00 ContainerStatus: Nested mountpoint 
2026-06-03T01:29:56.7918730+00:00 ContainerStatus: State: Starting, Action: CreatingContainer, LastError: , LastErrorTimestamp: 01/01/0001 00:00:00, LastErrorDetails: , Details: Finished pulling container image and mounting volumes for iot-maja-asia_main. Allocatinng the rest of the container resources to finish container creation., DetailsLevel: INFO
2026-06-03T01:29:56.7990635+00:00 ContainerStatus: Creating container.
2026-06-03T01:29:56.7991908+00:00 ContainerStatus: Creating pipes for streaming container io.
2026-06-03T01:29:56.7992989+00:00 ContainerStatus: Creating stdout named pipe at /podr/container/pipe/7547681a8190_iot-maja-asia_main/stdout_ced4f843440d42cdb5fd2358648131ea.
2026-06-03T01:29:56.7999230+00:00 ContainerStatus: Successfully created stdout named pipe at: /podr/container/pipe/7547681a8190_iot-maja-asia_main/stdout_ced4f843440d42cdb5fd2358648131ea.
2026-06-03T01:29:56.8002054+00:00 ContainerStatus: Opening named pipe /podr/container/pipe/7547681a8190_iot-maja-asia_main/stdout_ced4f843440d42cdb5fd2358648131ea for reading in non-blocking mode.
2026-06-03T01:29:56.8005046+00:00 ContainerStatus: Successfully opened named pipe: /podr/container/pipe/7547681a8190_iot-maja-asia_main/stdout_ced4f843440d42cdb5fd2358648131ea.
2026-06-03T01:29:56.8007937+00:00 ContainerStatus: Successfully removed non-blocking flag from /podr/container/pipe/7547681a8190_iot-maja-asia_main/stdout_ced4f843440d42cdb5fd2358648131ea.
2026-06-03T01:29:56.8010215+00:00 ContainerStatus: Creating stderr named pipe at /podr/container/pipe/7547681a8190_iot-maja-asia_main/stderr_d0b8869d232c4723ad0eb3cf53914f9f.
2026-06-03T01:29:56.8012900+00:00 ContainerStatus: Successfully created stderr named pipe at: /podr/container/pipe/7547681a8190_iot-maja-asia_main/stderr_d0b8869d232c4723ad0eb3cf53914f9f.
2026-06-03T01:29:56.8017925+00:00 ContainerStatus: Opening named pipe /podr/container/pipe/7547681a8190_iot-maja-asia_main/stderr_d0b8869d232c4723ad0eb3cf53914f9f for reading in non-blocking mode.
2026-06-03T01:29:56.8019330+00:00 ContainerStatus: Successfully opened named pipe: /podr/container/pipe/7547681a8190_iot-maja-asia_main/stderr_d0b8869d232c4723ad0eb3cf53914f9f.
2026-06-03T01:29:56.8020589+00:00 ContainerStatus: Successfully removed non-blocking flag from /podr/container/pipe/7547681a8190_iot-maja-asia_main/stderr_d0b8869d232c4723ad0eb3cf53914f9f.
2026-06-03T01:29:56.8193734+00:00 ContainerStatus: Creating container with image: iotcdv2026.azurecr.io/iot-app:v1 from registry: iotcdv2026.azurecr.io and fully qualified image name: iotcdv2026.azurecr.io/iot-app:v1
2026-06-03T01:29:58.4294279+00:00 ContainerStatus: Starting container: 7547681a8190_iot-maja-asia_main.
2026-06-03T01:29:59.1044570+00:00 ContainerStatus: Starting watchers and probes.
2026-06-03T01:29:59.1049345+00:00 ContainerStatus: Starting metrics collection.
2026-06-03T01:29:59.1050594+00:00 ContainerStatus: Container is running.
2026-06-03T01:29:59.1326255+00:00 ContainerStatus: State: Starting, Action: CreatingContainer, LastError: , LastErrorTimestamp: 01/01/0001 00:00:00, LastErrorDetails: , Details: Container iot-maja-asia_main successfully created and is running., DetailsLevel: INFO
2026-06-03T01:29:59.5774054+00:00 ContainerStatus: Container start method finished after 17521 ms.
2026-06-03T01:29:59.6475714+00:00 ContainerStatus: State: Starting, Action: InitiatingSiteWarmUpProbe, LastError: , LastErrorTimestamp: 01/01/0001 00:00:00, LastErrorDetails: , Details: Container iot-maja-asia_main successfully created and is running., DetailsLevel: INFO
2026-06-03T01:29:59.6479404+00:00 ContainerStatus: State: Starting, Action: WaitingForSiteWarmUpProbeSuccess, LastError: , LastErrorTimestamp: 01/01/0001 00:00:00, LastErrorDetails: , Details: Pinging warmup path to ensure container is ready to receive requests., DetailsLevel: INFO
2026-06-03T01:30:00.8938244+00:00 ContainerStream: [2026-06-03 01:30:00 +0000] [1] [INFO] Starting gunicorn 26.0.0
2026-06-03T01:30:00.8939724+00:00 ContainerStream: [2026-06-03 01:30:00 +0000] [1] [INFO] Listening at: http://0.0.0.0:80 (1)
2026-06-03T01:30:00.8939773+00:00 ContainerStream: [2026-06-03 01:30:00 +0000] [1] [INFO] Using worker: sync
2026-06-03T01:30:00.8939854+00:00 ContainerStream: [2026-06-03 01:30:00 +0000] [7] [INFO] Booting worker with pid: 7
2026-06-03T01:30:02.9972310+00:00 ContainerStream: [2026-06-03 01:30:02 +0000] [1] [INFO] Control socket listening at /root/.gunicorn/gunicorn.ctl
2026-06-03T01:30:03.5293406+00:00 ContainerStatus: Site startup probe succeeded after 3.7833246 seconds.
2026-06-03T01:30:04.0331664+00:00 ContainerStatus: State: Starting, Action: WarmUpProbeSucceeded, LastError: , LastErrorTimestamp: 01/01/0001 00:00:00, LastErrorDetails: , Details: Site startup probe succeeded after 3.7833246 seconds., DetailsLevel: INFO
2026-06-03T01:30:04.9367654+00:00 ContainerStatus: Site started.
2026-06-03T01:30:04.9375179+00:00 ContainerStatus: State: Started, Action: None, LastError: , LastErrorTimestamp: 01/01/0001 00:00:00, LastErrorDetails: , Details: Site started at 06/03/2026 01:30:04 (UTC), DetailsLevel: INFO
========== New Cold Start Attempt (2026-06-03T01:30:25.3434810+00:00) ==========
2026-06-03T01:30:25.3434810+00:00 ContainerStatus: State: Stopping, Action: StoppingSiteContainers, LastError: UnexpectedContainerExit, LastErrorTimestamp: 06/02/2026 19:31:42, LastErrorDetails: Pull image: iotcdv2026.azurecr.io/iot-app:v1 failed with unexpected exception., Details: Site started at 06/03/2026 01:24:14 (UTC), DetailsLevel: INFO
2026-06-03T01:30:25.3436245+00:00 ContainerStatus: Container is terminating. Grace period: 5 seconds.
2026-06-03T01:30:25.8357655+00:00 ContainerStatus: Stop and delete container. Retry count = 0
2026-06-03T01:30:25.8362111+00:00 ContainerStatus: Stopping container: f3f800c87ae6_iot-maja-asia_main.
2026-06-03T01:30:26.6251170+00:00 ContainerStream: [Previous Container] [2026-06-03 01:30:26 +0000] [7] [INFO] Worker exiting (pid: 7)
2026-06-03T01:30:26.6259832+00:00 ContainerStream: [Previous Container] Nowa wiadomość od maja (tpkorepetycje@gmail.com): .
2026-06-03T01:30:26.9284707+00:00 ContainerStream: [Previous Container] [2026-06-03 01:30:26 +0000] [1] [INFO] Shutting down: Master
2026-06-03T01:30:27.1206952+00:00 ContainerStatus: Deleting container: f3f800c87ae6_iot-maja-asia_main. Retry count = 0
2026-06-03T01:30:27.3411260+00:00 ContainerStatus: Container spec TerminationMessagePolicy  path 
2026-06-03T01:30:27.3421765+00:00 ContainerStatus: Container is terminated. Total time elapsed: 1997 ms.
2026-06-03T01:30:27.7252964+00:00 ContainerStatus: Site: iot-maja-asia stopped.
2026-06-03T22:25:17.2134742+00:00 ContainerStatus: State: Starting, Action: EstablishingSiteNetworks, LastError: , LastErrorTimestamp: 01/01/0001 00:00:00, LastErrorDetails: , Details: , DetailsLevel: INFO
2026-06-03T22:25:21.2409883+00:00 ContainerStatus: State: Starting, Action: StartingMsiContainer, LastError: , LastErrorTimestamp: 01/01/0001 00:00:00, LastErrorDetails: , Details: , DetailsLevel: INFO
2026-06-03T22:25:42.2604423+00:00 ContainerStatus: State: Starting, Action: StartingSiteContainers, LastError: , LastErrorTimestamp: 01/01/0001 00:00:00, LastErrorDetails: , Details: , DetailsLevel: INFO
2026-06-03T22:25:42.2796032+00:00 ContainerStatus: Container start method called.
2026-06-03T22:25:42.2797740+00:00 ContainerStatus: State: Starting, Action: PullingImage, LastError: , LastErrorTimestamp: 01/01/0001 00:00:00, LastErrorDetails: , Details: Pulling image iotcdv2026.azurecr.io/iot-app:v1 for iot-maja-asia_main., DetailsLevel: INFO
2026-06-03T22:25:42.2799710+00:00 ContainerStatus: Establishing network.
2026-06-03T22:25:42.2802209+00:00 ContainerStatus: Pulling image: iotcdv2026.azurecr.io/iot-app:v1.
2026-06-03T22:25:45.7599746+00:00 ContainerStatus: Container is starting.
2026-06-03T22:25:45.7600607+00:00 ContainerStatus: State: Starting, Action: MountingVolumes, LastError: , LastErrorTimestamp: 01/01/0001 00:00:00, LastErrorDetails: , Details: Mounting volumes for iot-maja-asia_main., DetailsLevel: INFO
2026-06-03T22:25:45.7601415+00:00 ContainerStatus: Establishing user namespace if not established already.
2026-06-03T22:25:45.7602151+00:00 ContainerStatus: Establishing network if not established already.
2026-06-03T22:25:45.7602980+00:00 ContainerStatus: Mounting volumes.
2026-06-03T22:25:45.7607072+00:00 ContainerStatus: Nested mountpoint volatile/logs
2026-06-03T22:25:45.8091462+00:00 ContainerStatus: Nested mountpoint 
2026-06-03T22:25:45.9296000+00:00 ContainerStatus: Nested mountpoint 
2026-06-03T22:25:46.4921522+00:00 ContainerStatus: State: Starting, Action: CreatingContainer, LastError: , LastErrorTimestamp: 01/01/0001 00:00:00, LastErrorDetails: , Details: Finished pulling container image and mounting volumes for iot-maja-asia_main. Allocatinng the rest of the container resources to finish container creation., DetailsLevel: INFO
2026-06-03T22:25:46.4927273+00:00 ContainerStatus: Creating container.
2026-06-03T22:25:46.4929286+00:00 ContainerStatus: Creating pipes for streaming container io.
2026-06-03T22:25:46.4942021+00:00 ContainerStatus: Creating stdout named pipe at /podr/container/pipe/09496ff7b8f2_iot-maja-asia_main/stdout_d43066d8fd1f40308eb65d50ec34f6f3.
2026-06-03T22:25:46.4943886+00:00 ContainerStatus: Successfully created stdout named pipe at: /podr/container/pipe/09496ff7b8f2_iot-maja-asia_main/stdout_d43066d8fd1f40308eb65d50ec34f6f3.
2026-06-03T22:25:46.4944700+00:00 ContainerStatus: Opening named pipe /podr/container/pipe/09496ff7b8f2_iot-maja-asia_main/stdout_d43066d8fd1f40308eb65d50ec34f6f3 for reading in non-blocking mode.
2026-06-03T22:25:46.4945599+00:00 ContainerStatus: Successfully opened named pipe: /podr/container/pipe/09496ff7b8f2_iot-maja-asia_main/stdout_d43066d8fd1f40308eb65d50ec34f6f3.
2026-06-03T22:25:46.4946370+00:00 ContainerStatus: Successfully removed non-blocking flag from /podr/container/pipe/09496ff7b8f2_iot-maja-asia_main/stdout_d43066d8fd1f40308eb65d50ec34f6f3.
2026-06-03T22:25:46.4947513+00:00 ContainerStatus: Creating stderr named pipe at /podr/container/pipe/09496ff7b8f2_iot-maja-asia_main/stderr_04bf6f67f3774eb79cc9053cf3b0e62c.
2026-06-03T22:25:46.4948780+00:00 ContainerStatus: Successfully created stderr named pipe at: /podr/container/pipe/09496ff7b8f2_iot-maja-asia_main/stderr_04bf6f67f3774eb79cc9053cf3b0e62c.
2026-06-03T22:25:46.4949481+00:00 ContainerStatus: Opening named pipe /podr/container/pipe/09496ff7b8f2_iot-maja-asia_main/stderr_04bf6f67f3774eb79cc9053cf3b0e62c for reading in non-blocking mode.
2026-06-03T22:25:46.4950291+00:00 ContainerStatus: Successfully opened named pipe: /podr/container/pipe/09496ff7b8f2_iot-maja-asia_main/stderr_04bf6f67f3774eb79cc9053cf3b0e62c.
2026-06-03T22:25:46.4950949+00:00 ContainerStatus: Successfully removed non-blocking flag from /podr/container/pipe/09496ff7b8f2_iot-maja-asia_main/stderr_04bf6f67f3774eb79cc9053cf3b0e62c.
2026-06-03T22:25:46.4951898+00:00 ContainerStatus: Creating container with image: iotcdv2026.azurecr.io/iot-app:v1 from registry: iotcdv2026.azurecr.io and fully qualified image name: iotcdv2026.azurecr.io/iot-app:v1
2026-06-03T22:25:47.6593375+00:00 ContainerStatus: Starting container: 09496ff7b8f2_iot-maja-asia_main.
2026-06-03T22:25:47.9415348+00:00 ContainerStatus: Starting watchers and probes.
2026-06-03T22:25:47.9512934+00:00 ContainerStatus: Starting metrics collection.
2026-06-03T22:25:47.9523671+00:00 ContainerStatus: Container is running.
2026-06-03T22:25:47.9607097+00:00 ContainerStatus: State: Starting, Action: CreatingContainer, LastError: , LastErrorTimestamp: 01/01/0001 00:00:00, LastErrorDetails: , Details: Container iot-maja-asia_main successfully created and is running., DetailsLevel: INFO
2026-06-03T22:25:48.1830557+00:00 ContainerStatus: Container start method finished after 5903 ms.
2026-06-03T22:25:48.4970893+00:00 ContainerStatus: State: Starting, Action: InitiatingSiteWarmUpProbe, LastError: , LastErrorTimestamp: 01/01/0001 00:00:00, LastErrorDetails: , Details: Container iot-maja-asia_main successfully created and is running., DetailsLevel: INFO
2026-06-03T22:25:48.5039874+00:00 ContainerStatus: State: Starting, Action: WaitingForSiteWarmUpProbeSuccess, LastError: , LastErrorTimestamp: 01/01/0001 00:00:00, LastErrorDetails: , Details: Pinging warmup path to ensure container is ready to receive requests., DetailsLevel: INFO
2026-06-03T22:25:49.8944574+00:00 ContainerStream: [2026-06-03 22:25:49 +0000] [1] [INFO] Starting gunicorn 26.0.0
2026-06-03T22:25:49.9132669+00:00 ContainerStream: [2026-06-03 22:25:49 +0000] [1] [INFO] Listening at: http://0.0.0.0:80 (1)
2026-06-03T22:25:49.9132891+00:00 ContainerStream: [2026-06-03 22:25:49 +0000] [1] [INFO] Using worker: sync
2026-06-03T22:25:49.9235132+00:00 ContainerStream: [2026-06-03 22:25:49 +0000] [7] [INFO] Booting worker with pid: 7
2026-06-03T22:25:51.6949947+00:00 ContainerStream: [2026-06-03 22:25:51 +0000] [1] [INFO] Control socket listening at /root/.gunicorn/gunicorn.ctl
2026-06-03T22:25:52.1768003+00:00 ContainerStatus: Site startup probe succeeded after 3.6623468 seconds.
2026-06-03T22:25:52.7387637+00:00 ContainerStatus: State: Starting, Action: WarmUpProbeSucceeded, LastError: , LastErrorTimestamp: 01/01/0001 00:00:00, LastErrorDetails: , Details: Site startup probe succeeded after 3.6623468 seconds., DetailsLevel: INFO
2026-06-03T22:25:54.5009367+00:00 ContainerStatus: Site started.
2026-06-03T22:25:54.5211560+00:00 ContainerStatus: State: Started, Action: None, LastError: , LastErrorTimestamp: 01/01/0001 00:00:00, LastErrorDetails: , Details: Site started at 06/03/2026 22:25:54 (UTC), DetailsLevel: INFO
