2026-06-02T18:56:24.0278135+00:00 ContainerStatus: State: Starting, Action: EstablishingSiteNetworks, LastError: , LastErrorTimestamp: 01/01/0001 00:00:00, LastErrorDetails: , Details: , DetailsLevel: INFO
2026-06-02T18:56:25.3787007+00:00 ContainerStatus: State: Starting, Action: StartingSiteContainers, LastError: , LastErrorTimestamp: 01/01/0001 00:00:00, LastErrorDetails: , Details: , DetailsLevel: INFO
2026-06-02T18:56:25.4060310+00:00 ContainerStatus: Container start method called.
2026-06-02T18:56:25.4062259+00:00 ContainerStatus: State: Starting, Action: PullingImage, LastError: , LastErrorTimestamp: 01/01/0001 00:00:00, LastErrorDetails: , Details: Pulling image iotcdv2026.azurecr.io/iot-app:v1 for iot-maja-asia., DetailsLevel: INFO
2026-06-02T18:56:25.4064378+00:00 ContainerStatus: Establishing network.
2026-06-02T18:56:25.4068138+00:00 ContainerStatus: Pulling image: iotcdv2026.azurecr.io/iot-app:v1.
2026-06-02T18:56:28.5047838+00:00 ContainerStatus: Container pull image failed with reason: ImagePullFailure. Revert by terminate.
2026-06-02T18:56:28.5259274+00:00 ContainerStatus: Container is terminating. Grace period: 5 seconds.
2026-06-02T18:56:28.5340116+00:00 ContainerStatus: Container spec TerminationMessagePolicy  path 
2026-06-02T18:56:28.5363499+00:00 ContainerStatus: Container is terminated. Total time elapsed: 10 ms.
2026-06-02T18:56:28.5365118+00:00 ContainerStatus: Site container: iot-maja-asia terminated during site startup.
2026-06-02T18:56:28.5461138+00:00 ContainerStatus: State: Stopping, Action: CancellingStartup, LastError: , LastErrorTimestamp: 01/01/0001 00:00:00, LastErrorDetails: , Details: Site container: iot-maja-asia terminated during site startup. Cancelling site startup., DetailsLevel: ERR
2026-06-02T18:56:28.5751148+00:00 ContainerStatus: State: Stopping, Action: CancellingStartup, LastError: ImagePullUnauthorizedFailure, LastErrorTimestamp: 06/02/2026 18:56:28, LastErrorDetails: Failed to pull image: iotcdv2026.azurecr.io/iot-app:v1. Image pull failed with forbidden or unauthorized. Check registry credentials., Details: Site container: iot-maja-asia terminated during site startup. Cancelling site startup., DetailsLevel: ERR
2026-06-02T18:56:28.5871388+00:00 ContainerStatus: Failed to start site. Revert by stopping site.
2026-06-02T18:56:28.6057153+00:00 ContainerStatus: State: Stopping, Action: StoppingSite, LastError: ImagePullUnauthorizedFailure, LastErrorTimestamp: 06/02/2026 18:56:28, LastErrorDetails: Failed to pull image: iotcdv2026.azurecr.io/iot-app:v1. Image pull failed with forbidden or unauthorized. Check registry credentials., Details: Site container: iot-maja-asia terminated during site startup. Cancelling site startup., DetailsLevel: ERR
2026-06-02T18:56:28.6152425+00:00 ContainerStatus: State: Stopping, Action: StoppingSiteContainers, LastError: ImagePullUnauthorizedFailure, LastErrorTimestamp: 06/02/2026 18:56:28, LastErrorDetails: Failed to pull image: iotcdv2026.azurecr.io/iot-app:v1. Image pull failed with forbidden or unauthorized. Check registry credentials., Details: Site container: iot-maja-asia terminated during site startup. Cancelling site startup., DetailsLevel: ERR
2026-06-02T18:56:28.6161384+00:00 ContainerStatus: Site: iot-maja-asia stopped.
========== New Cold Start Attempt (2026-06-02T18:56:28.6456733+00:00) ==========
2026-06-02T18:56:28.6456733+00:00 ContainerStatus: State: Stopping, Action: UnmountingVolumes, LastError: ImagePullUnauthorizedFailure, LastErrorTimestamp: 06/02/2026 18:56:28, LastErrorDetails: Failed to pull image: iotcdv2026.azurecr.io/iot-app:v1. Image pull failed with forbidden or unauthorized. Check registry credentials., Details: Site container: iot-maja-asia terminated during site startup. Cancelling site startup., DetailsLevel: ERR
2026-06-02T18:56:28.9091473+00:00 ContainerStatus: State: Stopping, Action: StoppingSiteNetworks, LastError: ImagePullUnauthorizedFailure, LastErrorTimestamp: 06/02/2026 18:56:28, LastErrorDetails: Failed to pull image: iotcdv2026.azurecr.io/iot-app:v1. Image pull failed with forbidden or unauthorized. Check registry credentials., Details: Site container: iot-maja-asia terminated during site startup. Cancelling site startup., DetailsLevel: ERR
2026-06-02T18:56:29.1916558+00:00 ContainerStatus: State: Stopped, Action: None, LastError: ImagePullUnauthorizedFailure, LastErrorTimestamp: 06/02/2026 18:56:28, LastErrorDetails: Failed to pull image: iotcdv2026.azurecr.io/iot-app:v1. Image pull failed with forbidden or unauthorized. Check registry credentials., Details: Site stopped at 06/02/2026 18:56:29 (UTC), DetailsLevel: ERR
2026-06-02T18:56:29.6868821+00:00 ContainerStatus: State: Stopped, Action: None, LastError: ImagePullUnauthorizedFailure, LastErrorTimestamp: 06/02/2026 18:56:28, LastErrorDetails: Failed to pull image: iotcdv2026.azurecr.io/iot-app:v1. Image pull failed with forbidden or unauthorized. Check registry credentials., Details: Site stopped at 06/02/2026 18:56:29 (UTC), DetailsLevel: ERR
2026-06-02T18:56:55.7369288+00:00 ContainerStatus: State: Starting, Action: EstablishingSiteNetworks, LastError: ImagePullUnauthorizedFailure, LastErrorTimestamp: 06/02/2026 18:56:28, LastErrorDetails: Failed to pull image: iotcdv2026.azurecr.io/iot-app:v1. Image pull failed with forbidden or unauthorized. Check registry credentials., Details: Site stopped at 06/02/2026 18:56:29 (UTC), DetailsLevel: ERR
2026-06-02T18:56:57.2978770+00:00 ContainerStatus: State: Starting, Action: StartingSiteContainers, LastError: ImagePullUnauthorizedFailure, LastErrorTimestamp: 06/02/2026 18:56:28, LastErrorDetails: Failed to pull image: iotcdv2026.azurecr.io/iot-app:v1. Image pull failed with forbidden or unauthorized. Check registry credentials., Details: Site stopped at 06/02/2026 18:56:29 (UTC), DetailsLevel: ERR
2026-06-02T18:56:57.2979871+00:00 ContainerStatus: Container start method called.
2026-06-02T18:56:57.2980295+00:00 ContainerStatus: State: Starting, Action: PullingImage, LastError: ImagePullUnauthorizedFailure, LastErrorTimestamp: 06/02/2026 18:56:28, LastErrorDetails: Failed to pull image: iotcdv2026.azurecr.io/iot-app:v1. Image pull failed with forbidden or unauthorized. Check registry credentials., Details: Pulling image iotcdv2026.azurecr.io/iot-app:v1 for iot-maja-asia., DetailsLevel: INFO
2026-06-02T18:56:57.2981099+00:00 ContainerStatus: Establishing network.
2026-06-02T18:56:57.2982103+00:00 ContainerStatus: Pulling image: iotcdv2026.azurecr.io/iot-app:v1.
2026-06-02T18:56:57.7014563+00:00 ContainerStatus: Container pull image failed with reason: ImagePullFailure. Revert by terminate.
2026-06-02T18:56:57.7018287+00:00 ContainerStatus: Container is terminating. Grace period: 5 seconds.
2026-06-02T18:56:57.7020613+00:00 ContainerStatus: Container spec TerminationMessagePolicy  path 
2026-06-02T18:56:57.7101473+00:00 ContainerStatus: Container is terminated. Total time elapsed: 0 ms.
2026-06-02T18:56:57.7103488+00:00 ContainerStatus: Site container: iot-maja-asia terminated during site startup.
2026-06-02T18:56:57.7106271+00:00 ContainerStatus: State: Stopping, Action: CancellingStartup, LastError: ImagePullUnauthorizedFailure, LastErrorTimestamp: 06/02/2026 18:56:28, LastErrorDetails: Failed to pull image: iotcdv2026.azurecr.io/iot-app:v1. Image pull failed with forbidden or unauthorized. Check registry credentials., Details: Site container: iot-maja-asia terminated during site startup. Cancelling site startup., DetailsLevel: ERR
2026-06-02T18:56:57.7196039+00:00 ContainerStatus: State: Stopping, Action: CancellingStartup, LastError: UnexpectedContainerExit, LastErrorTimestamp: 06/02/2026 18:56:57, LastErrorDetails: Pull image: iotcdv2026.azurecr.io/iot-app:v1 failed with unexpected exception., Details: Site container: iot-maja-asia terminated during site startup. Cancelling site startup., DetailsLevel: ERR
2026-06-02T18:56:57.7323044+00:00 ContainerStatus: Failed to start site. Revert by stopping site.
2026-06-02T18:56:57.7396814+00:00 ContainerStatus: State: Stopping, Action: StoppingSite, LastError: UnexpectedContainerExit, LastErrorTimestamp: 06/02/2026 18:56:57, LastErrorDetails: Pull image: iotcdv2026.azurecr.io/iot-app:v1 failed with unexpected exception., Details: Site container: iot-maja-asia terminated during site startup. Cancelling site startup., DetailsLevel: ERR
2026-06-02T18:56:57.7409614+00:00 ContainerStatus: State: Stopping, Action: StoppingSiteContainers, LastError: UnexpectedContainerExit, LastErrorTimestamp: 06/02/2026 18:56:57, LastErrorDetails: Pull image: iotcdv2026.azurecr.io/iot-app:v1 failed with unexpected exception., Details: Site container: iot-maja-asia terminated during site startup. Cancelling site startup., DetailsLevel: ERR
2026-06-02T18:56:57.7409978+00:00 ContainerStatus: Site: iot-maja-asia stopped.
========== New Cold Start Attempt (2026-06-02T19:04:16.3042155+00:00) ==========
2026-06-02T19:04:16.3042155+00:00 ContainerStatus: State: Starting, Action: EstablishingSiteNetworks, LastError: , LastErrorTimestamp: 01/01/0001 00:00:00, LastErrorDetails: , Details: , DetailsLevel: INFO
2026-06-02T19:04:18.5156891+00:00 ContainerStatus: State: Starting, Action: StartingSiteContainers, LastError: , LastErrorTimestamp: 01/01/0001 00:00:00, LastErrorDetails: , Details: , DetailsLevel: INFO
2026-06-02T19:04:18.5158061+00:00 ContainerStatus: Container start method called.
2026-06-02T19:04:18.5158465+00:00 ContainerStatus: State: Starting, Action: PullingImage, LastError: , LastErrorTimestamp: 01/01/0001 00:00:00, LastErrorDetails: , Details: Pulling image iotcdv2026.azurecr.io/iot-app:v1 for iot-maja-asia., DetailsLevel: INFO
2026-06-02T19:04:18.5159339+00:00 ContainerStatus: Establishing network.
2026-06-02T19:04:18.5250443+00:00 ContainerStatus: Pulling image: iotcdv2026.azurecr.io/iot-app:v1.
2026-06-02T19:04:19.6103256+00:00 ContainerStatus: Container pull image failed with reason: ImagePullFailure. Revert by terminate.
2026-06-02T19:04:19.6106051+00:00 ContainerStatus: Container is terminating. Grace period: 5 seconds.
2026-06-02T19:04:19.6194377+00:00 ContainerStatus: Container spec TerminationMessagePolicy  path 
2026-06-02T19:04:19.6201443+00:00 ContainerStatus: Container is terminated. Total time elapsed: 0 ms.
2026-06-02T19:04:19.6205994+00:00 ContainerStatus: Site container: iot-maja-asia terminated during site startup.
2026-06-02T19:04:19.6206918+00:00 ContainerStatus: State: Stopping, Action: CancellingStartup, LastError: , LastErrorTimestamp: 01/01/0001 00:00:00, LastErrorDetails: , Details: Site container: iot-maja-asia terminated during site startup. Cancelling site startup., DetailsLevel: ERR
2026-06-02T19:04:19.6704042+00:00 ContainerStatus: State: Stopping, Action: CancellingStartup, LastError: UnexpectedContainerExit, LastErrorTimestamp: 06/02/2026 19:04:19, LastErrorDetails: Pull image: iotcdv2026.azurecr.io/iot-app:v1 failed with unexpected exception., Details: Site container: iot-maja-asia terminated during site startup. Cancelling site startup., DetailsLevel: ERR
2026-06-02T19:04:19.6914226+00:00 ContainerStatus: Failed to start site. Revert by stopping site.
2026-06-02T19:04:19.6995846+00:00 ContainerStatus: State: Stopping, Action: StoppingSite, LastError: UnexpectedContainerExit, LastErrorTimestamp: 06/02/2026 19:04:19, LastErrorDetails: Pull image: iotcdv2026.azurecr.io/iot-app:v1 failed with unexpected exception., Details: Site container: iot-maja-asia terminated during site startup. Cancelling site startup., DetailsLevel: ERR
2026-06-02T19:04:19.7106649+00:00 ContainerStatus: State: Stopping, Action: StoppingSiteContainers, LastError: UnexpectedContainerExit, LastErrorTimestamp: 06/02/2026 19:04:19, LastErrorDetails: Pull image: iotcdv2026.azurecr.io/iot-app:v1 failed with unexpected exception., Details: Site container: iot-maja-asia terminated during site startup. Cancelling site startup., DetailsLevel: ERR
2026-06-02T19:04:19.7107000+00:00 ContainerStatus: Site: iot-maja-asia stopped.
========== New Cold Start Attempt (2026-06-02T19:04:43.8176895+00:00) ==========
2026-06-02T19:04:43.8176895+00:00 ContainerStatus: State: Starting, Action: EstablishingSiteNetworks, LastError: UnexpectedContainerExit, LastErrorTimestamp: 06/02/2026 19:04:19, LastErrorDetails: Pull image: iotcdv2026.azurecr.io/iot-app:v1 failed with unexpected exception., Details: Site stopped at 06/02/2026 19:04:20 (UTC), DetailsLevel: ERR
2026-06-02T19:04:45.1549766+00:00 ContainerStatus: State: Starting, Action: StartingSiteContainers, LastError: UnexpectedContainerExit, LastErrorTimestamp: 06/02/2026 19:04:19, LastErrorDetails: Pull image: iotcdv2026.azurecr.io/iot-app:v1 failed with unexpected exception., Details: Site stopped at 06/02/2026 19:04:20 (UTC), DetailsLevel: ERR
2026-06-02T19:04:45.1550931+00:00 ContainerStatus: Container start method called.
2026-06-02T19:04:45.1551357+00:00 ContainerStatus: State: Starting, Action: PullingImage, LastError: UnexpectedContainerExit, LastErrorTimestamp: 06/02/2026 19:04:19, LastErrorDetails: Pull image: iotcdv2026.azurecr.io/iot-app:v1 failed with unexpected exception., Details: Pulling image iotcdv2026.azurecr.io/iot-app:v1 for iot-maja-asia., DetailsLevel: INFO
2026-06-02T19:04:45.1552119+00:00 ContainerStatus: Establishing network.
2026-06-02T19:04:45.1553015+00:00 ContainerStatus: Pulling image: iotcdv2026.azurecr.io/iot-app:v1.
2026-06-02T19:04:45.6878571+00:00 ContainerStatus: Container pull image failed with reason: ImagePullFailure. Revert by terminate.
2026-06-02T19:04:45.6880857+00:00 ContainerStatus: Container is terminating. Grace period: 5 seconds.
2026-06-02T19:04:45.6884486+00:00 ContainerStatus: Container spec TerminationMessagePolicy  path 
2026-06-02T19:04:45.6886002+00:00 ContainerStatus: Container is terminated. Total time elapsed: 0 ms.
2026-06-02T19:04:45.6887158+00:00 ContainerStatus: Site container: iot-maja-asia terminated during site startup.
2026-06-02T19:04:45.6888123+00:00 ContainerStatus: State: Stopping, Action: CancellingStartup, LastError: UnexpectedContainerExit, LastErrorTimestamp: 06/02/2026 19:04:19, LastErrorDetails: Pull image: iotcdv2026.azurecr.io/iot-app:v1 failed with unexpected exception., Details: Site container: iot-maja-asia terminated during site startup. Cancelling site startup., DetailsLevel: ERR
2026-06-02T19:04:45.7067558+00:00 ContainerStatus: State: Stopping, Action: CancellingStartup, LastError: UnexpectedContainerExit, LastErrorTimestamp: 06/02/2026 19:04:45, LastErrorDetails: Pull image: iotcdv2026.azurecr.io/iot-app:v1 failed with unexpected exception., Details: Site container: iot-maja-asia terminated during site startup. Cancelling site startup., DetailsLevel: ERR
2026-06-02T19:04:45.7188746+00:00 ContainerStatus: Failed to start site. Revert by stopping site.
2026-06-02T19:04:45.7190087+00:00 ContainerStatus: State: Stopping, Action: StoppingSite, LastError: UnexpectedContainerExit, LastErrorTimestamp: 06/02/2026 19:04:45, LastErrorDetails: Pull image: iotcdv2026.azurecr.io/iot-app:v1 failed with unexpected exception., Details: Site container: iot-maja-asia terminated during site startup. Cancelling site startup., DetailsLevel: ERR
2026-06-02T19:04:45.7277632+00:00 ContainerStatus: State: Stopping, Action: StoppingSiteContainers, LastError: UnexpectedContainerExit, LastErrorTimestamp: 06/02/2026 19:04:45, LastErrorDetails: Pull image: iotcdv2026.azurecr.io/iot-app:v1 failed with unexpected exception., Details: Site container: iot-maja-asia terminated during site startup. Cancelling site startup., DetailsLevel: ERR
2026-06-02T19:04:45.7278046+00:00 ContainerStatus: Site: iot-maja-asia stopped.
========== New Cold Start Attempt (2026-06-02T19:04:45.7687397+00:00) ==========
2026-06-02T19:04:45.7687397+00:00 ContainerStatus: State: Stopping, Action: UnmountingVolumes, LastError: UnexpectedContainerExit, LastErrorTimestamp: 06/02/2026 19:04:45, LastErrorDetails: Pull image: iotcdv2026.azurecr.io/iot-app:v1 failed with unexpected exception., Details: Site container: iot-maja-asia terminated during site startup. Cancelling site startup., DetailsLevel: ERR
2026-06-02T19:04:45.9578609+00:00 ContainerStatus: State: Stopping, Action: StoppingSiteNetworks, LastError: UnexpectedContainerExit, LastErrorTimestamp: 06/02/2026 19:04:45, LastErrorDetails: Pull image: iotcdv2026.azurecr.io/iot-app:v1 failed with unexpected exception., Details: Site container: iot-maja-asia terminated during site startup. Cancelling site startup., DetailsLevel: ERR
2026-06-02T19:04:46.3499379+00:00 ContainerStatus: State: Stopped, Action: None, LastError: UnexpectedContainerExit, LastErrorTimestamp: 06/02/2026 19:04:45, LastErrorDetails: Pull image: iotcdv2026.azurecr.io/iot-app:v1 failed with unexpected exception., Details: Site stopped at 06/02/2026 19:04:46 (UTC), DetailsLevel: ERR
2026-06-02T19:04:46.5921678+00:00 ContainerStatus: State: Stopped, Action: None, LastError: UnexpectedContainerExit, LastErrorTimestamp: 06/02/2026 19:04:45, LastErrorDetails: Pull image: iotcdv2026.azurecr.io/iot-app:v1 failed with unexpected exception., Details: Site stopped at 06/02/2026 19:04:46 (UTC), DetailsLevel: ERR
2026-06-02T19:04:51.6968699+00:00 ContainerStatus: State: Starting, Action: EstablishingSiteNetworks, LastError: UnexpectedContainerExit, LastErrorTimestamp: 06/02/2026 19:04:45, LastErrorDetails: Pull image: iotcdv2026.azurecr.io/iot-app:v1 failed with unexpected exception., Details: Site stopped at 06/02/2026 19:04:46 (UTC), DetailsLevel: ERR
2026-06-02T19:04:53.1701997+00:00 ContainerStatus: State: Starting, Action: StartingSiteContainers, LastError: UnexpectedContainerExit, LastErrorTimestamp: 06/02/2026 19:04:45, LastErrorDetails: Pull image: iotcdv2026.azurecr.io/iot-app:v1 failed with unexpected exception., Details: Site stopped at 06/02/2026 19:04:46 (UTC), DetailsLevel: ERR
2026-06-02T19:04:53.1711864+00:00 ContainerStatus: Container start method called.
2026-06-02T19:04:53.1716023+00:00 ContainerStatus: State: Starting, Action: PullingImage, LastError: UnexpectedContainerExit, LastErrorTimestamp: 06/02/2026 19:04:45, LastErrorDetails: Pull image: iotcdv2026.azurecr.io/iot-app:v1 failed with unexpected exception., Details: Pulling image iotcdv2026.azurecr.io/iot-app:v1 for iot-maja-asia., DetailsLevel: INFO
2026-06-02T19:04:53.1811647+00:00 ContainerStatus: Establishing network.
2026-06-02T19:04:53.1817818+00:00 ContainerStatus: Pulling image: iotcdv2026.azurecr.io/iot-app:v1.
2026-06-02T19:04:53.5627350+00:00 ContainerStatus: Container pull image failed with reason: ImagePullFailure. Revert by terminate.
2026-06-02T19:04:53.5635096+00:00 ContainerStatus: Container is terminating. Grace period: 5 seconds.
2026-06-02T19:04:53.5639881+00:00 ContainerStatus: Container spec TerminationMessagePolicy  path 
2026-06-02T19:04:53.5725026+00:00 ContainerStatus: Container is terminated. Total time elapsed: 0 ms.
2026-06-02T19:04:53.5726659+00:00 ContainerStatus: Site container: iot-maja-asia terminated during site startup.
2026-06-02T19:04:53.5729898+00:00 ContainerStatus: State: Stopping, Action: CancellingStartup, LastError: UnexpectedContainerExit, LastErrorTimestamp: 06/02/2026 19:04:45, LastErrorDetails: Pull image: iotcdv2026.azurecr.io/iot-app:v1 failed with unexpected exception., Details: Site container: iot-maja-asia terminated during site startup. Cancelling site startup., DetailsLevel: ERR
2026-06-02T19:04:53.5919554+00:00 ContainerStatus: State: Stopping, Action: CancellingStartup, LastError: UnexpectedContainerExit, LastErrorTimestamp: 06/02/2026 19:04:53, LastErrorDetails: Pull image: iotcdv2026.azurecr.io/iot-app:v1 failed with unexpected exception., Details: Site container: iot-maja-asia terminated during site startup. Cancelling site startup., DetailsLevel: ERR
2026-06-02T19:04:53.6315564+00:00 ContainerStatus: Failed to start site. Revert by stopping site.
2026-06-02T19:04:53.6321468+00:00 ContainerStatus: State: Stopping, Action: StoppingSite, LastError: UnexpectedContainerExit, LastErrorTimestamp: 06/02/2026 19:04:53, LastErrorDetails: Pull image: iotcdv2026.azurecr.io/iot-app:v1 failed with unexpected exception., Details: Site container: iot-maja-asia terminated during site startup. Cancelling site startup., DetailsLevel: ERR
2026-06-02T19:04:53.6327567+00:00 ContainerStatus: State: Stopping, Action: StoppingSiteContainers, LastError: UnexpectedContainerExit, LastErrorTimestamp: 06/02/2026 19:04:53, LastErrorDetails: Pull image: iotcdv2026.azurecr.io/iot-app:v1 failed with unexpected exception., Details: Site container: iot-maja-asia terminated during site startup. Cancelling site startup., DetailsLevel: ERR
2026-06-02T19:04:53.6327785+00:00 ContainerStatus: Site: iot-maja-asia stopped.
========== New Cold Start Attempt (2026-06-02T19:04:53.6931880+00:00) ==========
2026-06-02T19:04:53.6931880+00:00 ContainerStatus: State: Stopping, Action: UnmountingVolumes, LastError: UnexpectedContainerExit, LastErrorTimestamp: 06/02/2026 19:04:53, LastErrorDetails: Pull image: iotcdv2026.azurecr.io/iot-app:v1 failed with unexpected exception., Details: Site container: iot-maja-asia terminated during site startup. Cancelling site startup., DetailsLevel: ERR
2026-06-02T19:04:53.8628681+00:00 ContainerStatus: State: Stopping, Action: StoppingSiteNetworks, LastError: UnexpectedContainerExit, LastErrorTimestamp: 06/02/2026 19:04:53, LastErrorDetails: Pull image: iotcdv2026.azurecr.io/iot-app:v1 failed with unexpected exception., Details: Site container: iot-maja-asia terminated during site startup. Cancelling site startup., DetailsLevel: ERR
2026-06-02T19:04:54.2204241+00:00 ContainerStatus: Site: iot-maja-asia will be blocked for 1 minutes till 06/02/2026 19:05:54
2026-06-02T19:04:54.2291413+00:00 ContainerStatus: State: Blocked, Action: StoppingSiteNetworks, LastError: UnexpectedContainerExit, LastErrorTimestamp: 06/02/2026 19:04:53, LastErrorDetails: Pull image: iotcdv2026.azurecr.io/iot-app:v1 failed with unexpected exception., Details: Site: iot-maja-asia will be blocked for 1 minutes till 06/02/2026 19:05:54, DetailsLevel: WARN
2026-06-02T19:04:54.2395322+00:00 ContainerStatus: State: Stopped, Action: None, LastError: UnexpectedContainerExit, LastErrorTimestamp: 06/02/2026 19:04:53, LastErrorDetails: Pull image: iotcdv2026.azurecr.io/iot-app:v1 failed with unexpected exception., Details: Site stopped at 06/02/2026 19:04:54 (UTC), DetailsLevel: WARN
2026-06-02T19:04:54.6723764+00:00 ContainerStatus: State: Stopped, Action: None, LastError: UnexpectedContainerExit, LastErrorTimestamp: 06/02/2026 19:04:53, LastErrorDetails: Pull image: iotcdv2026.azurecr.io/iot-app:v1 failed with unexpected exception., Details: Site stopped at 06/02/2026 19:04:54 (UTC), DetailsLevel: WARN
2026-06-02T19:04:59.6912170+00:00 ContainerStatus: State: Blocked, Action: None, LastError: UnexpectedContainerExit, LastErrorTimestamp: 06/02/2026 19:04:53, LastErrorDetails: Pull image: iotcdv2026.azurecr.io/iot-app:v1 failed with unexpected exception., Details: Site is blocked due to multiple, consecutive cold start failures. Site scheduled to be unblocked at 06/02/2026 19:05:54, DetailsLevel: WARN
2026-06-02T19:04:59.6912766+00:00 ContainerStatus: Start site prohibitted because the site is being blocked.
2026-06-02T19:05:04.8426237+00:00 ContainerStatus: State: Blocked, Action: None, LastError: UnexpectedContainerExit, LastErrorTimestamp: 06/02/2026 19:04:53, LastErrorDetails: Pull image: iotcdv2026.azurecr.io/iot-app:v1 failed with unexpected exception., Details: Site is blocked due to multiple, consecutive cold start failures. Site scheduled to be unblocked at 06/02/2026 19:05:54, DetailsLevel: WARN
2026-06-02T19:05:04.8426483+00:00 ContainerStatus: Start site prohibitted because the site is being blocked.
2026-06-02T19:05:10.0572733+00:00 ContainerStatus: State: Blocked, Action: None, LastError: UnexpectedContainerExit, LastErrorTimestamp: 06/02/2026 19:04:53, LastErrorDetails: Pull image: iotcdv2026.azurecr.io/iot-app:v1 failed with unexpected exception., Details: Site is blocked due to multiple, consecutive cold start failures. Site scheduled to be unblocked at 06/02/2026 19:05:54, DetailsLevel: WARN
2026-06-02T19:05:10.0573007+00:00 ContainerStatus: Start site prohibitted because the site is being blocked.
2026-06-02T19:05:15.3144869+00:00 ContainerStatus: State: Blocked, Action: None, LastError: UnexpectedContainerExit, LastErrorTimestamp: 06/02/2026 19:04:53, LastErrorDetails: Pull image: iotcdv2026.azurecr.io/iot-app:v1 failed with unexpected exception., Details: Site is blocked due to multiple, consecutive cold start failures. Site scheduled to be unblocked at 06/02/2026 19:05:54, DetailsLevel: WARN
2026-06-02T19:05:15.3227769+00:00 ContainerStatus: Start site prohibitted because the site is being blocked.
2026-06-02T19:05:20.4752202+00:00 ContainerStatus: State: Blocked, Action: None, LastError: UnexpectedContainerExit, LastErrorTimestamp: 06/02/2026 19:04:53, LastErrorDetails: Pull image: iotcdv2026.azurecr.io/iot-app:v1 failed with unexpected exception., Details: Site is blocked due to multiple, consecutive cold start failures. Site scheduled to be unblocked at 06/02/2026 19:05:54, DetailsLevel: WARN
2026-06-02T19:05:20.4752426+00:00 ContainerStatus: Start site prohibitted because the site is being blocked.
2026-06-02T19:05:25.6670271+00:00 ContainerStatus: State: Blocked, Action: None, LastError: UnexpectedContainerExit, LastErrorTimestamp: 06/02/2026 19:04:53, LastErrorDetails: Pull image: iotcdv2026.azurecr.io/iot-app:v1 failed with unexpected exception., Details: Site is blocked due to multiple, consecutive cold start failures. Site scheduled to be unblocked at 06/02/2026 19:05:54, DetailsLevel: WARN
2026-06-02T19:05:25.6671559+00:00 ContainerStatus: Start site prohibitted because the site is being blocked.
2026-06-02T19:05:31.0286714+00:00 ContainerStatus: State: Blocked, Action: None, LastError: UnexpectedContainerExit, LastErrorTimestamp: 06/02/2026 19:04:53, LastErrorDetails: Pull image: iotcdv2026.azurecr.io/iot-app:v1 failed with unexpected exception., Details: Site is blocked due to multiple, consecutive cold start failures. Site scheduled to be unblocked at 06/02/2026 19:05:54, DetailsLevel: WARN
2026-06-02T19:05:31.0287599+00:00 ContainerStatus: Start site prohibitted because the site is being blocked.
2026-06-02T19:05:36.1770129+00:00 ContainerStatus: State: Blocked, Action: None, LastError: UnexpectedContainerExit, LastErrorTimestamp: 06/02/2026 19:04:53, LastErrorDetails: Pull image: iotcdv2026.azurecr.io/iot-app:v1 failed with unexpected exception., Details: Site is blocked due to multiple, consecutive cold start failures. Site scheduled to be unblocked at 06/02/2026 19:05:54, DetailsLevel: WARN
2026-06-02T19:05:36.1770412+00:00 ContainerStatus: Start site prohibitted because the site is being blocked.
2026-06-02T19:05:41.2715806+00:00 ContainerStatus: State: Blocked, Action: None, LastError: UnexpectedContainerExit, LastErrorTimestamp: 06/02/2026 19:04:53, LastErrorDetails: Pull image: iotcdv2026.azurecr.io/iot-app:v1 failed with unexpected exception., Details: Site is blocked due to multiple, consecutive cold start failures. Site scheduled to be unblocked at 06/02/2026 19:05:54, DetailsLevel: WARN
2026-06-02T19:05:41.2718009+00:00 ContainerStatus: Start site prohibitted because the site is being blocked.
2026-06-02T19:05:46.4206382+00:00 ContainerStatus: State: Blocked, Action: None, LastError: UnexpectedContainerExit, LastErrorTimestamp: 06/02/2026 19:04:53, LastErrorDetails: Pull image: iotcdv2026.azurecr.io/iot-app:v1 failed with unexpected exception., Details: Site is blocked due to multiple, consecutive cold start failures. Site scheduled to be unblocked at 06/02/2026 19:05:54, DetailsLevel: WARN
2026-06-02T19:05:46.4209863+00:00 ContainerStatus: Start site prohibitted because the site is being blocked.
2026-06-02T19:05:51.5234742+00:00 ContainerStatus: State: Blocked, Action: None, LastError: UnexpectedContainerExit, LastErrorTimestamp: 06/02/2026 19:04:53, LastErrorDetails: Pull image: iotcdv2026.azurecr.io/iot-app:v1 failed with unexpected exception., Details: Site is blocked due to multiple, consecutive cold start failures. Site scheduled to be unblocked at 06/02/2026 19:05:54, DetailsLevel: WARN
2026-06-02T19:05:51.5236006+00:00 ContainerStatus: Start site prohibitted because the site is being blocked.
2026-06-02T19:05:54.2207259+00:00 ContainerStatus: Site: iot-maja-asia is unblocked.
2026-06-02T19:05:56.6823008+00:00 ContainerStatus: State: Starting, Action: EstablishingSiteNetworks, LastError: UnexpectedContainerExit, LastErrorTimestamp: 06/02/2026 19:04:53, LastErrorDetails: Pull image: iotcdv2026.azurecr.io/iot-app:v1 failed with unexpected exception., Details: Site is blocked due to multiple, consecutive cold start failures. Site scheduled to be unblocked at 06/02/2026 19:05:54, DetailsLevel: WARN
2026-06-02T19:05:57.8989064+00:00 ContainerStatus: State: Starting, Action: StartingSiteContainers, LastError: UnexpectedContainerExit, LastErrorTimestamp: 06/02/2026 19:04:53, LastErrorDetails: Pull image: iotcdv2026.azurecr.io/iot-app:v1 failed with unexpected exception., Details: Site is blocked due to multiple, consecutive cold start failures. Site scheduled to be unblocked at 06/02/2026 19:05:54, DetailsLevel: WARN
2026-06-02T19:05:57.8990327+00:00 ContainerStatus: Container start method called.
2026-06-02T19:05:57.8990717+00:00 ContainerStatus: State: Starting, Action: PullingImage, LastError: UnexpectedContainerExit, LastErrorTimestamp: 06/02/2026 19:04:53, LastErrorDetails: Pull image: iotcdv2026.azurecr.io/iot-app:v1 failed with unexpected exception., Details: Pulling image iotcdv2026.azurecr.io/iot-app:v1 for iot-maja-asia., DetailsLevel: INFO
2026-06-02T19:05:57.8991468+00:00 ContainerStatus: Establishing network.
2026-06-02T19:05:57.8992381+00:00 ContainerStatus: Pulling image: iotcdv2026.azurecr.io/iot-app:v1.
2026-06-02T19:05:58.2487238+00:00 ContainerStatus: Container pull image failed with reason: ImagePullFailure. Revert by terminate.
2026-06-02T19:05:58.2493777+00:00 ContainerStatus: Container is terminating. Grace period: 5 seconds.
2026-06-02T19:05:58.2498320+00:00 ContainerStatus: Container spec TerminationMessagePolicy  path 
2026-06-02T19:05:58.2499872+00:00 ContainerStatus: Container is terminated. Total time elapsed: 0 ms.
2026-06-02T19:05:58.2504713+00:00 ContainerStatus: Site container: iot-maja-asia terminated during site startup.
2026-06-02T19:05:58.2508075+00:00 ContainerStatus: State: Stopping, Action: CancellingStartup, LastError: UnexpectedContainerExit, LastErrorTimestamp: 06/02/2026 19:04:53, LastErrorDetails: Pull image: iotcdv2026.azurecr.io/iot-app:v1 failed with unexpected exception., Details: Site container: iot-maja-asia terminated during site startup. Cancelling site startup., DetailsLevel: ERR
2026-06-02T19:05:58.2599590+00:00 ContainerStatus: State: Stopping, Action: CancellingStartup, LastError: UnexpectedContainerExit, LastErrorTimestamp: 06/02/2026 19:05:58, LastErrorDetails: Pull image: iotcdv2026.azurecr.io/iot-app:v1 failed with unexpected exception., Details: Site container: iot-maja-asia terminated during site startup. Cancelling site startup., DetailsLevel: ERR
2026-06-02T19:05:58.2814551+00:00 ContainerStatus: Failed to start site. Revert by stopping site.
2026-06-02T19:05:58.2816115+00:00 ContainerStatus: State: Stopping, Action: StoppingSite, LastError: UnexpectedContainerExit, LastErrorTimestamp: 06/02/2026 19:05:58, LastErrorDetails: Pull image: iotcdv2026.azurecr.io/iot-app:v1 failed with unexpected exception., Details: Site container: iot-maja-asia terminated during site startup. Cancelling site startup., DetailsLevel: ERR
2026-06-02T19:05:58.2901636+00:00 ContainerStatus: State: Stopping, Action: StoppingSiteContainers, LastError: UnexpectedContainerExit, LastErrorTimestamp: 06/02/2026 19:05:58, LastErrorDetails: Pull image: iotcdv2026.azurecr.io/iot-app:v1 failed with unexpected exception., Details: Site container: iot-maja-asia terminated during site startup. Cancelling site startup., DetailsLevel: ERR
2026-06-02T19:05:58.2901996+00:00 ContainerStatus: Site: iot-maja-asia stopped.
========== New Cold Start Attempt (2026-06-02T19:05:58.3412487+00:00) ==========
2026-06-02T19:05:58.3412487+00:00 ContainerStatus: State: Stopping, Action: UnmountingVolumes, LastError: UnexpectedContainerExit, LastErrorTimestamp: 06/02/2026 19:05:58, LastErrorDetails: Pull image: iotcdv2026.azurecr.io/iot-app:v1 failed with unexpected exception., Details: Site container: iot-maja-asia terminated during site startup. Cancelling site startup., DetailsLevel: ERR
2026-06-02T19:05:58.5211219+00:00 ContainerStatus: State: Stopping, Action: StoppingSiteNetworks, LastError: UnexpectedContainerExit, LastErrorTimestamp: 06/02/2026 19:05:58, LastErrorDetails: Pull image: iotcdv2026.azurecr.io/iot-app:v1 failed with unexpected exception., Details: Site container: iot-maja-asia terminated during site startup. Cancelling site startup., DetailsLevel: ERR
2026-06-02T19:05:58.8065384+00:00 ContainerStatus: Site: iot-maja-asia will be blocked for 1 minutes till 06/02/2026 19:06:58
2026-06-02T19:05:58.8162536+00:00 ContainerStatus: State: Blocked, Action: StoppingSiteNetworks, LastError: UnexpectedContainerExit, LastErrorTimestamp: 06/02/2026 19:05:58, LastErrorDetails: Pull image: iotcdv2026.azurecr.io/iot-app:v1 failed with unexpected exception., Details: Site: iot-maja-asia will be blocked for 1 minutes till 06/02/2026 19:06:58, DetailsLevel: WARN
2026-06-02T19:05:58.8171600+00:00 ContainerStatus: State: Stopped, Action: None, LastError: UnexpectedContainerExit, LastErrorTimestamp: 06/02/2026 19:05:58, LastErrorDetails: Pull image: iotcdv2026.azurecr.io/iot-app:v1 failed with unexpected exception., Details: Site stopped at 06/02/2026 19:05:58 (UTC), DetailsLevel: WARN
2026-06-02T19:05:59.3324095+00:00 ContainerStatus: State: Stopped, Action: None, LastError: UnexpectedContainerExit, LastErrorTimestamp: 06/02/2026 19:05:58, LastErrorDetails: Pull image: iotcdv2026.azurecr.io/iot-app:v1 failed with unexpected exception., Details: Site stopped at 06/02/2026 19:05:58 (UTC), DetailsLevel: WARN
2026-06-02T19:06:04.2050728+00:00 ContainerStatus: State: Blocked, Action: None, LastError: UnexpectedContainerExit, LastErrorTimestamp: 06/02/2026 19:05:58, LastErrorDetails: Pull image: iotcdv2026.azurecr.io/iot-app:v1 failed with unexpected exception., Details: Site is blocked due to multiple, consecutive cold start failures. Site scheduled to be unblocked at 06/02/2026 19:06:58, DetailsLevel: WARN
2026-06-02T19:06:04.2050957+00:00 ContainerStatus: Start site prohibitted because the site is being blocked.
2026-06-02T19:06:09.3399646+00:00 ContainerStatus: State: Blocked, Action: None, LastError: UnexpectedContainerExit, LastErrorTimestamp: 06/02/2026 19:05:58, LastErrorDetails: Pull image: iotcdv2026.azurecr.io/iot-app:v1 failed with unexpected exception., Details: Site is blocked due to multiple, consecutive cold start failures. Site scheduled to be unblocked at 06/02/2026 19:06:58, DetailsLevel: WARN
2026-06-02T19:06:09.3399903+00:00 ContainerStatus: Start site prohibitted because the site is being blocked.
2026-06-02T19:06:14.4488489+00:00 ContainerStatus: State: Blocked, Action: None, LastError: UnexpectedContainerExit, LastErrorTimestamp: 06/02/2026 19:05:58, LastErrorDetails: Pull image: iotcdv2026.azurecr.io/iot-app:v1 failed with unexpected exception., Details: Site is blocked due to multiple, consecutive cold start failures. Site scheduled to be unblocked at 06/02/2026 19:06:58, DetailsLevel: WARN
2026-06-02T19:06:14.4489914+00:00 ContainerStatus: Start site prohibitted because the site is being blocked.
2026-06-02T19:06:19.5400212+00:00 ContainerStatus: State: Blocked, Action: None, LastError: UnexpectedContainerExit, LastErrorTimestamp: 06/02/2026 19:05:58, LastErrorDetails: Pull image: iotcdv2026.azurecr.io/iot-app:v1 failed with unexpected exception., Details: Site is blocked due to multiple, consecutive cold start failures. Site scheduled to be unblocked at 06/02/2026 19:06:58, DetailsLevel: WARN
2026-06-02T19:06:19.5401588+00:00 ContainerStatus: Start site prohibitted because the site is being blocked.
2026-06-02T19:06:58.8071401+00:00 ContainerStatus: Site: iot-maja-asia is unblocked.
2026-06-02T19:08:05.5035409+00:00 ContainerStatus: State: Starting, Action: EstablishingSiteNetworks, LastError: UnexpectedContainerExit, LastErrorTimestamp: 06/02/2026 19:05:58, LastErrorDetails: Pull image: iotcdv2026.azurecr.io/iot-app:v1 failed with unexpected exception., Details: Site is blocked due to multiple, consecutive cold start failures. Site scheduled to be unblocked at 06/02/2026 19:06:58, DetailsLevel: WARN
2026-06-02T19:08:06.8406088+00:00 ContainerStatus: State: Starting, Action: StartingSiteContainers, LastError: UnexpectedContainerExit, LastErrorTimestamp: 06/02/2026 19:05:58, LastErrorDetails: Pull image: iotcdv2026.azurecr.io/iot-app:v1 failed with unexpected exception., Details: Site is blocked due to multiple, consecutive cold start failures. Site scheduled to be unblocked at 06/02/2026 19:06:58, DetailsLevel: WARN
2026-06-02T19:08:06.8531239+00:00 ContainerStatus: Container start method called.
2026-06-02T19:08:06.8608371+00:00 ContainerStatus: State: Starting, Action: PullingImage, LastError: UnexpectedContainerExit, LastErrorTimestamp: 06/02/2026 19:05:58, LastErrorDetails: Pull image: iotcdv2026.azurecr.io/iot-app:v1 failed with unexpected exception., Details: Pulling image iotcdv2026.azurecr.io/iot-app:v1 for iot-maja-asia., DetailsLevel: INFO
2026-06-02T19:08:06.8610562+00:00 ContainerStatus: Establishing network.
2026-06-02T19:08:06.8618142+00:00 ContainerStatus: Pulling image: iotcdv2026.azurecr.io/iot-app:v1.
2026-06-02T19:08:07.7285330+00:00 ContainerStatus: Container pull image failed with reason: ImagePullFailure. Revert by terminate.
2026-06-02T19:08:07.7360937+00:00 ContainerStatus: Container is terminating. Grace period: 5 seconds.
2026-06-02T19:08:07.7379417+00:00 ContainerStatus: Container spec TerminationMessagePolicy  path 
2026-06-02T19:08:07.7381695+00:00 ContainerStatus: Container is terminated. Total time elapsed: 1 ms.
2026-06-02T19:08:07.7462744+00:00 ContainerStatus: Site container: iot-maja-asia terminated during site startup.
2026-06-02T19:08:07.7465935+00:00 ContainerStatus: State: Stopping, Action: CancellingStartup, LastError: UnexpectedContainerExit, LastErrorTimestamp: 06/02/2026 19:05:58, LastErrorDetails: Pull image: iotcdv2026.azurecr.io/iot-app:v1 failed with unexpected exception., Details: Site container: iot-maja-asia terminated during site startup. Cancelling site startup., DetailsLevel: ERR
2026-06-02T19:08:07.7483932+00:00 ContainerStatus: State: Stopping, Action: CancellingStartup, LastError: UnexpectedContainerExit, LastErrorTimestamp: 06/02/2026 19:08:07, LastErrorDetails: Pull image: iotcdv2026.azurecr.io/iot-app:v1 failed with unexpected exception., Details: Site container: iot-maja-asia terminated during site startup. Cancelling site startup., DetailsLevel: ERR
2026-06-02T19:08:07.7791675+00:00 ContainerStatus: Failed to start site. Revert by stopping site.
2026-06-02T19:08:07.7880347+00:00 ContainerStatus: State: Stopping, Action: StoppingSite, LastError: UnexpectedContainerExit, LastErrorTimestamp: 06/02/2026 19:08:07, LastErrorDetails: Pull image: iotcdv2026.azurecr.io/iot-app:v1 failed with unexpected exception., Details: Site container: iot-maja-asia terminated during site startup. Cancelling site startup., DetailsLevel: ERR
2026-06-02T19:08:07.7959367+00:00 ContainerStatus: State: Stopping, Action: StoppingSiteContainers, LastError: UnexpectedContainerExit, LastErrorTimestamp: 06/02/2026 19:08:07, LastErrorDetails: Pull image: iotcdv2026.azurecr.io/iot-app:v1 failed with unexpected exception., Details: Site container: iot-maja-asia terminated during site startup. Cancelling site startup., DetailsLevel: ERR
2026-06-02T19:08:07.7959771+00:00 ContainerStatus: Site: iot-maja-asia stopped.
========== New Cold Start Attempt (2026-06-02T19:22:05.4300128+00:00) ==========
2026-06-02T19:22:05.4300128+00:00 ContainerStatus: State: Starting, Action: EstablishingSiteNetworks, LastError: UnexpectedContainerExit, LastErrorTimestamp: 06/02/2026 19:08:07, LastErrorDetails: Pull image: iotcdv2026.azurecr.io/iot-app:v1 failed with unexpected exception., Details: Site stopped at 06/02/2026 19:08:08 (UTC), DetailsLevel: WARN
2026-06-02T19:22:10.1193394+00:00 ContainerStatus: State: Starting, Action: StartingMsiContainer, LastError: UnexpectedContainerExit, LastErrorTimestamp: 06/02/2026 19:08:07, LastErrorDetails: Pull image: iotcdv2026.azurecr.io/iot-app:v1 failed with unexpected exception., Details: Site stopped at 06/02/2026 19:08:08 (UTC), DetailsLevel: WARN
2026-06-02T19:22:28.2277850+00:00 ContainerStatus: State: Starting, Action: StartingSiteContainers, LastError: UnexpectedContainerExit, LastErrorTimestamp: 06/02/2026 19:08:07, LastErrorDetails: Pull image: iotcdv2026.azurecr.io/iot-app:v1 failed with unexpected exception., Details: Site stopped at 06/02/2026 19:08:08 (UTC), DetailsLevel: WARN
2026-06-02T19:22:28.2281997+00:00 ContainerStatus: Container start method called.
2026-06-02T19:22:28.2283648+00:00 ContainerStatus: State: Starting, Action: PullingImage, LastError: UnexpectedContainerExit, LastErrorTimestamp: 06/02/2026 19:08:07, LastErrorDetails: Pull image: iotcdv2026.azurecr.io/iot-app:v1 failed with unexpected exception., Details: Pulling image iotcdv2026.azurecr.io/iot-app:v1 for iot-maja-asia., DetailsLevel: INFO
2026-06-02T19:22:28.2285568+00:00 ContainerStatus: Establishing network.
2026-06-02T19:22:28.2287059+00:00 ContainerStatus: Pulling image: iotcdv2026.azurecr.io/iot-app:v1.
2026-06-02T19:22:32.9166668+00:00 ContainerStatus: Container pull image failed with reason: ImagePullFailure. Revert by terminate.
2026-06-02T19:22:32.9181478+00:00 ContainerStatus: Container is terminating. Grace period: 5 seconds.
2026-06-02T19:22:32.9259732+00:00 ContainerStatus: Container spec TerminationMessagePolicy  path 
2026-06-02T19:22:32.9266499+00:00 ContainerStatus: Container is terminated. Total time elapsed: 7 ms.
2026-06-02T19:22:32.9366305+00:00 ContainerStatus: Site container: iot-maja-asia terminated during site startup.
2026-06-02T19:22:32.9687646+00:00 ContainerStatus: State: Stopping, Action: CancellingStartup, LastError: UnexpectedContainerExit, LastErrorTimestamp: 06/02/2026 19:08:07, LastErrorDetails: Pull image: iotcdv2026.azurecr.io/iot-app:v1 failed with unexpected exception., Details: Site container: iot-maja-asia terminated during site startup. Cancelling site startup., DetailsLevel: ERR
2026-06-02T19:22:33.0262797+00:00 ContainerStatus: State: Stopping, Action: CancellingStartup, LastError: UnexpectedContainerExit, LastErrorTimestamp: 06/02/2026 19:22:33, LastErrorDetails: Pull image: iotcdv2026.azurecr.io/iot-app:v1 failed with unexpected exception., Details: Site container: iot-maja-asia terminated during site startup. Cancelling site startup., DetailsLevel: ERR
2026-06-02T19:22:33.1079840+00:00 ContainerStatus: Failed to start site. Revert by stopping site.
2026-06-02T19:22:33.1088169+00:00 ContainerStatus: State: Stopping, Action: StoppingSite, LastError: UnexpectedContainerExit, LastErrorTimestamp: 06/02/2026 19:22:33, LastErrorDetails: Pull image: iotcdv2026.azurecr.io/iot-app:v1 failed with unexpected exception., Details: Site container: iot-maja-asia terminated during site startup. Cancelling site startup., DetailsLevel: ERR
2026-06-02T19:22:33.1179188+00:00 ContainerStatus: State: Stopping, Action: StoppingSiteContainers, LastError: UnexpectedContainerExit, LastErrorTimestamp: 06/02/2026 19:22:33, LastErrorDetails: Pull image: iotcdv2026.azurecr.io/iot-app:v1 failed with unexpected exception., Details: Site container: iot-maja-asia terminated during site startup. Cancelling site startup., DetailsLevel: ERR
2026-06-02T19:22:34.2160225+00:00 ContainerStatus: Site container: iot-maja-asia_managedIdentity terminated during site startup.
2026-06-02T19:22:34.2261070+00:00 ContainerStatus: State: Stopping, Action: StoppingSiteContainers, LastError: UnexpectedContainerExit, LastErrorTimestamp: 06/02/2026 19:22:33, LastErrorDetails: Pull image: iotcdv2026.azurecr.io/iot-app:v1 failed with unexpected exception., Details: Site container: iot-maja-asia terminated during site startup. Cancelling site startup., DetailsLevel: ERR
2026-06-02T19:22:34.2440483+00:00 ContainerStatus: Site: iot-maja-asia stopped.
========== New Cold Start Attempt (2026-06-02T19:31:28.1734666+00:00) ==========
2026-06-02T19:31:28.1734666+00:00 ContainerStatus: State: Starting, Action: EstablishingSiteNetworks, LastError: UnexpectedContainerExit, LastErrorTimestamp: 06/02/2026 19:22:33, LastErrorDetails: Pull image: iotcdv2026.azurecr.io/iot-app:v1 failed with unexpected exception., Details: Site stopped at 06/02/2026 19:22:34 (UTC), DetailsLevel: ERR
2026-06-02T19:31:30.7534304+00:00 ContainerStatus: State: Starting, Action: StartingMsiContainer, LastError: UnexpectedContainerExit, LastErrorTimestamp: 06/02/2026 19:22:33, LastErrorDetails: Pull image: iotcdv2026.azurecr.io/iot-app:v1 failed with unexpected exception., Details: Site stopped at 06/02/2026 19:22:34 (UTC), DetailsLevel: ERR
2026-06-02T19:31:41.5012034+00:00 ContainerStatus: State: Starting, Action: StartingSiteContainers, LastError: UnexpectedContainerExit, LastErrorTimestamp: 06/02/2026 19:22:33, LastErrorDetails: Pull image: iotcdv2026.azurecr.io/iot-app:v1 failed with unexpected exception., Details: Site stopped at 06/02/2026 19:22:34 (UTC), DetailsLevel: ERR
2026-06-02T19:31:41.5204751+00:00 ContainerStatus: Container start method called.
2026-06-02T19:31:41.5394524+00:00 ContainerStatus: State: Starting, Action: PullingImage, LastError: UnexpectedContainerExit, LastErrorTimestamp: 06/02/2026 19:22:33, LastErrorDetails: Pull image: iotcdv2026.azurecr.io/iot-app:v1 failed with unexpected exception., Details: Pulling image iotcdv2026.azurecr.io/iot-app:v1 for iot-maja-asia., DetailsLevel: INFO
2026-06-02T19:31:41.5400368+00:00 ContainerStatus: Establishing network.
2026-06-02T19:31:41.5403806+00:00 ContainerStatus: Pulling image: iotcdv2026.azurecr.io/iot-app:v1.
2026-06-02T19:31:42.2698802+00:00 ContainerStatus: Container pull image failed with reason: ImagePullFailure. Revert by terminate.
2026-06-02T19:31:42.2704614+00:00 ContainerStatus: Container is terminating. Grace period: 5 seconds.
2026-06-02T19:31:42.2706736+00:00 ContainerStatus: Container spec TerminationMessagePolicy  path 
2026-06-02T19:31:42.2714498+00:00 ContainerStatus: Container is terminated. Total time elapsed: 0 ms.
2026-06-02T19:31:42.2717123+00:00 ContainerStatus: Site container: iot-maja-asia terminated during site startup.
2026-06-02T19:31:42.2718767+00:00 ContainerStatus: State: Stopping, Action: CancellingStartup, LastError: UnexpectedContainerExit, LastErrorTimestamp: 06/02/2026 19:22:33, LastErrorDetails: Pull image: iotcdv2026.azurecr.io/iot-app:v1 failed with unexpected exception., Details: Site container: iot-maja-asia terminated during site startup. Cancelling site startup., DetailsLevel: ERR
2026-06-02T19:31:42.2804891+00:00 ContainerStatus: State: Stopping, Action: CancellingStartup, LastError: UnexpectedContainerExit, LastErrorTimestamp: 06/02/2026 19:31:42, LastErrorDetails: Pull image: iotcdv2026.azurecr.io/iot-app:v1 failed with unexpected exception., Details: Site container: iot-maja-asia terminated during site startup. Cancelling site startup., DetailsLevel: ERR
2026-06-02T19:31:42.3021453+00:00 ContainerStatus: Failed to start site. Revert by stopping site.
2026-06-02T19:31:42.3028610+00:00 ContainerStatus: State: Stopping, Action: StoppingSite, LastError: UnexpectedContainerExit, LastErrorTimestamp: 06/02/2026 19:31:42, LastErrorDetails: Pull image: iotcdv2026.azurecr.io/iot-app:v1 failed with unexpected exception., Details: Site container: iot-maja-asia terminated during site startup. Cancelling site startup., DetailsLevel: ERR
2026-06-02T19:31:42.3108102+00:00 ContainerStatus: State: Stopping, Action: StoppingSiteContainers, LastError: UnexpectedContainerExit, LastErrorTimestamp: 06/02/2026 19:31:42, LastErrorDetails: Pull image: iotcdv2026.azurecr.io/iot-app:v1 failed with unexpected exception., Details: Site container: iot-maja-asia terminated during site startup. Cancelling site startup., DetailsLevel: ERR
2026-06-02T19:31:42.6751553+00:00 ContainerStatus: Site container: iot-maja-asia_managedIdentity terminated during site startup.
2026-06-02T19:31:42.6754604+00:00 ContainerStatus: State: Stopping, Action: StoppingSiteContainers, LastError: UnexpectedContainerExit, LastErrorTimestamp: 06/02/2026 19:31:42, LastErrorDetails: Pull image: iotcdv2026.azurecr.io/iot-app:v1 failed with unexpected exception., Details: Site container: iot-maja-asia terminated during site startup. Cancelling site startup., DetailsLevel: ERR
2026-06-02T19:31:42.6756091+00:00 ContainerStatus: Site: iot-maja-asia stopped.
