2026-06-01T14:37:15.1945825+00:00 ContainerStatus: State: Starting, Action: EstablishingSiteNetworks, LastError: , LastErrorTimestamp: 01/01/0001 00:00:00, LastErrorDetails: , Details: , DetailsLevel: INFO
2026-06-01T14:37:15.9571799+00:00 ContainerStatus: State: Starting, Action: StartingSiteContainers, LastError: , LastErrorTimestamp: 01/01/0001 00:00:00, LastErrorDetails: , Details: , DetailsLevel: INFO
2026-06-01T14:37:15.9611048+00:00 ContainerStatus: Container start method called.
2026-06-01T14:37:15.9660007+00:00 ContainerStatus: State: Starting, Action: PullingImage, LastError: , LastErrorTimestamp: 01/01/0001 00:00:00, LastErrorDetails: , Details: Pulling image iotcdv2026.azurecr.io/iot-app:v1 for iot-maja-asia., DetailsLevel: INFO
2026-06-01T14:37:15.9667264+00:00 ContainerStatus: Establishing network.
2026-06-01T14:37:15.9672578+00:00 ContainerStatus: Pulling image: iotcdv2026.azurecr.io/iot-app:v1.
2026-06-01T14:37:17.8664456+00:00 ContainerStatus: Container pull image failed with reason: ImagePullFailure. Revert by terminate.
2026-06-01T14:37:17.8694299+00:00 ContainerStatus: Container is terminating. Grace period: 5 seconds.
2026-06-01T14:37:17.8707959+00:00 ContainerStatus: Container spec TerminationMessagePolicy  path 
2026-06-01T14:37:17.8722442+00:00 ContainerStatus: Container is terminated. Total time elapsed: 2 ms.
2026-06-01T14:37:17.8724079+00:00 ContainerStatus: Site container: iot-maja-asia terminated during site startup.
2026-06-01T14:37:17.8732524+00:00 ContainerStatus: State: Stopping, Action: CancellingStartup, LastError: , LastErrorTimestamp: 01/01/0001 00:00:00, LastErrorDetails: , Details: Site container: iot-maja-asia terminated during site startup. Cancelling site startup., DetailsLevel: ERR
2026-06-01T14:37:17.8825151+00:00 ContainerStatus: State: Stopping, Action: CancellingStartup, LastError: ImagePullUnauthorizedFailure, LastErrorTimestamp: 06/01/2026 14:37:17, LastErrorDetails: Failed to pull image: iotcdv2026.azurecr.io/iot-app:v1. Image pull failed with forbidden or unauthorized. Check registry credentials., Details: Site container: iot-maja-asia terminated during site startup. Cancelling site startup., DetailsLevel: ERR
2026-06-01T14:37:17.8868163+00:00 ContainerStatus: Failed to start site. Revert by stopping site.
2026-06-01T14:37:17.8909079+00:00 ContainerStatus: State: Stopping, Action: StoppingSite, LastError: ImagePullUnauthorizedFailure, LastErrorTimestamp: 06/01/2026 14:37:17, LastErrorDetails: Failed to pull image: iotcdv2026.azurecr.io/iot-app:v1. Image pull failed with forbidden or unauthorized. Check registry credentials., Details: Site container: iot-maja-asia terminated during site startup. Cancelling site startup., DetailsLevel: ERR
2026-06-01T14:37:17.8928467+00:00 ContainerStatus: State: Stopping, Action: StoppingSiteContainers, LastError: ImagePullUnauthorizedFailure, LastErrorTimestamp: 06/01/2026 14:37:17, LastErrorDetails: Failed to pull image: iotcdv2026.azurecr.io/iot-app:v1. Image pull failed with forbidden or unauthorized. Check registry credentials., Details: Site container: iot-maja-asia terminated during site startup. Cancelling site startup., DetailsLevel: ERR
2026-06-01T14:37:17.8938827+00:00 ContainerStatus: Site: iot-maja-asia stopped.
========== New Cold Start Attempt (2026-06-01T14:37:17.9019919+00:00) ==========
2026-06-01T14:37:17.9019919+00:00 ContainerStatus: State: Stopping, Action: UnmountingVolumes, LastError: ImagePullUnauthorizedFailure, LastErrorTimestamp: 06/01/2026 14:37:17, LastErrorDetails: Failed to pull image: iotcdv2026.azurecr.io/iot-app:v1. Image pull failed with forbidden or unauthorized. Check registry credentials., Details: Site container: iot-maja-asia terminated during site startup. Cancelling site startup., DetailsLevel: ERR
2026-06-01T14:37:17.9797783+00:00 ContainerStatus: State: Stopping, Action: StoppingSiteNetworks, LastError: ImagePullUnauthorizedFailure, LastErrorTimestamp: 06/01/2026 14:37:17, LastErrorDetails: Failed to pull image: iotcdv2026.azurecr.io/iot-app:v1. Image pull failed with forbidden or unauthorized. Check registry credentials., Details: Site container: iot-maja-asia terminated during site startup. Cancelling site startup., DetailsLevel: ERR
2026-06-01T14:37:18.1616948+00:00 ContainerStatus: State: Stopped, Action: None, LastError: ImagePullUnauthorizedFailure, LastErrorTimestamp: 06/01/2026 14:37:17, LastErrorDetails: Failed to pull image: iotcdv2026.azurecr.io/iot-app:v1. Image pull failed with forbidden or unauthorized. Check registry credentials., Details: Site stopped at 06/01/2026 14:37:18 (UTC), DetailsLevel: ERR
2026-06-01T14:37:18.2723939+00:00 ContainerStatus: State: Stopped, Action: None, LastError: ImagePullUnauthorizedFailure, LastErrorTimestamp: 06/01/2026 14:37:17, LastErrorDetails: Failed to pull image: iotcdv2026.azurecr.io/iot-app:v1. Image pull failed with forbidden or unauthorized. Check registry credentials., Details: Site stopped at 06/01/2026 14:37:18 (UTC), DetailsLevel: ERR
2026-06-01T14:37:22.1590087+00:00 ContainerStatus: State: Starting, Action: EstablishingSiteNetworks, LastError: ImagePullUnauthorizedFailure, LastErrorTimestamp: 06/01/2026 14:37:17, LastErrorDetails: Failed to pull image: iotcdv2026.azurecr.io/iot-app:v1. Image pull failed with forbidden or unauthorized. Check registry credentials., Details: Site stopped at 06/01/2026 14:37:18 (UTC), DetailsLevel: ERR
2026-06-01T14:37:22.5411458+00:00 ContainerStatus: State: Starting, Action: StartingSiteContainers, LastError: ImagePullUnauthorizedFailure, LastErrorTimestamp: 06/01/2026 14:37:17, LastErrorDetails: Failed to pull image: iotcdv2026.azurecr.io/iot-app:v1. Image pull failed with forbidden or unauthorized. Check registry credentials., Details: Site stopped at 06/01/2026 14:37:18 (UTC), DetailsLevel: ERR
2026-06-01T14:37:22.5413198+00:00 ContainerStatus: Container start method called.
2026-06-01T14:37:22.5414393+00:00 ContainerStatus: State: Starting, Action: PullingImage, LastError: ImagePullUnauthorizedFailure, LastErrorTimestamp: 06/01/2026 14:37:17, LastErrorDetails: Failed to pull image: iotcdv2026.azurecr.io/iot-app:v1. Image pull failed with forbidden or unauthorized. Check registry credentials., Details: Pulling image iotcdv2026.azurecr.io/iot-app:v1 for iot-maja-asia., DetailsLevel: INFO
2026-06-01T14:37:22.5417248+00:00 ContainerStatus: Establishing network.
2026-06-01T14:37:22.5425587+00:00 ContainerStatus: Pulling image: iotcdv2026.azurecr.io/iot-app:v1.
2026-06-01T14:37:22.7934195+00:00 ContainerStatus: Container pull image failed with reason: ImagePullFailure. Revert by terminate.
2026-06-01T14:37:22.7943656+00:00 ContainerStatus: Container is terminating. Grace period: 5 seconds.
2026-06-01T14:37:22.7949908+00:00 ContainerStatus: Container spec TerminationMessagePolicy  path 
2026-06-01T14:37:22.7953464+00:00 ContainerStatus: Container is terminated. Total time elapsed: 0 ms.
2026-06-01T14:37:22.7962867+00:00 ContainerStatus: Site container: iot-maja-asia terminated during site startup.
2026-06-01T14:37:22.7968924+00:00 ContainerStatus: State: Stopping, Action: CancellingStartup, LastError: ImagePullUnauthorizedFailure, LastErrorTimestamp: 06/01/2026 14:37:17, LastErrorDetails: Failed to pull image: iotcdv2026.azurecr.io/iot-app:v1. Image pull failed with forbidden or unauthorized. Check registry credentials., Details: Site container: iot-maja-asia terminated during site startup. Cancelling site startup., DetailsLevel: ERR
2026-06-01T14:37:22.7994254+00:00 ContainerStatus: State: Stopping, Action: CancellingStartup, LastError: UnexpectedContainerExit, LastErrorTimestamp: 06/01/2026 14:37:22, LastErrorDetails: Pull image: iotcdv2026.azurecr.io/iot-app:v1 failed with unexpected exception., Details: Site container: iot-maja-asia terminated during site startup. Cancelling site startup., DetailsLevel: ERR
2026-06-01T14:37:22.8266764+00:00 ContainerStatus: Failed to start site. Revert by stopping site.
2026-06-01T14:37:22.8270805+00:00 ContainerStatus: State: Stopping, Action: StoppingSite, LastError: UnexpectedContainerExit, LastErrorTimestamp: 06/01/2026 14:37:22, LastErrorDetails: Pull image: iotcdv2026.azurecr.io/iot-app:v1 failed with unexpected exception., Details: Site container: iot-maja-asia terminated during site startup. Cancelling site startup., DetailsLevel: ERR
2026-06-01T14:37:22.8286205+00:00 ContainerStatus: State: Stopping, Action: StoppingSiteContainers, LastError: UnexpectedContainerExit, LastErrorTimestamp: 06/01/2026 14:37:22, LastErrorDetails: Pull image: iotcdv2026.azurecr.io/iot-app:v1 failed with unexpected exception., Details: Site container: iot-maja-asia terminated during site startup. Cancelling site startup., DetailsLevel: ERR
2026-06-01T14:37:22.8286578+00:00 ContainerStatus: Site: iot-maja-asia stopped.
========== New Cold Start Attempt (2026-06-01T14:43:21.2393362+00:00) ==========
2026-06-01T14:43:21.2393362+00:00 ContainerStatus: State: Starting, Action: EstablishingSiteNetworks, LastError: , LastErrorTimestamp: 01/01/0001 00:00:00, LastErrorDetails: , Details: , DetailsLevel: INFO
2026-06-01T14:43:21.8119968+00:00 ContainerStatus: State: Starting, Action: StartingSiteContainers, LastError: , LastErrorTimestamp: 01/01/0001 00:00:00, LastErrorDetails: , Details: , DetailsLevel: INFO
2026-06-01T14:43:21.8121566+00:00 ContainerStatus: Container start method called.
2026-06-01T14:43:21.8135780+00:00 ContainerStatus: State: Starting, Action: PullingImage, LastError: , LastErrorTimestamp: 01/01/0001 00:00:00, LastErrorDetails: , Details: Pulling image iotcdv2026.azurecr.io/iot-app:v1 for iot-maja-asia., DetailsLevel: INFO
2026-06-01T14:43:21.8139610+00:00 ContainerStatus: Establishing network.
2026-06-01T14:43:21.8141196+00:00 ContainerStatus: Pulling image: iotcdv2026.azurecr.io/iot-app:v1.
2026-06-01T14:43:22.0660497+00:00 ContainerStatus: Container pull image failed with reason: ImagePullFailure. Revert by terminate.
2026-06-01T14:43:22.0671287+00:00 ContainerStatus: Container is terminating. Grace period: 5 seconds.
2026-06-01T14:43:22.0672501+00:00 ContainerStatus: Container spec TerminationMessagePolicy  path 
2026-06-01T14:43:22.0673995+00:00 ContainerStatus: Container is terminated. Total time elapsed: 0 ms.
2026-06-01T14:43:22.0675574+00:00 ContainerStatus: Site container: iot-maja-asia terminated during site startup.
2026-06-01T14:43:22.0676490+00:00 ContainerStatus: State: Stopping, Action: CancellingStartup, LastError: , LastErrorTimestamp: 01/01/0001 00:00:00, LastErrorDetails: , Details: Site container: iot-maja-asia terminated during site startup. Cancelling site startup., DetailsLevel: ERR
2026-06-01T14:43:22.0700941+00:00 ContainerStatus: State: Stopping, Action: CancellingStartup, LastError: UnexpectedContainerExit, LastErrorTimestamp: 06/01/2026 14:43:22, LastErrorDetails: Pull image: iotcdv2026.azurecr.io/iot-app:v1 failed with unexpected exception., Details: Site container: iot-maja-asia terminated during site startup. Cancelling site startup., DetailsLevel: ERR
2026-06-01T14:43:22.0766800+00:00 ContainerStatus: Failed to start site. Revert by stopping site.
2026-06-01T14:43:22.0767827+00:00 ContainerStatus: State: Stopping, Action: StoppingSite, LastError: UnexpectedContainerExit, LastErrorTimestamp: 06/01/2026 14:43:22, LastErrorDetails: Pull image: iotcdv2026.azurecr.io/iot-app:v1 failed with unexpected exception., Details: Site container: iot-maja-asia terminated during site startup. Cancelling site startup., DetailsLevel: ERR
2026-06-01T14:43:22.0774584+00:00 ContainerStatus: State: Stopping, Action: StoppingSiteContainers, LastError: UnexpectedContainerExit, LastErrorTimestamp: 06/01/2026 14:43:22, LastErrorDetails: Pull image: iotcdv2026.azurecr.io/iot-app:v1 failed with unexpected exception., Details: Site container: iot-maja-asia terminated during site startup. Cancelling site startup., DetailsLevel: ERR
2026-06-01T14:43:22.0774953+00:00 ContainerStatus: Site: iot-maja-asia stopped.
========== New Cold Start Attempt (2026-06-01T14:43:22.0875990+00:00) ==========
2026-06-01T14:43:22.0875990+00:00 ContainerStatus: State: Stopping, Action: UnmountingVolumes, LastError: UnexpectedContainerExit, LastErrorTimestamp: 06/01/2026 14:43:22, LastErrorDetails: Pull image: iotcdv2026.azurecr.io/iot-app:v1 failed with unexpected exception., Details: Site container: iot-maja-asia terminated during site startup. Cancelling site startup., DetailsLevel: ERR
2026-06-01T14:43:22.1236389+00:00 ContainerStatus: State: Stopping, Action: StoppingSiteNetworks, LastError: UnexpectedContainerExit, LastErrorTimestamp: 06/01/2026 14:43:22, LastErrorDetails: Pull image: iotcdv2026.azurecr.io/iot-app:v1 failed with unexpected exception., Details: Site container: iot-maja-asia terminated during site startup. Cancelling site startup., DetailsLevel: ERR
2026-06-01T14:43:22.3396077+00:00 ContainerStatus: State: Stopped, Action: None, LastError: UnexpectedContainerExit, LastErrorTimestamp: 06/01/2026 14:43:22, LastErrorDetails: Pull image: iotcdv2026.azurecr.io/iot-app:v1 failed with unexpected exception., Details: Site stopped at 06/01/2026 14:43:22 (UTC), DetailsLevel: ERR
2026-06-01T14:43:22.4553277+00:00 ContainerStatus: State: Stopped, Action: None, LastError: UnexpectedContainerExit, LastErrorTimestamp: 06/01/2026 14:43:22, LastErrorDetails: Pull image: iotcdv2026.azurecr.io/iot-app:v1 failed with unexpected exception., Details: Site stopped at 06/01/2026 14:43:22 (UTC), DetailsLevel: ERR
2026-06-01T14:43:27.7655294+00:00 ContainerStatus: State: Starting, Action: EstablishingSiteNetworks, LastError: UnexpectedContainerExit, LastErrorTimestamp: 06/01/2026 14:43:22, LastErrorDetails: Pull image: iotcdv2026.azurecr.io/iot-app:v1 failed with unexpected exception., Details: Site stopped at 06/01/2026 14:43:22 (UTC), DetailsLevel: ERR
2026-06-01T14:43:27.9814185+00:00 ContainerStatus: State: Starting, Action: StartingSiteContainers, LastError: UnexpectedContainerExit, LastErrorTimestamp: 06/01/2026 14:43:22, LastErrorDetails: Pull image: iotcdv2026.azurecr.io/iot-app:v1 failed with unexpected exception., Details: Site stopped at 06/01/2026 14:43:22 (UTC), DetailsLevel: ERR
2026-06-01T14:43:27.9838207+00:00 ContainerStatus: Container start method called.
2026-06-01T14:43:27.9839056+00:00 ContainerStatus: State: Starting, Action: PullingImage, LastError: UnexpectedContainerExit, LastErrorTimestamp: 06/01/2026 14:43:22, LastErrorDetails: Pull image: iotcdv2026.azurecr.io/iot-app:v1 failed with unexpected exception., Details: Pulling image iotcdv2026.azurecr.io/iot-app:v1 for iot-maja-asia., DetailsLevel: INFO
2026-06-01T14:43:27.9840494+00:00 ContainerStatus: Establishing network.
2026-06-01T14:43:27.9863907+00:00 ContainerStatus: Pulling image: iotcdv2026.azurecr.io/iot-app:v1.
2026-06-01T14:43:28.1165251+00:00 ContainerStatus: Container pull image failed with reason: ImagePullFailure. Revert by terminate.
2026-06-01T14:43:28.1167055+00:00 ContainerStatus: Container is terminating. Grace period: 5 seconds.
2026-06-01T14:43:28.1175042+00:00 ContainerStatus: Container spec TerminationMessagePolicy  path 
2026-06-01T14:43:28.1176506+00:00 ContainerStatus: Container is terminated. Total time elapsed: 0 ms.
2026-06-01T14:43:28.1177612+00:00 ContainerStatus: Site container: iot-maja-asia terminated during site startup.
2026-06-01T14:43:28.1178192+00:00 ContainerStatus: State: Stopping, Action: CancellingStartup, LastError: UnexpectedContainerExit, LastErrorTimestamp: 06/01/2026 14:43:22, LastErrorDetails: Pull image: iotcdv2026.azurecr.io/iot-app:v1 failed with unexpected exception., Details: Site container: iot-maja-asia terminated during site startup. Cancelling site startup., DetailsLevel: ERR
2026-06-01T14:43:28.1203725+00:00 ContainerStatus: State: Stopping, Action: CancellingStartup, LastError: UnexpectedContainerExit, LastErrorTimestamp: 06/01/2026 14:43:28, LastErrorDetails: Pull image: iotcdv2026.azurecr.io/iot-app:v1 failed with unexpected exception., Details: Site container: iot-maja-asia terminated during site startup. Cancelling site startup., DetailsLevel: ERR
2026-06-01T14:43:28.1480634+00:00 ContainerStatus: Failed to start site. Revert by stopping site.
2026-06-01T14:43:28.1485857+00:00 ContainerStatus: State: Stopping, Action: StoppingSite, LastError: UnexpectedContainerExit, LastErrorTimestamp: 06/01/2026 14:43:28, LastErrorDetails: Pull image: iotcdv2026.azurecr.io/iot-app:v1 failed with unexpected exception., Details: Site container: iot-maja-asia terminated during site startup. Cancelling site startup., DetailsLevel: ERR
2026-06-01T14:43:28.1493331+00:00 ContainerStatus: State: Stopping, Action: StoppingSiteContainers, LastError: UnexpectedContainerExit, LastErrorTimestamp: 06/01/2026 14:43:28, LastErrorDetails: Pull image: iotcdv2026.azurecr.io/iot-app:v1 failed with unexpected exception., Details: Site container: iot-maja-asia terminated during site startup. Cancelling site startup., DetailsLevel: ERR
2026-06-01T14:43:28.1500081+00:00 ContainerStatus: Site: iot-maja-asia stopped.
========== New Cold Start Attempt (2026-06-01T14:43:28.1558397+00:00) ==========
2026-06-01T14:43:28.1558397+00:00 ContainerStatus: State: Stopping, Action: UnmountingVolumes, LastError: UnexpectedContainerExit, LastErrorTimestamp: 06/01/2026 14:43:28, LastErrorDetails: Pull image: iotcdv2026.azurecr.io/iot-app:v1 failed with unexpected exception., Details: Site container: iot-maja-asia terminated during site startup. Cancelling site startup., DetailsLevel: ERR
2026-06-01T14:43:28.1978311+00:00 ContainerStatus: State: Stopping, Action: StoppingSiteNetworks, LastError: UnexpectedContainerExit, LastErrorTimestamp: 06/01/2026 14:43:28, LastErrorDetails: Pull image: iotcdv2026.azurecr.io/iot-app:v1 failed with unexpected exception., Details: Site container: iot-maja-asia terminated during site startup. Cancelling site startup., DetailsLevel: ERR
2026-06-01T14:43:28.3639822+00:00 ContainerStatus: Site: iot-maja-asia will be blocked for 1 minutes till 06/01/2026 14:44:28
2026-06-01T14:43:28.3641507+00:00 ContainerStatus: State: Blocked, Action: StoppingSiteNetworks, LastError: UnexpectedContainerExit, LastErrorTimestamp: 06/01/2026 14:43:28, LastErrorDetails: Pull image: iotcdv2026.azurecr.io/iot-app:v1 failed with unexpected exception., Details: Site: iot-maja-asia will be blocked for 1 minutes till 06/01/2026 14:44:28, DetailsLevel: WARN
2026-06-01T14:43:28.3646237+00:00 ContainerStatus: State: Stopped, Action: None, LastError: UnexpectedContainerExit, LastErrorTimestamp: 06/01/2026 14:43:28, LastErrorDetails: Pull image: iotcdv2026.azurecr.io/iot-app:v1 failed with unexpected exception., Details: Site stopped at 06/01/2026 14:43:28 (UTC), DetailsLevel: WARN
2026-06-01T14:43:28.5207577+00:00 ContainerStatus: State: Stopped, Action: None, LastError: UnexpectedContainerExit, LastErrorTimestamp: 06/01/2026 14:43:28, LastErrorDetails: Pull image: iotcdv2026.azurecr.io/iot-app:v1 failed with unexpected exception., Details: Site stopped at 06/01/2026 14:43:28 (UTC), DetailsLevel: WARN
2026-06-01T14:43:33.5469087+00:00 ContainerStatus: State: Blocked, Action: None, LastError: UnexpectedContainerExit, LastErrorTimestamp: 06/01/2026 14:43:28, LastErrorDetails: Pull image: iotcdv2026.azurecr.io/iot-app:v1 failed with unexpected exception., Details: Site is blocked due to multiple, consecutive cold start failures. Site scheduled to be unblocked at 06/01/2026 14:44:28, DetailsLevel: WARN
2026-06-01T14:43:33.5469431+00:00 ContainerStatus: Start site prohibitted because the site is being blocked.
2026-06-01T14:43:38.5838729+00:00 ContainerStatus: State: Blocked, Action: None, LastError: UnexpectedContainerExit, LastErrorTimestamp: 06/01/2026 14:43:28, LastErrorDetails: Pull image: iotcdv2026.azurecr.io/iot-app:v1 failed with unexpected exception., Details: Site is blocked due to multiple, consecutive cold start failures. Site scheduled to be unblocked at 06/01/2026 14:44:28, DetailsLevel: WARN
2026-06-01T14:43:38.5839048+00:00 ContainerStatus: Start site prohibitted because the site is being blocked.
2026-06-01T14:43:43.6310461+00:00 ContainerStatus: State: Blocked, Action: None, LastError: UnexpectedContainerExit, LastErrorTimestamp: 06/01/2026 14:43:28, LastErrorDetails: Pull image: iotcdv2026.azurecr.io/iot-app:v1 failed with unexpected exception., Details: Site is blocked due to multiple, consecutive cold start failures. Site scheduled to be unblocked at 06/01/2026 14:44:28, DetailsLevel: WARN
2026-06-01T14:43:43.6310670+00:00 ContainerStatus: Start site prohibitted because the site is being blocked.
2026-06-01T14:43:48.6789291+00:00 ContainerStatus: State: Blocked, Action: None, LastError: UnexpectedContainerExit, LastErrorTimestamp: 06/01/2026 14:43:28, LastErrorDetails: Pull image: iotcdv2026.azurecr.io/iot-app:v1 failed with unexpected exception., Details: Site is blocked due to multiple, consecutive cold start failures. Site scheduled to be unblocked at 06/01/2026 14:44:28, DetailsLevel: WARN
2026-06-01T14:43:48.6820930+00:00 ContainerStatus: Start site prohibitted because the site is being blocked.
2026-06-01T14:43:53.7267062+00:00 ContainerStatus: State: Blocked, Action: None, LastError: UnexpectedContainerExit, LastErrorTimestamp: 06/01/2026 14:43:28, LastErrorDetails: Pull image: iotcdv2026.azurecr.io/iot-app:v1 failed with unexpected exception., Details: Site is blocked due to multiple, consecutive cold start failures. Site scheduled to be unblocked at 06/01/2026 14:44:28, DetailsLevel: WARN
2026-06-01T14:43:53.7267271+00:00 ContainerStatus: Start site prohibitted because the site is being blocked.
2026-06-01T14:43:58.7690603+00:00 ContainerStatus: State: Blocked, Action: None, LastError: UnexpectedContainerExit, LastErrorTimestamp: 06/01/2026 14:43:28, LastErrorDetails: Pull image: iotcdv2026.azurecr.io/iot-app:v1 failed with unexpected exception., Details: Site is blocked due to multiple, consecutive cold start failures. Site scheduled to be unblocked at 06/01/2026 14:44:28, DetailsLevel: WARN
2026-06-01T14:43:58.7690817+00:00 ContainerStatus: Start site prohibitted because the site is being blocked.
2026-06-01T14:44:04.1559202+00:00 ContainerStatus: State: Blocked, Action: None, LastError: UnexpectedContainerExit, LastErrorTimestamp: 06/01/2026 14:43:28, LastErrorDetails: Pull image: iotcdv2026.azurecr.io/iot-app:v1 failed with unexpected exception., Details: Site is blocked due to multiple, consecutive cold start failures. Site scheduled to be unblocked at 06/01/2026 14:44:28, DetailsLevel: WARN
2026-06-01T14:44:04.1559408+00:00 ContainerStatus: Start site prohibitted because the site is being blocked.
2026-06-01T14:44:09.2019778+00:00 ContainerStatus: State: Blocked, Action: None, LastError: UnexpectedContainerExit, LastErrorTimestamp: 06/01/2026 14:43:28, LastErrorDetails: Pull image: iotcdv2026.azurecr.io/iot-app:v1 failed with unexpected exception., Details: Site is blocked due to multiple, consecutive cold start failures. Site scheduled to be unblocked at 06/01/2026 14:44:28, DetailsLevel: WARN
2026-06-01T14:44:09.2019985+00:00 ContainerStatus: Start site prohibitted because the site is being blocked.
2026-06-01T14:44:14.2493507+00:00 ContainerStatus: State: Blocked, Action: None, LastError: UnexpectedContainerExit, LastErrorTimestamp: 06/01/2026 14:43:28, LastErrorDetails: Pull image: iotcdv2026.azurecr.io/iot-app:v1 failed with unexpected exception., Details: Site is blocked due to multiple, consecutive cold start failures. Site scheduled to be unblocked at 06/01/2026 14:44:28, DetailsLevel: WARN
2026-06-01T14:44:14.2493713+00:00 ContainerStatus: Start site prohibitted because the site is being blocked.
2026-06-01T14:44:19.2918095+00:00 ContainerStatus: State: Blocked, Action: None, LastError: UnexpectedContainerExit, LastErrorTimestamp: 06/01/2026 14:43:28, LastErrorDetails: Pull image: iotcdv2026.azurecr.io/iot-app:v1 failed with unexpected exception., Details: Site is blocked due to multiple, consecutive cold start failures. Site scheduled to be unblocked at 06/01/2026 14:44:28, DetailsLevel: WARN
2026-06-01T14:44:19.2918306+00:00 ContainerStatus: Start site prohibitted because the site is being blocked.
2026-06-01T14:44:24.3336438+00:00 ContainerStatus: State: Blocked, Action: None, LastError: UnexpectedContainerExit, LastErrorTimestamp: 06/01/2026 14:43:28, LastErrorDetails: Pull image: iotcdv2026.azurecr.io/iot-app:v1 failed with unexpected exception., Details: Site is blocked due to multiple, consecutive cold start failures. Site scheduled to be unblocked at 06/01/2026 14:44:28, DetailsLevel: WARN
2026-06-01T14:44:24.3336631+00:00 ContainerStatus: Start site prohibitted because the site is being blocked.
2026-06-01T14:44:28.3660467+00:00 ContainerStatus: Site: iot-maja-asia is unblocked.
2026-06-01T14:44:29.3931004+00:00 ContainerStatus: State: Starting, Action: EstablishingSiteNetworks, LastError: UnexpectedContainerExit, LastErrorTimestamp: 06/01/2026 14:43:28, LastErrorDetails: Pull image: iotcdv2026.azurecr.io/iot-app:v1 failed with unexpected exception., Details: Site is blocked due to multiple, consecutive cold start failures. Site scheduled to be unblocked at 06/01/2026 14:44:28, DetailsLevel: WARN
2026-06-01T14:44:29.6222952+00:00 ContainerStatus: State: Starting, Action: StartingSiteContainers, LastError: UnexpectedContainerExit, LastErrorTimestamp: 06/01/2026 14:43:28, LastErrorDetails: Pull image: iotcdv2026.azurecr.io/iot-app:v1 failed with unexpected exception., Details: Site is blocked due to multiple, consecutive cold start failures. Site scheduled to be unblocked at 06/01/2026 14:44:28, DetailsLevel: WARN
2026-06-01T14:44:29.6224336+00:00 ContainerStatus: Container start method called.
2026-06-01T14:44:29.6224840+00:00 ContainerStatus: State: Starting, Action: PullingImage, LastError: UnexpectedContainerExit, LastErrorTimestamp: 06/01/2026 14:43:28, LastErrorDetails: Pull image: iotcdv2026.azurecr.io/iot-app:v1 failed with unexpected exception., Details: Pulling image iotcdv2026.azurecr.io/iot-app:v1 for iot-maja-asia., DetailsLevel: INFO
2026-06-01T14:44:29.6225870+00:00 ContainerStatus: Establishing network.
2026-06-01T14:44:29.6227049+00:00 ContainerStatus: Pulling image: iotcdv2026.azurecr.io/iot-app:v1.
2026-06-01T14:44:29.8190752+00:00 ContainerStatus: Container pull image failed with reason: ImagePullFailure. Revert by terminate.
2026-06-01T14:44:29.8192733+00:00 ContainerStatus: Container is terminating. Grace period: 5 seconds.
2026-06-01T14:44:29.8194130+00:00 ContainerStatus: Container spec TerminationMessagePolicy  path 
2026-06-01T14:44:29.8195226+00:00 ContainerStatus: Container is terminated. Total time elapsed: 0 ms.
2026-06-01T14:44:29.8196197+00:00 ContainerStatus: Site container: iot-maja-asia terminated during site startup.
2026-06-01T14:44:29.8197195+00:00 ContainerStatus: State: Stopping, Action: CancellingStartup, LastError: UnexpectedContainerExit, LastErrorTimestamp: 06/01/2026 14:43:28, LastErrorDetails: Pull image: iotcdv2026.azurecr.io/iot-app:v1 failed with unexpected exception., Details: Site container: iot-maja-asia terminated during site startup. Cancelling site startup., DetailsLevel: ERR
2026-06-01T14:44:29.8214172+00:00 ContainerStatus: State: Stopping, Action: CancellingStartup, LastError: UnexpectedContainerExit, LastErrorTimestamp: 06/01/2026 14:44:29, LastErrorDetails: Pull image: iotcdv2026.azurecr.io/iot-app:v1 failed with unexpected exception., Details: Site container: iot-maja-asia terminated during site startup. Cancelling site startup., DetailsLevel: ERR
2026-06-01T14:44:29.8260454+00:00 ContainerStatus: Failed to start site. Revert by stopping site.
2026-06-01T14:44:29.8261383+00:00 ContainerStatus: State: Stopping, Action: StoppingSite, LastError: UnexpectedContainerExit, LastErrorTimestamp: 06/01/2026 14:44:29, LastErrorDetails: Pull image: iotcdv2026.azurecr.io/iot-app:v1 failed with unexpected exception., Details: Site container: iot-maja-asia terminated during site startup. Cancelling site startup., DetailsLevel: ERR
2026-06-01T14:44:29.8269456+00:00 ContainerStatus: State: Stopping, Action: StoppingSiteContainers, LastError: UnexpectedContainerExit, LastErrorTimestamp: 06/01/2026 14:44:29, LastErrorDetails: Pull image: iotcdv2026.azurecr.io/iot-app:v1 failed with unexpected exception., Details: Site container: iot-maja-asia terminated during site startup. Cancelling site startup., DetailsLevel: ERR
2026-06-01T14:44:29.8269614+00:00 ContainerStatus: Site: iot-maja-asia stopped.
========== New Cold Start Attempt (2026-06-01T14:44:29.8293223+00:00) ==========
2026-06-01T14:44:29.8293223+00:00 ContainerStatus: State: Stopping, Action: UnmountingVolumes, LastError: UnexpectedContainerExit, LastErrorTimestamp: 06/01/2026 14:44:29, LastErrorDetails: Pull image: iotcdv2026.azurecr.io/iot-app:v1 failed with unexpected exception., Details: Site container: iot-maja-asia terminated during site startup. Cancelling site startup., DetailsLevel: ERR
2026-06-01T14:44:29.8707794+00:00 ContainerStatus: State: Stopping, Action: StoppingSiteNetworks, LastError: UnexpectedContainerExit, LastErrorTimestamp: 06/01/2026 14:44:29, LastErrorDetails: Pull image: iotcdv2026.azurecr.io/iot-app:v1 failed with unexpected exception., Details: Site container: iot-maja-asia terminated during site startup. Cancelling site startup., DetailsLevel: ERR
2026-06-01T14:44:30.0443884+00:00 ContainerStatus: Site: iot-maja-asia will be blocked for 1 minutes till 06/01/2026 14:45:30
2026-06-01T14:44:30.0445198+00:00 ContainerStatus: State: Blocked, Action: StoppingSiteNetworks, LastError: UnexpectedContainerExit, LastErrorTimestamp: 06/01/2026 14:44:29, LastErrorDetails: Pull image: iotcdv2026.azurecr.io/iot-app:v1 failed with unexpected exception., Details: Site: iot-maja-asia will be blocked for 1 minutes till 06/01/2026 14:45:30, DetailsLevel: WARN
2026-06-01T14:44:30.0447789+00:00 ContainerStatus: State: Stopped, Action: None, LastError: UnexpectedContainerExit, LastErrorTimestamp: 06/01/2026 14:44:29, LastErrorDetails: Pull image: iotcdv2026.azurecr.io/iot-app:v1 failed with unexpected exception., Details: Site stopped at 06/01/2026 14:44:30 (UTC), DetailsLevel: WARN
2026-06-01T14:44:30.1596151+00:00 ContainerStatus: State: Stopped, Action: None, LastError: UnexpectedContainerExit, LastErrorTimestamp: 06/01/2026 14:44:29, LastErrorDetails: Pull image: iotcdv2026.azurecr.io/iot-app:v1 failed with unexpected exception., Details: Site stopped at 06/01/2026 14:44:30 (UTC), DetailsLevel: WARN
2026-06-01T14:44:35.1954755+00:00 ContainerStatus: State: Blocked, Action: None, LastError: UnexpectedContainerExit, LastErrorTimestamp: 06/01/2026 14:44:29, LastErrorDetails: Pull image: iotcdv2026.azurecr.io/iot-app:v1 failed with unexpected exception., Details: Site is blocked due to multiple, consecutive cold start failures. Site scheduled to be unblocked at 06/01/2026 14:45:30, DetailsLevel: WARN
2026-06-01T14:44:35.1955244+00:00 ContainerStatus: Start site prohibitted because the site is being blocked.
2026-06-01T14:44:40.2193267+00:00 ContainerStatus: State: Blocked, Action: None, LastError: UnexpectedContainerExit, LastErrorTimestamp: 06/01/2026 14:44:29, LastErrorDetails: Pull image: iotcdv2026.azurecr.io/iot-app:v1 failed with unexpected exception., Details: Site is blocked due to multiple, consecutive cold start failures. Site scheduled to be unblocked at 06/01/2026 14:45:30, DetailsLevel: WARN
2026-06-01T14:44:40.2193497+00:00 ContainerStatus: Start site prohibitted because the site is being blocked.
2026-06-01T14:44:45.2641767+00:00 ContainerStatus: State: Blocked, Action: None, LastError: UnexpectedContainerExit, LastErrorTimestamp: 06/01/2026 14:44:29, LastErrorDetails: Pull image: iotcdv2026.azurecr.io/iot-app:v1 failed with unexpected exception., Details: Site is blocked due to multiple, consecutive cold start failures. Site scheduled to be unblocked at 06/01/2026 14:45:30, DetailsLevel: WARN
2026-06-01T14:44:45.2642058+00:00 ContainerStatus: Start site prohibitted because the site is being blocked.
2026-06-01T14:44:50.3237894+00:00 ContainerStatus: State: Blocked, Action: None, LastError: UnexpectedContainerExit, LastErrorTimestamp: 06/01/2026 14:44:29, LastErrorDetails: Pull image: iotcdv2026.azurecr.io/iot-app:v1 failed with unexpected exception., Details: Site is blocked due to multiple, consecutive cold start failures. Site scheduled to be unblocked at 06/01/2026 14:45:30, DetailsLevel: WARN
2026-06-01T14:44:50.3238099+00:00 ContainerStatus: Start site prohibitted because the site is being blocked.
2026-06-01T14:44:55.3821071+00:00 ContainerStatus: State: Blocked, Action: None, LastError: UnexpectedContainerExit, LastErrorTimestamp: 06/01/2026 14:44:29, LastErrorDetails: Pull image: iotcdv2026.azurecr.io/iot-app:v1 failed with unexpected exception., Details: Site is blocked due to multiple, consecutive cold start failures. Site scheduled to be unblocked at 06/01/2026 14:45:30, DetailsLevel: WARN
2026-06-01T14:44:55.3821287+00:00 ContainerStatus: Start site prohibitted because the site is being blocked.
2026-06-01T14:45:00.4127665+00:00 ContainerStatus: State: Blocked, Action: None, LastError: UnexpectedContainerExit, LastErrorTimestamp: 06/01/2026 14:44:29, LastErrorDetails: Pull image: iotcdv2026.azurecr.io/iot-app:v1 failed with unexpected exception., Details: Site is blocked due to multiple, consecutive cold start failures. Site scheduled to be unblocked at 06/01/2026 14:45:30, DetailsLevel: WARN
2026-06-01T14:45:00.4127963+00:00 ContainerStatus: Start site prohibitted because the site is being blocked.
2026-06-01T14:45:05.4642298+00:00 ContainerStatus: State: Blocked, Action: None, LastError: UnexpectedContainerExit, LastErrorTimestamp: 06/01/2026 14:44:29, LastErrorDetails: Pull image: iotcdv2026.azurecr.io/iot-app:v1 failed with unexpected exception., Details: Site is blocked due to multiple, consecutive cold start failures. Site scheduled to be unblocked at 06/01/2026 14:45:30, DetailsLevel: WARN
2026-06-01T14:45:05.4642511+00:00 ContainerStatus: Start site prohibitted because the site is being blocked.
2026-06-01T14:45:10.5151580+00:00 ContainerStatus: State: Blocked, Action: None, LastError: UnexpectedContainerExit, LastErrorTimestamp: 06/01/2026 14:44:29, LastErrorDetails: Pull image: iotcdv2026.azurecr.io/iot-app:v1 failed with unexpected exception., Details: Site is blocked due to multiple, consecutive cold start failures. Site scheduled to be unblocked at 06/01/2026 14:45:30, DetailsLevel: WARN
2026-06-01T14:45:10.5151794+00:00 ContainerStatus: Start site prohibitted because the site is being blocked.
2026-06-01T14:45:15.5549521+00:00 ContainerStatus: State: Blocked, Action: None, LastError: UnexpectedContainerExit, LastErrorTimestamp: 06/01/2026 14:44:29, LastErrorDetails: Pull image: iotcdv2026.azurecr.io/iot-app:v1 failed with unexpected exception., Details: Site is blocked due to multiple, consecutive cold start failures. Site scheduled to be unblocked at 06/01/2026 14:45:30, DetailsLevel: WARN
2026-06-01T14:45:15.5550045+00:00 ContainerStatus: Start site prohibitted because the site is being blocked.
2026-06-01T14:45:20.5964300+00:00 ContainerStatus: State: Blocked, Action: None, LastError: UnexpectedContainerExit, LastErrorTimestamp: 06/01/2026 14:44:29, LastErrorDetails: Pull image: iotcdv2026.azurecr.io/iot-app:v1 failed with unexpected exception., Details: Site is blocked due to multiple, consecutive cold start failures. Site scheduled to be unblocked at 06/01/2026 14:45:30, DetailsLevel: WARN
2026-06-01T14:45:20.5965198+00:00 ContainerStatus: Start site prohibitted because the site is being blocked.
2026-06-01T14:45:25.6486092+00:00 ContainerStatus: State: Blocked, Action: None, LastError: UnexpectedContainerExit, LastErrorTimestamp: 06/01/2026 14:44:29, LastErrorDetails: Pull image: iotcdv2026.azurecr.io/iot-app:v1 failed with unexpected exception., Details: Site is blocked due to multiple, consecutive cold start failures. Site scheduled to be unblocked at 06/01/2026 14:45:30, DetailsLevel: WARN
2026-06-01T14:45:25.6486298+00:00 ContainerStatus: Start site prohibitted because the site is being blocked.
2026-06-01T14:45:30.0425758+00:00 ContainerStatus: Site: iot-maja-asia is unblocked.
2026-06-01T14:45:30.6832904+00:00 ContainerStatus: State: Starting, Action: EstablishingSiteNetworks, LastError: UnexpectedContainerExit, LastErrorTimestamp: 06/01/2026 14:44:29, LastErrorDetails: Pull image: iotcdv2026.azurecr.io/iot-app:v1 failed with unexpected exception., Details: Site is blocked due to multiple, consecutive cold start failures. Site scheduled to be unblocked at 06/01/2026 14:45:30, DetailsLevel: WARN
2026-06-01T14:45:31.1509418+00:00 ContainerStatus: State: Starting, Action: StartingSiteContainers, LastError: UnexpectedContainerExit, LastErrorTimestamp: 06/01/2026 14:44:29, LastErrorDetails: Pull image: iotcdv2026.azurecr.io/iot-app:v1 failed with unexpected exception., Details: Site is blocked due to multiple, consecutive cold start failures. Site scheduled to be unblocked at 06/01/2026 14:45:30, DetailsLevel: WARN
2026-06-01T14:45:31.1510636+00:00 ContainerStatus: Container start method called.
2026-06-01T14:45:31.1511032+00:00 ContainerStatus: State: Starting, Action: PullingImage, LastError: UnexpectedContainerExit, LastErrorTimestamp: 06/01/2026 14:44:29, LastErrorDetails: Pull image: iotcdv2026.azurecr.io/iot-app:v1 failed with unexpected exception., Details: Pulling image iotcdv2026.azurecr.io/iot-app:v1 for iot-maja-asia., DetailsLevel: INFO
2026-06-01T14:45:31.1511959+00:00 ContainerStatus: Establishing network.
2026-06-01T14:45:31.1513208+00:00 ContainerStatus: Pulling image: iotcdv2026.azurecr.io/iot-app:v1.
2026-06-01T14:45:31.3407600+00:00 ContainerStatus: Container pull image failed with reason: ImagePullFailure. Revert by terminate.
2026-06-01T14:45:31.3421254+00:00 ContainerStatus: Container is terminating. Grace period: 5 seconds.
2026-06-01T14:45:31.3425178+00:00 ContainerStatus: Container spec TerminationMessagePolicy  path 
2026-06-01T14:45:31.3426790+00:00 ContainerStatus: Container is terminated. Total time elapsed: 0 ms.
2026-06-01T14:45:31.3432764+00:00 ContainerStatus: Site container: iot-maja-asia terminated during site startup.
2026-06-01T14:45:31.3434690+00:00 ContainerStatus: State: Stopping, Action: CancellingStartup, LastError: UnexpectedContainerExit, LastErrorTimestamp: 06/01/2026 14:44:29, LastErrorDetails: Pull image: iotcdv2026.azurecr.io/iot-app:v1 failed with unexpected exception., Details: Site container: iot-maja-asia terminated during site startup. Cancelling site startup., DetailsLevel: ERR
2026-06-01T14:45:31.3446746+00:00 ContainerStatus: State: Stopping, Action: CancellingStartup, LastError: UnexpectedContainerExit, LastErrorTimestamp: 06/01/2026 14:45:31, LastErrorDetails: Pull image: iotcdv2026.azurecr.io/iot-app:v1 failed with unexpected exception., Details: Site container: iot-maja-asia terminated during site startup. Cancelling site startup., DetailsLevel: ERR
2026-06-01T14:45:31.3499758+00:00 ContainerStatus: Failed to start site. Revert by stopping site.
2026-06-01T14:45:31.3504710+00:00 ContainerStatus: State: Stopping, Action: StoppingSite, LastError: UnexpectedContainerExit, LastErrorTimestamp: 06/01/2026 14:45:31, LastErrorDetails: Pull image: iotcdv2026.azurecr.io/iot-app:v1 failed with unexpected exception., Details: Site container: iot-maja-asia terminated during site startup. Cancelling site startup., DetailsLevel: ERR
2026-06-01T14:45:31.3512263+00:00 ContainerStatus: State: Stopping, Action: StoppingSiteContainers, LastError: UnexpectedContainerExit, LastErrorTimestamp: 06/01/2026 14:45:31, LastErrorDetails: Pull image: iotcdv2026.azurecr.io/iot-app:v1 failed with unexpected exception., Details: Site container: iot-maja-asia terminated during site startup. Cancelling site startup., DetailsLevel: ERR
2026-06-01T14:45:31.3512482+00:00 ContainerStatus: Site: iot-maja-asia stopped.
