2026-06-05T00:02:09.5392288+00:00 ContainerStatus: State: Starting, Action: EstablishingSiteNetworks, LastError: , LastErrorTimestamp: 01/01/0001 00:00:00, LastErrorDetails: , Details: , DetailsLevel: INFO
2026-06-05T00:02:16.6268519+00:00 ContainerStatus: State: Starting, Action: StartingMsiContainer, LastError: , LastErrorTimestamp: 01/01/0001 00:00:00, LastErrorDetails: , Details: , DetailsLevel: INFO
2026-06-05T00:02:38.3201819+00:00 ContainerStatus: State: Starting, Action: StartingSiteContainers, LastError: , LastErrorTimestamp: 01/01/0001 00:00:00, LastErrorDetails: , Details: , DetailsLevel: INFO
2026-06-05T00:02:38.3212919+00:00 ContainerStatus: Container start method called.
2026-06-05T00:02:38.3215383+00:00 ContainerStatus: State: Starting, Action: PullingImage, LastError: , LastErrorTimestamp: 01/01/0001 00:00:00, LastErrorDetails: , Details: Pulling image iotcdv2026.azurecr.io/iot-app:v1 for iot-maja-asia_main., DetailsLevel: INFO
2026-06-05T00:02:38.3217503+00:00 ContainerStatus: Establishing network.
2026-06-05T00:02:38.3494956+00:00 ContainerStatus: Pulling image: iotcdv2026.azurecr.io/iot-app:v1.
2026-06-05T00:03:13.8857160+00:00 ContainerStatus: Image iotcdv2026.azurecr.io/iot-app:v1 is pulled from registry iotcdv2026.azurecr.io
2026-06-05T00:03:13.8943929+00:00 ContainerStatus: Container is starting.
2026-06-05T00:03:13.9435709+00:00 ContainerStatus: State: Starting, Action: MountingVolumes, LastError: , LastErrorTimestamp: 01/01/0001 00:00:00, LastErrorDetails: , Details: Mounting volumes for iot-maja-asia_main., DetailsLevel: INFO
2026-06-05T00:03:13.9449191+00:00 ContainerStatus: Establishing user namespace if not established already.
2026-06-05T00:03:13.9452408+00:00 ContainerStatus: Establishing network if not established already.
2026-06-05T00:03:13.9538694+00:00 ContainerStatus: Mounting volumes.
2026-06-05T00:03:13.9610821+00:00 ContainerStatus: Nested mountpoint volatile/logs
2026-06-05T00:03:14.0148690+00:00 ContainerStatus: Nested mountpoint 
2026-06-05T00:03:14.0244517+00:00 ContainerStatus: Nested mountpoint 
2026-06-05T00:03:14.3507487+00:00 ContainerStatus: State: Starting, Action: CreatingContainer, LastError: , LastErrorTimestamp: 01/01/0001 00:00:00, LastErrorDetails: , Details: Finished pulling container image and mounting volumes for iot-maja-asia_main. Allocatinng the rest of the container resources to finish container creation., DetailsLevel: INFO
2026-06-05T00:03:14.3977387+00:00 ContainerStatus: Creating container.
2026-06-05T00:03:14.3984672+00:00 ContainerStatus: Creating pipes for streaming container io.
2026-06-05T00:03:14.3989080+00:00 ContainerStatus: Creating stdout named pipe at /podr/container/pipe/b2772b92d648_iot-maja-asia_main/stdout_154cb011cdc04877a883adfebe118db9.
2026-06-05T00:03:14.4083989+00:00 ContainerStatus: Successfully created stdout named pipe at: /podr/container/pipe/b2772b92d648_iot-maja-asia_main/stdout_154cb011cdc04877a883adfebe118db9.
2026-06-05T00:03:14.4088220+00:00 ContainerStatus: Opening named pipe /podr/container/pipe/b2772b92d648_iot-maja-asia_main/stdout_154cb011cdc04877a883adfebe118db9 for reading in non-blocking mode.
2026-06-05T00:03:14.4093540+00:00 ContainerStatus: Successfully opened named pipe: /podr/container/pipe/b2772b92d648_iot-maja-asia_main/stdout_154cb011cdc04877a883adfebe118db9.
2026-06-05T00:03:14.4094772+00:00 ContainerStatus: Successfully removed non-blocking flag from /podr/container/pipe/b2772b92d648_iot-maja-asia_main/stdout_154cb011cdc04877a883adfebe118db9.
2026-06-05T00:03:14.4298423+00:00 ContainerStatus: Creating stderr named pipe at /podr/container/pipe/b2772b92d648_iot-maja-asia_main/stderr_91698170d4964927a9c5d56b34f94972.
2026-06-05T00:03:14.4300017+00:00 ContainerStatus: Successfully created stderr named pipe at: /podr/container/pipe/b2772b92d648_iot-maja-asia_main/stderr_91698170d4964927a9c5d56b34f94972.
2026-06-05T00:03:14.4300811+00:00 ContainerStatus: Opening named pipe /podr/container/pipe/b2772b92d648_iot-maja-asia_main/stderr_91698170d4964927a9c5d56b34f94972 for reading in non-blocking mode.
2026-06-05T00:03:14.4301677+00:00 ContainerStatus: Successfully opened named pipe: /podr/container/pipe/b2772b92d648_iot-maja-asia_main/stderr_91698170d4964927a9c5d56b34f94972.
2026-06-05T00:03:14.4302342+00:00 ContainerStatus: Successfully removed non-blocking flag from /podr/container/pipe/b2772b92d648_iot-maja-asia_main/stderr_91698170d4964927a9c5d56b34f94972.
2026-06-05T00:03:14.4303488+00:00 ContainerStatus: Creating container with image: iotcdv2026.azurecr.io/iot-app:v1 from registry: iotcdv2026.azurecr.io and fully qualified image name: iotcdv2026.azurecr.io/iot-app:v1
2026-06-05T00:03:15.2899222+00:00 ContainerStatus: Starting container: b2772b92d648_iot-maja-asia_main.
2026-06-05T00:03:15.3770236+00:00 ContainerStatus: Starting watchers and probes.
2026-06-05T00:03:15.3889193+00:00 ContainerStatus: Starting metrics collection.
2026-06-05T00:03:15.3967225+00:00 ContainerStatus: Container is running.
2026-06-05T00:03:15.3971742+00:00 ContainerStatus: State: Starting, Action: CreatingContainer, LastError: , LastErrorTimestamp: 01/01/0001 00:00:00, LastErrorDetails: , Details: Container iot-maja-asia_main successfully created and is running., DetailsLevel: INFO
2026-06-05T00:03:15.5398019+00:00 ContainerStatus: Container start method finished after 37177 ms.
2026-06-05T00:03:15.7316798+00:00 ContainerStatus: State: Starting, Action: InitiatingSiteWarmUpProbe, LastError: , LastErrorTimestamp: 01/01/0001 00:00:00, LastErrorDetails: , Details: Container iot-maja-asia_main successfully created and is running., DetailsLevel: INFO
2026-06-05T00:03:15.7319787+00:00 ContainerStatus: State: Starting, Action: WaitingForSiteWarmUpProbeSuccess, LastError: , LastErrorTimestamp: 01/01/0001 00:00:00, LastErrorDetails: , Details: Pinging warmup path to ensure container is ready to receive requests., DetailsLevel: INFO
2026-06-05T00:03:16.2832209+00:00 ContainerStream: [2026-06-05 00:03:16 +0000] [1] [INFO] Starting gunicorn 26.0.0
2026-06-05T00:03:16.3036412+00:00 ContainerStream: [2026-06-05 00:03:16 +0000] [1] [INFO] Listening at: http://0.0.0.0:80 (1)
2026-06-05T00:03:16.3036689+00:00 ContainerStream: [2026-06-05 00:03:16 +0000] [1] [INFO] Using worker: sync
2026-06-05T00:03:16.3036719+00:00 ContainerStream: [2026-06-05 00:03:16 +0000] [7] [INFO] Booting worker with pid: 7
2026-06-05T00:03:17.4303402+00:00 ContainerStream: [2026-06-05 00:03:17 +0000] [1] [INFO] Control socket listening at /root/.gunicorn/gunicorn.ctl
2026-06-05T00:03:32.8749236+00:00 ContainerStatus: Site startup probe succeeded after 17.0954967 seconds.
2026-06-05T00:03:33.0335054+00:00 ContainerStatus: State: Starting, Action: WarmUpProbeSucceeded, LastError: , LastErrorTimestamp: 01/01/0001 00:00:00, LastErrorDetails: , Details: Site startup probe succeeded after 17.0954967 seconds., DetailsLevel: INFO
2026-06-05T00:03:33.5196478+00:00 ContainerStatus: Site started.
2026-06-05T00:03:33.5199822+00:00 ContainerStatus: State: Started, Action: None, LastError: , LastErrorTimestamp: 01/01/0001 00:00:00, LastErrorDetails: , Details: Site started at 06/05/2026 00:03:33 (UTC), DetailsLevel: INFO
