2026-06-04T00:25:49.3135611+00:00 ContainerStatus: State: Starting, Action: EstablishingSiteNetworks, LastError: , LastErrorTimestamp: 01/01/0001 00:00:00, LastErrorDetails: , Details: , DetailsLevel: INFO
2026-06-04T00:25:54.6661721+00:00 ContainerStatus: State: Starting, Action: StartingMsiContainer, LastError: , LastErrorTimestamp: 01/01/0001 00:00:00, LastErrorDetails: , Details: , DetailsLevel: INFO
2026-06-04T00:26:14.0152547+00:00 ContainerStatus: State: Starting, Action: StartingSiteContainers, LastError: , LastErrorTimestamp: 01/01/0001 00:00:00, LastErrorDetails: , Details: , DetailsLevel: INFO
2026-06-04T00:26:14.0157519+00:00 ContainerStatus: Container start method called.
2026-06-04T00:26:14.0158136+00:00 ContainerStatus: State: Starting, Action: PullingImage, LastError: , LastErrorTimestamp: 01/01/0001 00:00:00, LastErrorDetails: , Details: Pulling image iotcdv2026.azurecr.io/iot-app:v1 for iot-maja-asia_main., DetailsLevel: INFO
2026-06-04T00:26:14.0159924+00:00 ContainerStatus: Establishing network.
2026-06-04T00:26:14.0251925+00:00 ContainerStatus: Pulling image: iotcdv2026.azurecr.io/iot-app:v1.
2026-06-04T00:26:48.1908406+00:00 ContainerStatus: Image iotcdv2026.azurecr.io/iot-app:v1 is pulled from registry iotcdv2026.azurecr.io
2026-06-04T00:26:48.1915978+00:00 ContainerStatus: Container is starting.
2026-06-04T00:26:48.2567840+00:00 ContainerStatus: State: Starting, Action: MountingVolumes, LastError: , LastErrorTimestamp: 01/01/0001 00:00:00, LastErrorDetails: , Details: Mounting volumes for iot-maja-asia_main., DetailsLevel: INFO
2026-06-04T00:26:48.2580324+00:00 ContainerStatus: Establishing user namespace if not established already.
2026-06-04T00:26:48.2588999+00:00 ContainerStatus: Establishing network if not established already.
2026-06-04T00:26:48.2591429+00:00 ContainerStatus: Mounting volumes.
2026-06-04T00:26:48.2661307+00:00 ContainerStatus: Nested mountpoint volatile/logs
2026-06-04T00:26:48.2781504+00:00 ContainerStatus: Nested mountpoint 
2026-06-04T00:26:48.3761259+00:00 ContainerStatus: Nested mountpoint 
2026-06-04T00:26:48.6183635+00:00 ContainerStatus: State: Starting, Action: CreatingContainer, LastError: , LastErrorTimestamp: 01/01/0001 00:00:00, LastErrorDetails: , Details: Finished pulling container image and mounting volumes for iot-maja-asia_main. Allocatinng the rest of the container resources to finish container creation., DetailsLevel: INFO
2026-06-04T00:26:48.6194965+00:00 ContainerStatus: Creating container.
2026-06-04T00:26:48.6278541+00:00 ContainerStatus: Creating pipes for streaming container io.
2026-06-04T00:26:48.6282271+00:00 ContainerStatus: Creating stdout named pipe at /podr/container/pipe/e869a9223972_iot-maja-asia_main/stdout_04e69595f1784904b8e22327b2ebb066.
2026-06-04T00:26:48.6500683+00:00 ContainerStatus: Successfully created stdout named pipe at: /podr/container/pipe/e869a9223972_iot-maja-asia_main/stdout_04e69595f1784904b8e22327b2ebb066.
2026-06-04T00:26:48.6510199+00:00 ContainerStatus: Opening named pipe /podr/container/pipe/e869a9223972_iot-maja-asia_main/stdout_04e69595f1784904b8e22327b2ebb066 for reading in non-blocking mode.
2026-06-04T00:26:48.6517736+00:00 ContainerStatus: Successfully opened named pipe: /podr/container/pipe/e869a9223972_iot-maja-asia_main/stdout_04e69595f1784904b8e22327b2ebb066.
2026-06-04T00:26:48.6522756+00:00 ContainerStatus: Successfully removed non-blocking flag from /podr/container/pipe/e869a9223972_iot-maja-asia_main/stdout_04e69595f1784904b8e22327b2ebb066.
2026-06-04T00:26:48.6589502+00:00 ContainerStatus: Creating stderr named pipe at /podr/container/pipe/e869a9223972_iot-maja-asia_main/stderr_53e34ddd6d9349efa303bf3dada859dc.
2026-06-04T00:26:48.6591392+00:00 ContainerStatus: Successfully created stderr named pipe at: /podr/container/pipe/e869a9223972_iot-maja-asia_main/stderr_53e34ddd6d9349efa303bf3dada859dc.
2026-06-04T00:26:48.6592142+00:00 ContainerStatus: Opening named pipe /podr/container/pipe/e869a9223972_iot-maja-asia_main/stderr_53e34ddd6d9349efa303bf3dada859dc for reading in non-blocking mode.
2026-06-04T00:26:48.6608650+00:00 ContainerStatus: Successfully opened named pipe: /podr/container/pipe/e869a9223972_iot-maja-asia_main/stderr_53e34ddd6d9349efa303bf3dada859dc.
2026-06-04T00:26:48.6688117+00:00 ContainerStatus: Successfully removed non-blocking flag from /podr/container/pipe/e869a9223972_iot-maja-asia_main/stderr_53e34ddd6d9349efa303bf3dada859dc.
2026-06-04T00:26:48.6699112+00:00 ContainerStatus: Creating container with image: iotcdv2026.azurecr.io/iot-app:v1 from registry: iotcdv2026.azurecr.io and fully qualified image name: iotcdv2026.azurecr.io/iot-app:v1
2026-06-04T00:26:49.4271501+00:00 ContainerStatus: Starting container: e869a9223972_iot-maja-asia_main.
2026-06-04T00:26:49.5190362+00:00 ContainerStatus: Starting watchers and probes.
2026-06-04T00:26:49.5269105+00:00 ContainerStatus: Starting metrics collection.
2026-06-04T00:26:49.5280850+00:00 ContainerStatus: Container is running.
2026-06-04T00:26:49.5283928+00:00 ContainerStatus: State: Starting, Action: CreatingContainer, LastError: , LastErrorTimestamp: 01/01/0001 00:00:00, LastErrorDetails: , Details: Container iot-maja-asia_main successfully created and is running., DetailsLevel: INFO
2026-06-04T00:26:49.6787028+00:00 ContainerStatus: Container start method finished after 35662 ms.
2026-06-04T00:26:49.8495372+00:00 ContainerStatus: State: Starting, Action: InitiatingSiteWarmUpProbe, LastError: , LastErrorTimestamp: 01/01/0001 00:00:00, LastErrorDetails: , Details: Container iot-maja-asia_main successfully created and is running., DetailsLevel: INFO
2026-06-04T00:26:49.8503545+00:00 ContainerStatus: State: Starting, Action: WaitingForSiteWarmUpProbeSuccess, LastError: , LastErrorTimestamp: 01/01/0001 00:00:00, LastErrorDetails: , Details: Pinging warmup path to ensure container is ready to receive requests., DetailsLevel: INFO
2026-06-04T00:26:50.6844381+00:00 ContainerStream: [2026-06-04 00:26:50 +0000] [1] [INFO] Starting gunicorn 26.0.0
2026-06-04T00:26:50.6855864+00:00 ContainerStream: [2026-06-04 00:26:50 +0000] [1] [INFO] Listening at: http://0.0.0.0:80 (1)
2026-06-04T00:26:50.6855999+00:00 ContainerStream: [2026-06-04 00:26:50 +0000] [1] [INFO] Using worker: sync
2026-06-04T00:26:50.7030779+00:00 ContainerStream: [2026-06-04 00:26:50 +0000] [7] [INFO] Booting worker with pid: 7
2026-06-04T00:26:51.6812062+00:00 ContainerStream: [2026-06-04 00:26:51 +0000] [1] [INFO] Control socket listening at /root/.gunicorn/gunicorn.ctl
2026-06-04T00:26:51.9630137+00:00 ContainerStatus: Site startup probe succeeded after 2.083381 seconds.
2026-06-04T00:26:52.2887580+00:00 ContainerStatus: State: Starting, Action: WarmUpProbeSucceeded, LastError: , LastErrorTimestamp: 01/01/0001 00:00:00, LastErrorDetails: , Details: Site startup probe succeeded after 2.083381 seconds., DetailsLevel: INFO
2026-06-04T00:26:52.6915197+00:00 ContainerStatus: Site started.
2026-06-04T00:26:52.6920535+00:00 ContainerStatus: State: Started, Action: None, LastError: , LastErrorTimestamp: 01/01/0001 00:00:00, LastErrorDetails: , Details: Site started at 06/04/2026 00:26:52 (UTC), DetailsLevel: INFO
========== New Cold Start Attempt (2026-06-04T00:27:12.8661255+00:00) ==========
2026-06-04T00:27:12.8661255+00:00 ContainerStatus: State: Stopping, Action: StoppingSite, LastError: UnexpectedContainerExit, LastErrorTimestamp: 06/02/2026 19:31:42, LastErrorDetails: Pull image: iotcdv2026.azurecr.io/iot-app:v1 failed with unexpected exception., Details: Site started at 06/03/2026 22:25:54 (UTC), DetailsLevel: INFO
2026-06-04T00:27:12.8769046+00:00 ContainerStatus: State: Stopping, Action: StoppingSiteContainers, LastError: UnexpectedContainerExit, LastErrorTimestamp: 06/02/2026 19:31:42, LastErrorDetails: Pull image: iotcdv2026.azurecr.io/iot-app:v1 failed with unexpected exception., Details: Site started at 06/03/2026 22:25:54 (UTC), DetailsLevel: INFO
2026-06-04T00:27:12.8770820+00:00 ContainerStatus: Container is terminating. Grace period: 5 seconds.
2026-06-04T00:27:12.9365505+00:00 ContainerStatus: Stop and delete container. Retry count = 0
2026-06-04T00:27:12.9366497+00:00 ContainerStatus: Stopping container: 09496ff7b8f2_iot-maja-asia_main.
2026-06-04T00:27:13.3525616+00:00 ContainerStream: [Previous Container] [2026-06-04 00:27:13 +0000] [1] [INFO] Handling signal: term
2026-06-04T00:27:14.2633623+00:00 ContainerStream: [Previous Container] [2026-06-04 00:27:14 +0000] [7] [INFO] Worker exiting (pid: 7)
2026-06-04T00:27:18.2768781+00:00 ContainerStatus: Deleting container: 09496ff7b8f2_iot-maja-asia_main. Retry count = 0
2026-06-04T00:27:18.7800922+00:00 ContainerStatus: Container spec TerminationMessagePolicy  path 
2026-06-04T00:27:18.7802431+00:00 ContainerStatus: Container is terminated. Total time elapsed: 5903 ms.
2026-06-04T00:27:21.3767599+00:00 ContainerStatus: Site: iot-maja-asia stopped.
2026-06-04T00:30:39.8781755+00:00 ContainerStream: [2026-06-04 00:30:39,871] ERROR in app: Exception on /wiadomosci [GET]
2026-06-04T00:30:39.8782203+00:00 ContainerStream: Traceback (most recent call last):
2026-06-04T00:30:39.8782226+00:00 ContainerStream:   File "/usr/local/lib/python3.12/site-packages/flask/app.py", line 1511, in wsgi_app
2026-06-04T00:30:39.8782243+00:00 ContainerStream:     response = self.full_dispatch_request()
2026-06-04T00:30:39.8782259+00:00 ContainerStream:                ^^^^^^^^^^^^^^^^^^^^^^^^^^^^
2026-06-04T00:30:39.8782304+00:00 ContainerStream:   File "/usr/local/lib/python3.12/site-packages/flask/app.py", line 919, in full_dispatch_request
2026-06-04T00:30:39.8782321+00:00 ContainerStream:     rv = self.handle_user_exception(e)
2026-06-04T00:30:39.8782336+00:00 ContainerStream:          ^^^^^^^^^^^^^^^^^^^^^^^^^^^^^
2026-06-04T00:30:39.8782354+00:00 ContainerStream:   File "/usr/local/lib/python3.12/site-packages/flask/app.py", line 917, in full_dispatch_request
2026-06-04T00:30:39.8782374+00:00 ContainerStream:     rv = self.dispatch_request()
2026-06-04T00:30:39.8782415+00:00 ContainerStream:          ^^^^^^^^^^^^^^^^^^^^^^^
2026-06-04T00:30:39.8782434+00:00 ContainerStream:   File "/usr/local/lib/python3.12/site-packages/flask/app.py", line 902, in dispatch_request
2026-06-04T00:30:39.8782453+00:00 ContainerStream:     return self.ensure_sync(self.view_functions[rule.endpoint])(**view_args)  # type: ignore[no-any-return]
2026-06-04T00:30:39.8782470+00:00 ContainerStream:            ^^^^^^^^^^^^^^^^^^^^^^^^^^^^^^^^^^^^^^^^^^^^^^^^^^^^^^^^^^^^^^^^^
2026-06-04T00:30:39.8782486+00:00 ContainerStream:   File "/app/app.py", line 78, in wiadomosci
2026-06-04T00:30:39.8782503+00:00 ContainerStream:     return render_template("wiadomosci.html", wiadomosci=lista)
2026-06-04T00:30:39.8782519+00:00 ContainerStream:            ^^^^^^^^^^^^^^^^^^^^^^^^^^^^^^^^^^^^^^^^^^^^^^^^^^^^
2026-06-04T00:30:39.8782541+00:00 ContainerStream:   File "/usr/local/lib/python3.12/site-packages/flask/templating.py", line 150, in render_template
2026-06-04T00:30:39.8782558+00:00 ContainerStream:     template = app.jinja_env.get_or_select_template(template_name_or_list)
2026-06-04T00:30:39.8782590+00:00 ContainerStream:                ^^^^^^^^^^^^^^^^^^^^^^^^^^^^^^^^^^^^^^^^^^^^^^^^^^^^^^^^^^^
2026-06-04T00:30:39.8782610+00:00 ContainerStream:   File "/usr/local/lib/python3.12/site-packages/jinja2/environment.py", line 1087, in get_or_select_template
2026-06-04T00:30:39.8782626+00:00 ContainerStream:     return self.get_template(template_name_or_list, parent, globals)
2026-06-04T00:30:39.8782643+00:00 ContainerStream:            ^^^^^^^^^^^^^^^^^^^^^^^^^^^^^^^^^^^^^^^^^^^^^^^^^^^^^^^^^
2026-06-04T00:30:39.8782660+00:00 ContainerStream:   File "/usr/local/lib/python3.12/site-packages/jinja2/environment.py", line 1016, in get_template
2026-06-04T00:30:39.8782676+00:00 ContainerStream:     return self._load_template(name, globals)
2026-06-04T00:30:39.8782691+00:00 ContainerStream:            ^^^^^^^^^^^^^^^^^^^^^^^^^^^^^^^^^^
2026-06-04T00:30:39.8782709+00:00 ContainerStream:   File "/usr/local/lib/python3.12/site-packages/jinja2/environment.py", line 975, in _load_template
2026-06-04T00:30:39.8782726+00:00 ContainerStream:     template = self.loader.load(self, name, self.make_globals(globals))
2026-06-04T00:30:39.8782742+00:00 ContainerStream:                ^^^^^^^^^^^^^^^^^^^^^^^^^^^^^^^^^^^^^^^^^^^^^^^^^^^^^^^^
2026-06-04T00:30:39.8782760+00:00 ContainerStream:   File "/usr/local/lib/python3.12/site-packages/jinja2/loaders.py", line 126, in load
2026-06-04T00:30:39.8782791+00:00 ContainerStream:     source, filename, uptodate = self.get_source(environment, name)
2026-06-04T00:30:39.8782807+00:00 ContainerStream:                                  ^^^^^^^^^^^^^^^^^^^^^^^^^^^^^^^^^^
2026-06-04T00:30:39.8782825+00:00 ContainerStream:   File "/usr/local/lib/python3.12/site-packages/flask/templating.py", line 66, in get_source
2026-06-04T00:30:39.8782844+00:00 ContainerStream:     return self._get_source_fast(environment, template)
2026-06-04T00:30:39.8782859+00:00 ContainerStream:            ^^^^^^^^^^^^^^^^^^^^^^^^^^^^^^^^^^^^^^^^^^^^
2026-06-04T00:30:39.8782877+00:00 ContainerStream:   File "/usr/local/lib/python3.12/site-packages/flask/templating.py", line 100, in _get_source_fast
2026-06-04T00:30:39.8782988+00:00 ContainerStream:     raise TemplateNotFound(template)
2026-06-04T00:30:39.8783005+00:00 ContainerStream: jinja2.exceptions.TemplateNotFound: wiadomosci.html
2026-06-04T13:27:57.9690206+00:00 ContainerStream: [2026-06-04 13:27:57,933] ERROR in app: Exception on /wiadomosci [GET]
2026-06-04T13:27:57.9742054+00:00 ContainerStream: Traceback (most recent call last):
2026-06-04T13:27:57.9742247+00:00 ContainerStream:   File "/usr/local/lib/python3.12/site-packages/flask/app.py", line 1511, in wsgi_app
2026-06-04T13:27:57.9742271+00:00 ContainerStream:     response = self.full_dispatch_request()
2026-06-04T13:27:57.9742293+00:00 ContainerStream:                ^^^^^^^^^^^^^^^^^^^^^^^^^^^^
2026-06-04T13:27:57.9742316+00:00 ContainerStream:   File "/usr/local/lib/python3.12/site-packages/flask/app.py", line 919, in full_dispatch_request
2026-06-04T13:27:57.9742332+00:00 ContainerStream:     rv = self.handle_user_exception(e)
2026-06-04T13:27:57.9742347+00:00 ContainerStream:          ^^^^^^^^^^^^^^^^^^^^^^^^^^^^^
2026-06-04T13:27:57.9742365+00:00 ContainerStream:   File "/usr/local/lib/python3.12/site-packages/flask/app.py", line 917, in full_dispatch_request
2026-06-04T13:27:57.9742382+00:00 ContainerStream:     rv = self.dispatch_request()
2026-06-04T13:27:57.9742399+00:00 ContainerStream:          ^^^^^^^^^^^^^^^^^^^^^^^
2026-06-04T13:27:57.9742460+00:00 ContainerStream:   File "/usr/local/lib/python3.12/site-packages/flask/app.py", line 902, in dispatch_request
2026-06-04T13:27:57.9742480+00:00 ContainerStream:     return self.ensure_sync(self.view_functions[rule.endpoint])(**view_args)  # type: ignore[no-any-return]
2026-06-04T13:27:57.9742496+00:00 ContainerStream:            ^^^^^^^^^^^^^^^^^^^^^^^^^^^^^^^^^^^^^^^^^^^^^^^^^^^^^^^^^^^^^^^^^
2026-06-04T13:27:57.9742513+00:00 ContainerStream:   File "/app/app.py", line 78, in wiadomosci
2026-06-04T13:27:57.9742530+00:00 ContainerStream:     return render_template("wiadomosci.html", wiadomosci=lista)
2026-06-04T13:27:57.9742546+00:00 ContainerStream:            ^^^^^^^^^^^^^^^^^^^^^^^^^^^^^^^^^^^^^^^^^^^^^^^^^^^^
2026-06-04T13:27:57.9742564+00:00 ContainerStream:   File "/usr/local/lib/python3.12/site-packages/flask/templating.py", line 150, in render_template
2026-06-04T13:27:57.9742581+00:00 ContainerStream:     template = app.jinja_env.get_or_select_template(template_name_or_list)
2026-06-04T13:27:57.9742598+00:00 ContainerStream:                ^^^^^^^^^^^^^^^^^^^^^^^^^^^^^^^^^^^^^^^^^^^^^^^^^^^^^^^^^^^
2026-06-04T13:27:57.9742617+00:00 ContainerStream:   File "/usr/local/lib/python3.12/site-packages/jinja2/environment.py", line 1087, in get_or_select_template
2026-06-04T13:27:57.9742650+00:00 ContainerStream:     return self.get_template(template_name_or_list, parent, globals)
2026-06-04T13:27:57.9742667+00:00 ContainerStream:            ^^^^^^^^^^^^^^^^^^^^^^^^^^^^^^^^^^^^^^^^^^^^^^^^^^^^^^^^^
2026-06-04T13:27:57.9742684+00:00 ContainerStream:   File "/usr/local/lib/python3.12/site-packages/jinja2/environment.py", line 1016, in get_template
2026-06-04T13:27:57.9742700+00:00 ContainerStream:     return self._load_template(name, globals)
2026-06-04T13:27:57.9742716+00:00 ContainerStream:            ^^^^^^^^^^^^^^^^^^^^^^^^^^^^^^^^^^
2026-06-04T13:27:57.9742734+00:00 ContainerStream:   File "/usr/local/lib/python3.12/site-packages/jinja2/environment.py", line 975, in _load_template
2026-06-04T13:27:57.9742751+00:00 ContainerStream:     template = self.loader.load(self, name, self.make_globals(globals))
2026-06-04T13:27:57.9742768+00:00 ContainerStream:                ^^^^^^^^^^^^^^^^^^^^^^^^^^^^^^^^^^^^^^^^^^^^^^^^^^^^^^^^
2026-06-04T13:27:57.9742786+00:00 ContainerStream:   File "/usr/local/lib/python3.12/site-packages/jinja2/loaders.py", line 126, in load
2026-06-04T13:27:57.9742802+00:00 ContainerStream:     source, filename, uptodate = self.get_source(environment, name)
2026-06-04T13:27:57.9742818+00:00 ContainerStream:                                  ^^^^^^^^^^^^^^^^^^^^^^^^^^^^^^^^^^
2026-06-04T13:27:57.9742852+00:00 ContainerStream:   File "/usr/local/lib/python3.12/site-packages/flask/templating.py", line 66, in get_source
2026-06-04T13:27:57.9742869+00:00 ContainerStream:     return self._get_source_fast(environment, template)
2026-06-04T13:27:57.9742885+00:00 ContainerStream:            ^^^^^^^^^^^^^^^^^^^^^^^^^^^^^^^^^^^^^^^^^^^^
2026-06-04T13:27:57.9742903+00:00 ContainerStream:   File "/usr/local/lib/python3.12/site-packages/flask/templating.py", line 100, in _get_source_fast
2026-06-04T13:27:57.9742919+00:00 ContainerStream:     raise TemplateNotFound(template)
2026-06-04T13:27:57.9742936+00:00 ContainerStream: jinja2.exceptions.TemplateNotFound: wiadomosci.html
2026-06-04T13:29:25.2940007+00:00 ContainerStream: [2026-06-04 13:29:25,291] ERROR in app: Exception on /wiadomosci [GET]
2026-06-04T13:29:25.2940512+00:00 ContainerStream: Traceback (most recent call last):
2026-06-04T13:29:25.2940537+00:00 ContainerStream:   File "/usr/local/lib/python3.12/site-packages/flask/app.py", line 1511, in wsgi_app
2026-06-04T13:29:25.2940553+00:00 ContainerStream:     response = self.full_dispatch_request()
2026-06-04T13:29:25.2940568+00:00 ContainerStream:                ^^^^^^^^^^^^^^^^^^^^^^^^^^^^
2026-06-04T13:29:25.2940587+00:00 ContainerStream:   File "/usr/local/lib/python3.12/site-packages/flask/app.py", line 919, in full_dispatch_request
2026-06-04T13:29:25.2940603+00:00 ContainerStream:     rv = self.handle_user_exception(e)
2026-06-04T13:29:25.2940619+00:00 ContainerStream:          ^^^^^^^^^^^^^^^^^^^^^^^^^^^^^
2026-06-04T13:29:25.2940637+00:00 ContainerStream:   File "/usr/local/lib/python3.12/site-packages/flask/app.py", line 917, in full_dispatch_request
2026-06-04T13:29:25.2940652+00:00 ContainerStream:     rv = self.dispatch_request()
2026-06-04T13:29:25.2940668+00:00 ContainerStream:          ^^^^^^^^^^^^^^^^^^^^^^^
2026-06-04T13:29:25.2940710+00:00 ContainerStream:   File "/usr/local/lib/python3.12/site-packages/flask/app.py", line 902, in dispatch_request
2026-06-04T13:29:25.2940729+00:00 ContainerStream:     return self.ensure_sync(self.view_functions[rule.endpoint])(**view_args)  # type: ignore[no-any-return]
2026-06-04T13:29:25.2940748+00:00 ContainerStream:            ^^^^^^^^^^^^^^^^^^^^^^^^^^^^^^^^^^^^^^^^^^^^^^^^^^^^^^^^^^^^^^^^^
2026-06-04T13:29:25.2940764+00:00 ContainerStream:   File "/app/app.py", line 78, in wiadomosci
2026-06-04T13:29:25.2940781+00:00 ContainerStream:     return render_template("wiadomosci.html", wiadomosci=lista)
2026-06-04T13:29:25.2940798+00:00 ContainerStream:            ^^^^^^^^^^^^^^^^^^^^^^^^^^^^^^^^^^^^^^^^^^^^^^^^^^^^
2026-06-04T13:29:25.2940816+00:00 ContainerStream:   File "/usr/local/lib/python3.12/site-packages/flask/templating.py", line 150, in render_template
2026-06-04T13:29:25.2940833+00:00 ContainerStream:     template = app.jinja_env.get_or_select_template(template_name_or_list)
2026-06-04T13:29:25.2940850+00:00 ContainerStream:                ^^^^^^^^^^^^^^^^^^^^^^^^^^^^^^^^^^^^^^^^^^^^^^^^^^^^^^^^^^^
2026-06-04T13:29:25.2940868+00:00 ContainerStream:   File "/usr/local/lib/python3.12/site-packages/jinja2/environment.py", line 1087, in get_or_select_template
2026-06-04T13:29:25.2940901+00:00 ContainerStream:     return self.get_template(template_name_or_list, parent, globals)
2026-06-04T13:29:25.2940918+00:00 ContainerStream:            ^^^^^^^^^^^^^^^^^^^^^^^^^^^^^^^^^^^^^^^^^^^^^^^^^^^^^^^^^
2026-06-04T13:29:25.2940936+00:00 ContainerStream:   File "/usr/local/lib/python3.12/site-packages/jinja2/environment.py", line 1016, in get_template
2026-06-04T13:29:25.2940953+00:00 ContainerStream:     return self._load_template(name, globals)
2026-06-04T13:29:25.2940967+00:00 ContainerStream:            ^^^^^^^^^^^^^^^^^^^^^^^^^^^^^^^^^^
2026-06-04T13:29:25.2940989+00:00 ContainerStream:   File "/usr/local/lib/python3.12/site-packages/jinja2/environment.py", line 975, in _load_template
2026-06-04T13:29:25.2941006+00:00 ContainerStream:     template = self.loader.load(self, name, self.make_globals(globals))
2026-06-04T13:29:25.2941022+00:00 ContainerStream:                ^^^^^^^^^^^^^^^^^^^^^^^^^^^^^^^^^^^^^^^^^^^^^^^^^^^^^^^^
2026-06-04T13:29:25.2941040+00:00 ContainerStream:   File "/usr/local/lib/python3.12/site-packages/jinja2/loaders.py", line 126, in load
2026-06-04T13:29:25.2941056+00:00 ContainerStream:     source, filename, uptodate = self.get_source(environment, name)
2026-06-04T13:29:25.2941073+00:00 ContainerStream:                                  ^^^^^^^^^^^^^^^^^^^^^^^^^^^^^^^^^^
2026-06-04T13:29:25.2941107+00:00 ContainerStream:   File "/usr/local/lib/python3.12/site-packages/flask/templating.py", line 66, in get_source
2026-06-04T13:29:25.2941123+00:00 ContainerStream:     return self._get_source_fast(environment, template)
2026-06-04T13:29:25.2941139+00:00 ContainerStream:            ^^^^^^^^^^^^^^^^^^^^^^^^^^^^^^^^^^^^^^^^^^^^
2026-06-04T13:29:25.2941156+00:00 ContainerStream:   File "/usr/local/lib/python3.12/site-packages/flask/templating.py", line 100, in _get_source_fast
2026-06-04T13:29:25.2941171+00:00 ContainerStream:     raise TemplateNotFound(template)
2026-06-04T13:29:25.2941187+00:00 ContainerStream: jinja2.exceptions.TemplateNotFound: wiadomosci.html
2026-06-04T13:29:28.9687001+00:00 ContainerStream: [2026-06-04 13:29:28,967] ERROR in app: Exception on /wiadomosci [GET]
2026-06-04T13:29:28.9687401+00:00 ContainerStream: Traceback (most recent call last):
2026-06-04T13:29:28.9687427+00:00 ContainerStream:   File "/usr/local/lib/python3.12/site-packages/flask/app.py", line 1511, in wsgi_app
2026-06-04T13:29:28.9687443+00:00 ContainerStream:     response = self.full_dispatch_request()
2026-06-04T13:29:28.9687528+00:00 ContainerStream:                ^^^^^^^^^^^^^^^^^^^^^^^^^^^^
2026-06-04T13:29:28.9687547+00:00 ContainerStream:   File "/usr/local/lib/python3.12/site-packages/flask/app.py", line 919, in full_dispatch_request
2026-06-04T13:29:28.9687563+00:00 ContainerStream:     rv = self.handle_user_exception(e)
2026-06-04T13:29:28.9687578+00:00 ContainerStream:          ^^^^^^^^^^^^^^^^^^^^^^^^^^^^^
2026-06-04T13:29:28.9687596+00:00 ContainerStream:   File "/usr/local/lib/python3.12/site-packages/flask/app.py", line 917, in full_dispatch_request
2026-06-04T13:29:28.9687611+00:00 ContainerStream:     rv = self.dispatch_request()
2026-06-04T13:29:28.9687626+00:00 ContainerStream:          ^^^^^^^^^^^^^^^^^^^^^^^
2026-06-04T13:29:28.9687644+00:00 ContainerStream:   File "/usr/local/lib/python3.12/site-packages/flask/app.py", line 902, in dispatch_request
2026-06-04T13:29:28.9687663+00:00 ContainerStream:     return self.ensure_sync(self.view_functions[rule.endpoint])(**view_args)  # type: ignore[no-any-return]
2026-06-04T13:29:28.9687680+00:00 ContainerStream:            ^^^^^^^^^^^^^^^^^^^^^^^^^^^^^^^^^^^^^^^^^^^^^^^^^^^^^^^^^^^^^^^^^
2026-06-04T13:29:28.9687713+00:00 ContainerStream:   File "/app/app.py", line 78, in wiadomosci
2026-06-04T13:29:28.9687731+00:00 ContainerStream:     return render_template("wiadomosci.html", wiadomosci=lista)
2026-06-04T13:29:28.9687746+00:00 ContainerStream:            ^^^^^^^^^^^^^^^^^^^^^^^^^^^^^^^^^^^^^^^^^^^^^^^^^^^^
2026-06-04T13:29:28.9687765+00:00 ContainerStream:   File "/usr/local/lib/python3.12/site-packages/flask/templating.py", line 150, in render_template
2026-06-04T13:29:28.9687782+00:00 ContainerStream:     template = app.jinja_env.get_or_select_template(template_name_or_list)
2026-06-04T13:29:28.9687799+00:00 ContainerStream:                ^^^^^^^^^^^^^^^^^^^^^^^^^^^^^^^^^^^^^^^^^^^^^^^^^^^^^^^^^^^
2026-06-04T13:29:28.9687817+00:00 ContainerStream:   File "/usr/local/lib/python3.12/site-packages/jinja2/environment.py", line 1087, in get_or_select_template
2026-06-04T13:29:28.9687834+00:00 ContainerStream:     return self.get_template(template_name_or_list, parent, globals)
2026-06-04T13:29:28.9687850+00:00 ContainerStream:            ^^^^^^^^^^^^^^^^^^^^^^^^^^^^^^^^^^^^^^^^^^^^^^^^^^^^^^^^^
2026-06-04T13:29:28.9687868+00:00 ContainerStream:   File "/usr/local/lib/python3.12/site-packages/jinja2/environment.py", line 1016, in get_template
2026-06-04T13:29:28.9687884+00:00 ContainerStream:     return self._load_template(name, globals)
2026-06-04T13:29:28.9687917+00:00 ContainerStream:            ^^^^^^^^^^^^^^^^^^^^^^^^^^^^^^^^^^
2026-06-04T13:29:28.9687936+00:00 ContainerStream:   File "/usr/local/lib/python3.12/site-packages/jinja2/environment.py", line 975, in _load_template
2026-06-04T13:29:28.9687953+00:00 ContainerStream:     template = self.loader.load(self, name, self.make_globals(globals))
2026-06-04T13:29:28.9687970+00:00 ContainerStream:                ^^^^^^^^^^^^^^^^^^^^^^^^^^^^^^^^^^^^^^^^^^^^^^^^^^^^^^^^
2026-06-04T13:29:28.9687988+00:00 ContainerStream:   File "/usr/local/lib/python3.12/site-packages/jinja2/loaders.py", line 126, in load
2026-06-04T13:29:28.9688004+00:00 ContainerStream:     source, filename, uptodate = self.get_source(environment, name)
2026-06-04T13:29:28.9688020+00:00 ContainerStream:                                  ^^^^^^^^^^^^^^^^^^^^^^^^^^^^^^^^^^
2026-06-04T13:29:28.9688038+00:00 ContainerStream:   File "/usr/local/lib/python3.12/site-packages/flask/templating.py", line 66, in get_source
2026-06-04T13:29:28.9688055+00:00 ContainerStream:     return self._get_source_fast(environment, template)
2026-06-04T13:29:28.9688071+00:00 ContainerStream:            ^^^^^^^^^^^^^^^^^^^^^^^^^^^^^^^^^^^^^^^^^^^^
2026-06-04T13:29:28.9688104+00:00 ContainerStream:   File "/usr/local/lib/python3.12/site-packages/flask/templating.py", line 100, in _get_source_fast
2026-06-04T13:29:28.9688121+00:00 ContainerStream:     raise TemplateNotFound(template)
2026-06-04T13:29:28.9688137+00:00 ContainerStream: jinja2.exceptions.TemplateNotFound: wiadomosci.html
2026-06-04T13:29:32.9052180+00:00 ContainerStream: [2026-06-04 13:29:32,894] ERROR in app: Exception on /wiadomosci [GET]
2026-06-04T13:29:32.9052633+00:00 ContainerStream: Traceback (most recent call last):
2026-06-04T13:29:32.9052659+00:00 ContainerStream:   File "/usr/local/lib/python3.12/site-packages/flask/app.py", line 1511, in wsgi_app
2026-06-04T13:29:32.9052675+00:00 ContainerStream:     response = self.full_dispatch_request()
2026-06-04T13:29:32.9052694+00:00 ContainerStream:                ^^^^^^^^^^^^^^^^^^^^^^^^^^^^
2026-06-04T13:29:32.9052715+00:00 ContainerStream:   File "/usr/local/lib/python3.12/site-packages/flask/app.py", line 919, in full_dispatch_request
2026-06-04T13:29:32.9052731+00:00 ContainerStream:     rv = self.handle_user_exception(e)
2026-06-04T13:29:32.9052819+00:00 ContainerStream:          ^^^^^^^^^^^^^^^^^^^^^^^^^^^^^
2026-06-04T13:29:32.9052838+00:00 ContainerStream:   File "/usr/local/lib/python3.12/site-packages/flask/app.py", line 917, in full_dispatch_request
2026-06-04T13:29:32.9052854+00:00 ContainerStream:     rv = self.dispatch_request()
2026-06-04T13:29:32.9052870+00:00 ContainerStream:          ^^^^^^^^^^^^^^^^^^^^^^^
2026-06-04T13:29:32.9052888+00:00 ContainerStream:   File "/usr/local/lib/python3.12/site-packages/flask/app.py", line 902, in dispatch_request
2026-06-04T13:29:32.9052907+00:00 ContainerStream:     return self.ensure_sync(self.view_functions[rule.endpoint])(**view_args)  # type: ignore[no-any-return]
2026-06-04T13:29:32.9052924+00:00 ContainerStream:            ^^^^^^^^^^^^^^^^^^^^^^^^^^^^^^^^^^^^^^^^^^^^^^^^^^^^^^^^^^^^^^^^^
2026-06-04T13:29:32.9052940+00:00 ContainerStream:   File "/app/app.py", line 78, in wiadomosci
2026-06-04T13:29:32.9052957+00:00 ContainerStream:     return render_template("wiadomosci.html", wiadomosci=lista)
2026-06-04T13:29:32.9052973+00:00 ContainerStream:            ^^^^^^^^^^^^^^^^^^^^^^^^^^^^^^^^^^^^^^^^^^^^^^^^^^^^
2026-06-04T13:29:32.9052992+00:00 ContainerStream:   File "/usr/local/lib/python3.12/site-packages/flask/templating.py", line 150, in render_template
2026-06-04T13:29:32.9053032+00:00 ContainerStream:     template = app.jinja_env.get_or_select_template(template_name_or_list)
2026-06-04T13:29:32.9053049+00:00 ContainerStream:                ^^^^^^^^^^^^^^^^^^^^^^^^^^^^^^^^^^^^^^^^^^^^^^^^^^^^^^^^^^^
2026-06-04T13:29:32.9053068+00:00 ContainerStream:   File "/usr/local/lib/python3.12/site-packages/jinja2/environment.py", line 1087, in get_or_select_template
2026-06-04T13:29:32.9053084+00:00 ContainerStream:     return self.get_template(template_name_or_list, parent, globals)
2026-06-04T13:29:32.9053101+00:00 ContainerStream:            ^^^^^^^^^^^^^^^^^^^^^^^^^^^^^^^^^^^^^^^^^^^^^^^^^^^^^^^^^
2026-06-04T13:29:32.9053118+00:00 ContainerStream:   File "/usr/local/lib/python3.12/site-packages/jinja2/environment.py", line 1016, in get_template
2026-06-04T13:29:32.9053134+00:00 ContainerStream:     return self._load_template(name, globals)
2026-06-04T13:29:32.9053150+00:00 ContainerStream:            ^^^^^^^^^^^^^^^^^^^^^^^^^^^^^^^^^^
2026-06-04T13:29:32.9053168+00:00 ContainerStream:   File "/usr/local/lib/python3.12/site-packages/jinja2/environment.py", line 975, in _load_template
2026-06-04T13:29:32.9053184+00:00 ContainerStream:     template = self.loader.load(self, name, self.make_globals(globals))
2026-06-04T13:29:32.9053218+00:00 ContainerStream:                ^^^^^^^^^^^^^^^^^^^^^^^^^^^^^^^^^^^^^^^^^^^^^^^^^^^^^^^^
2026-06-04T13:29:32.9053236+00:00 ContainerStream:   File "/usr/local/lib/python3.12/site-packages/jinja2/loaders.py", line 126, in load
2026-06-04T13:29:32.9053257+00:00 ContainerStream:     source, filename, uptodate = self.get_source(environment, name)
2026-06-04T13:29:32.9053273+00:00 ContainerStream:                                  ^^^^^^^^^^^^^^^^^^^^^^^^^^^^^^^^^^
2026-06-04T13:29:32.9053290+00:00 ContainerStream:   File "/usr/local/lib/python3.12/site-packages/flask/templating.py", line 66, in get_source
2026-06-04T13:29:32.9053307+00:00 ContainerStream:     return self._get_source_fast(environment, template)
2026-06-04T13:29:32.9053323+00:00 ContainerStream:            ^^^^^^^^^^^^^^^^^^^^^^^^^^^^^^^^^^^^^^^^^^^^
2026-06-04T13:29:32.9053341+00:00 ContainerStream:   File "/usr/local/lib/python3.12/site-packages/flask/templating.py", line 100, in _get_source_fast
2026-06-04T13:29:32.9053356+00:00 ContainerStream:     raise TemplateNotFound(template)
2026-06-04T13:29:32.9053372+00:00 ContainerStream: jinja2.exceptions.TemplateNotFound: wiadomosci.html
2026-06-04T13:29:35.2795593+00:00 ContainerStream: [2026-06-04 13:29:35,275] ERROR in app: Exception on /wiadomosci [GET]
2026-06-04T13:29:35.2796072+00:00 ContainerStream: Traceback (most recent call last):
2026-06-04T13:29:35.2796103+00:00 ContainerStream:   File "/usr/local/lib/python3.12/site-packages/flask/app.py", line 1511, in wsgi_app
2026-06-04T13:29:35.2796125+00:00 ContainerStream:     response = self.full_dispatch_request()
2026-06-04T13:29:35.2796140+00:00 ContainerStream:                ^^^^^^^^^^^^^^^^^^^^^^^^^^^^
2026-06-04T13:29:35.2796158+00:00 ContainerStream:   File "/usr/local/lib/python3.12/site-packages/flask/app.py", line 919, in full_dispatch_request
2026-06-04T13:29:35.2796174+00:00 ContainerStream:     rv = self.handle_user_exception(e)
2026-06-04T13:29:35.2796189+00:00 ContainerStream:          ^^^^^^^^^^^^^^^^^^^^^^^^^^^^^
2026-06-04T13:29:35.2796210+00:00 ContainerStream:   File "/usr/local/lib/python3.12/site-packages/flask/app.py", line 917, in full_dispatch_request
2026-06-04T13:29:35.2796225+00:00 ContainerStream:     rv = self.dispatch_request()
2026-06-04T13:29:35.2796240+00:00 ContainerStream:          ^^^^^^^^^^^^^^^^^^^^^^^
2026-06-04T13:29:35.2796336+00:00 ContainerStream:   File "/usr/local/lib/python3.12/site-packages/flask/app.py", line 902, in dispatch_request
2026-06-04T13:29:35.2796355+00:00 ContainerStream:     return self.ensure_sync(self.view_functions[rule.endpoint])(**view_args)  # type: ignore[no-any-return]
2026-06-04T13:29:35.2796372+00:00 ContainerStream:            ^^^^^^^^^^^^^^^^^^^^^^^^^^^^^^^^^^^^^^^^^^^^^^^^^^^^^^^^^^^^^^^^^
2026-06-04T13:29:35.2796388+00:00 ContainerStream:   File "/app/app.py", line 78, in wiadomosci
2026-06-04T13:29:35.2796405+00:00 ContainerStream:     return render_template("wiadomosci.html", wiadomosci=lista)
2026-06-04T13:29:35.2796423+00:00 ContainerStream:            ^^^^^^^^^^^^^^^^^^^^^^^^^^^^^^^^^^^^^^^^^^^^^^^^^^^^
2026-06-04T13:29:35.2796440+00:00 ContainerStream:   File "/usr/local/lib/python3.12/site-packages/flask/templating.py", line 150, in render_template
2026-06-04T13:29:35.2796457+00:00 ContainerStream:     template = app.jinja_env.get_or_select_template(template_name_or_list)
2026-06-04T13:29:35.2796474+00:00 ContainerStream:                ^^^^^^^^^^^^^^^^^^^^^^^^^^^^^^^^^^^^^^^^^^^^^^^^^^^^^^^^^^^
2026-06-04T13:29:35.2796492+00:00 ContainerStream:   File "/usr/local/lib/python3.12/site-packages/jinja2/environment.py", line 1087, in get_or_select_template
2026-06-04T13:29:35.2796554+00:00 ContainerStream:     return self.get_template(template_name_or_list, parent, globals)
2026-06-04T13:29:35.2796574+00:00 ContainerStream:            ^^^^^^^^^^^^^^^^^^^^^^^^^^^^^^^^^^^^^^^^^^^^^^^^^^^^^^^^^
2026-06-04T13:29:35.2796591+00:00 ContainerStream:   File "/usr/local/lib/python3.12/site-packages/jinja2/environment.py", line 1016, in get_template
2026-06-04T13:29:35.2796608+00:00 ContainerStream:     return self._load_template(name, globals)
2026-06-04T13:29:35.2796624+00:00 ContainerStream:            ^^^^^^^^^^^^^^^^^^^^^^^^^^^^^^^^^^
2026-06-04T13:29:35.2796641+00:00 ContainerStream:   File "/usr/local/lib/python3.12/site-packages/jinja2/environment.py", line 975, in _load_template
2026-06-04T13:29:35.2796659+00:00 ContainerStream:     template = self.loader.load(self, name, self.make_globals(globals))
2026-06-04T13:29:35.2796675+00:00 ContainerStream:                ^^^^^^^^^^^^^^^^^^^^^^^^^^^^^^^^^^^^^^^^^^^^^^^^^^^^^^^^
2026-06-04T13:29:35.2796692+00:00 ContainerStream:   File "/usr/local/lib/python3.12/site-packages/jinja2/loaders.py", line 126, in load
2026-06-04T13:29:35.2796709+00:00 ContainerStream:     source, filename, uptodate = self.get_source(environment, name)
2026-06-04T13:29:35.2796742+00:00 ContainerStream:                                  ^^^^^^^^^^^^^^^^^^^^^^^^^^^^^^^^^^
2026-06-04T13:29:35.2796761+00:00 ContainerStream:   File "/usr/local/lib/python3.12/site-packages/flask/templating.py", line 66, in get_source
2026-06-04T13:29:35.2796778+00:00 ContainerStream:     return self._get_source_fast(environment, template)
2026-06-04T13:29:35.2796793+00:00 ContainerStream:            ^^^^^^^^^^^^^^^^^^^^^^^^^^^^^^^^^^^^^^^^^^^^
2026-06-04T13:29:35.2796812+00:00 ContainerStream:   File "/usr/local/lib/python3.12/site-packages/flask/templating.py", line 100, in _get_source_fast
2026-06-04T13:29:35.2796827+00:00 ContainerStream:     raise TemplateNotFound(template)
2026-06-04T13:29:35.2796843+00:00 ContainerStream: jinja2.exceptions.TemplateNotFound: wiadomosci.html
2026-06-04T13:36:59.7024352+00:00 ContainerStream: [2026-06-04 13:36:59,700] ERROR in app: Exception on /wiadomosci [GET]
2026-06-04T13:36:59.7024785+00:00 ContainerStream: Traceback (most recent call last):
2026-06-04T13:36:59.7024809+00:00 ContainerStream:   File "/usr/local/lib/python3.12/site-packages/flask/app.py", line 1511, in wsgi_app
2026-06-04T13:36:59.7024826+00:00 ContainerStream:     response = self.full_dispatch_request()
2026-06-04T13:36:59.7024842+00:00 ContainerStream:                ^^^^^^^^^^^^^^^^^^^^^^^^^^^^
2026-06-04T13:36:59.7024861+00:00 ContainerStream:   File "/usr/local/lib/python3.12/site-packages/flask/app.py", line 919, in full_dispatch_request
2026-06-04T13:36:59.7024877+00:00 ContainerStream:     rv = self.handle_user_exception(e)
2026-06-04T13:36:59.7024892+00:00 ContainerStream:          ^^^^^^^^^^^^^^^^^^^^^^^^^^^^^
2026-06-04T13:36:59.7024910+00:00 ContainerStream:   File "/usr/local/lib/python3.12/site-packages/flask/app.py", line 917, in full_dispatch_request
2026-06-04T13:36:59.7024926+00:00 ContainerStream:     rv = self.dispatch_request()
2026-06-04T13:36:59.7024941+00:00 ContainerStream:          ^^^^^^^^^^^^^^^^^^^^^^^
2026-06-04T13:36:59.7024981+00:00 ContainerStream:   File "/usr/local/lib/python3.12/site-packages/flask/app.py", line 902, in dispatch_request
2026-06-04T13:36:59.7025001+00:00 ContainerStream:     return self.ensure_sync(self.view_functions[rule.endpoint])(**view_args)  # type: ignore[no-any-return]
2026-06-04T13:36:59.7025019+00:00 ContainerStream:            ^^^^^^^^^^^^^^^^^^^^^^^^^^^^^^^^^^^^^^^^^^^^^^^^^^^^^^^^^^^^^^^^^
2026-06-04T13:36:59.7025036+00:00 ContainerStream:   File "/app/app.py", line 78, in wiadomosci
2026-06-04T13:36:59.7025052+00:00 ContainerStream:     return render_template("wiadomosci.html", wiadomosci=lista)
2026-06-04T13:36:59.7025069+00:00 ContainerStream:            ^^^^^^^^^^^^^^^^^^^^^^^^^^^^^^^^^^^^^^^^^^^^^^^^^^^^
2026-06-04T13:36:59.7025087+00:00 ContainerStream:   File "/usr/local/lib/python3.12/site-packages/flask/templating.py", line 150, in render_template
2026-06-04T13:36:59.7025105+00:00 ContainerStream:     template = app.jinja_env.get_or_select_template(template_name_or_list)
2026-06-04T13:36:59.7025122+00:00 ContainerStream:                ^^^^^^^^^^^^^^^^^^^^^^^^^^^^^^^^^^^^^^^^^^^^^^^^^^^^^^^^^^^
2026-06-04T13:36:59.7025141+00:00 ContainerStream:   File "/usr/local/lib/python3.12/site-packages/jinja2/environment.py", line 1087, in get_or_select_template
2026-06-04T13:36:59.7025175+00:00 ContainerStream:     return self.get_template(template_name_or_list, parent, globals)
2026-06-04T13:36:59.7025191+00:00 ContainerStream:            ^^^^^^^^^^^^^^^^^^^^^^^^^^^^^^^^^^^^^^^^^^^^^^^^^^^^^^^^^
2026-06-04T13:36:59.7025209+00:00 ContainerStream:   File "/usr/local/lib/python3.12/site-packages/jinja2/environment.py", line 1016, in get_template
2026-06-04T13:36:59.7025225+00:00 ContainerStream:     return self._load_template(name, globals)
2026-06-04T13:36:59.7025240+00:00 ContainerStream:            ^^^^^^^^^^^^^^^^^^^^^^^^^^^^^^^^^^
2026-06-04T13:36:59.7025258+00:00 ContainerStream:   File "/usr/local/lib/python3.12/site-packages/jinja2/environment.py", line 975, in _load_template
2026-06-04T13:36:59.7025275+00:00 ContainerStream:     template = self.loader.load(self, name, self.make_globals(globals))
2026-06-04T13:36:59.7025293+00:00 ContainerStream:                ^^^^^^^^^^^^^^^^^^^^^^^^^^^^^^^^^^^^^^^^^^^^^^^^^^^^^^^^
2026-06-04T13:36:59.7025310+00:00 ContainerStream:   File "/usr/local/lib/python3.12/site-packages/jinja2/loaders.py", line 126, in load
2026-06-04T13:36:59.7025327+00:00 ContainerStream:     source, filename, uptodate = self.get_source(environment, name)
2026-06-04T13:36:59.7025343+00:00 ContainerStream:                                  ^^^^^^^^^^^^^^^^^^^^^^^^^^^^^^^^^^
2026-06-04T13:36:59.7025378+00:00 ContainerStream:   File "/usr/local/lib/python3.12/site-packages/flask/templating.py", line 66, in get_source
2026-06-04T13:36:59.7025394+00:00 ContainerStream:     return self._get_source_fast(environment, template)
2026-06-04T13:36:59.7025410+00:00 ContainerStream:            ^^^^^^^^^^^^^^^^^^^^^^^^^^^^^^^^^^^^^^^^^^^^
2026-06-04T13:36:59.7025428+00:00 ContainerStream:   File "/usr/local/lib/python3.12/site-packages/flask/templating.py", line 100, in _get_source_fast
2026-06-04T13:36:59.7025444+00:00 ContainerStream:     raise TemplateNotFound(template)
2026-06-04T13:36:59.7025463+00:00 ContainerStream: jinja2.exceptions.TemplateNotFound: wiadomosci.html
2026-06-04T13:54:39.6027630+00:00 ContainerStatus: State: Starting, Action: EstablishingSiteNetworks, LastError: , LastErrorTimestamp: 01/01/0001 00:00:00, LastErrorDetails: , Details: , DetailsLevel: INFO
2026-06-04T13:54:45.9304021+00:00 ContainerStatus: State: Starting, Action: StartingMsiContainer, LastError: , LastErrorTimestamp: 01/01/0001 00:00:00, LastErrorDetails: , Details: , DetailsLevel: INFO
2026-06-04T13:55:03.7789629+00:00 ContainerStatus: State: Starting, Action: StartingSiteContainers, LastError: , LastErrorTimestamp: 01/01/0001 00:00:00, LastErrorDetails: , Details: , DetailsLevel: INFO
2026-06-04T13:55:03.7794420+00:00 ContainerStatus: Container start method called.
2026-06-04T13:55:03.7799812+00:00 ContainerStatus: State: Starting, Action: PullingImage, LastError: , LastErrorTimestamp: 01/01/0001 00:00:00, LastErrorDetails: , Details: Pulling image iotcdv2026.azurecr.io/iot-app:v1 for iot-maja-asia_main., DetailsLevel: INFO
2026-06-04T13:55:03.7801451+00:00 ContainerStatus: Establishing network.
2026-06-04T13:55:03.7877554+00:00 ContainerStatus: Pulling image: iotcdv2026.azurecr.io/iot-app:v1.
2026-06-04T13:55:36.0569021+00:00 ContainerStatus: Image iotcdv2026.azurecr.io/iot-app:v1 is pulled from registry iotcdv2026.azurecr.io
2026-06-04T13:55:36.0574865+00:00 ContainerStatus: Container is starting.
2026-06-04T13:55:36.0775522+00:00 ContainerStatus: State: Starting, Action: MountingVolumes, LastError: , LastErrorTimestamp: 01/01/0001 00:00:00, LastErrorDetails: , Details: Mounting volumes for iot-maja-asia_main., DetailsLevel: INFO
2026-06-04T13:55:36.0782807+00:00 ContainerStatus: Establishing user namespace if not established already.
2026-06-04T13:55:36.0789678+00:00 ContainerStatus: Establishing network if not established already.
2026-06-04T13:55:36.0794967+00:00 ContainerStatus: Mounting volumes.
2026-06-04T13:55:36.0867109+00:00 ContainerStatus: Nested mountpoint volatile/logs
2026-06-04T13:55:36.0985212+00:00 ContainerStatus: Nested mountpoint 
2026-06-04T13:55:36.1171510+00:00 ContainerStatus: Nested mountpoint 
2026-06-04T13:55:36.2782336+00:00 ContainerStatus: State: Starting, Action: CreatingContainer, LastError: , LastErrorTimestamp: 01/01/0001 00:00:00, LastErrorDetails: , Details: Finished pulling container image and mounting volumes for iot-maja-asia_main. Allocatinng the rest of the container resources to finish container creation., DetailsLevel: INFO
2026-06-04T13:55:36.2792108+00:00 ContainerStatus: Creating container.
2026-06-04T13:55:36.2795058+00:00 ContainerStatus: Creating pipes for streaming container io.
2026-06-04T13:55:36.2797484+00:00 ContainerStatus: Creating stdout named pipe at /podr/container/pipe/525a527c7f5a_iot-maja-asia_main/stdout_e10c2c68309a4ad49a89031862a93e79.
2026-06-04T13:55:36.2889318+00:00 ContainerStatus: Successfully created stdout named pipe at: /podr/container/pipe/525a527c7f5a_iot-maja-asia_main/stdout_e10c2c68309a4ad49a89031862a93e79.
2026-06-04T13:55:36.2894067+00:00 ContainerStatus: Opening named pipe /podr/container/pipe/525a527c7f5a_iot-maja-asia_main/stdout_e10c2c68309a4ad49a89031862a93e79 for reading in non-blocking mode.
2026-06-04T13:55:36.2902642+00:00 ContainerStatus: Successfully opened named pipe: /podr/container/pipe/525a527c7f5a_iot-maja-asia_main/stdout_e10c2c68309a4ad49a89031862a93e79.
2026-06-04T13:55:36.3587749+00:00 ContainerStatus: Successfully removed non-blocking flag from /podr/container/pipe/525a527c7f5a_iot-maja-asia_main/stdout_e10c2c68309a4ad49a89031862a93e79.
2026-06-04T13:55:36.3589589+00:00 ContainerStatus: Creating stderr named pipe at /podr/container/pipe/525a527c7f5a_iot-maja-asia_main/stderr_36a0d0da034947c9be7a43ff7356b408.
2026-06-04T13:55:36.3591157+00:00 ContainerStatus: Successfully created stderr named pipe at: /podr/container/pipe/525a527c7f5a_iot-maja-asia_main/stderr_36a0d0da034947c9be7a43ff7356b408.
2026-06-04T13:55:36.3591848+00:00 ContainerStatus: Opening named pipe /podr/container/pipe/525a527c7f5a_iot-maja-asia_main/stderr_36a0d0da034947c9be7a43ff7356b408 for reading in non-blocking mode.
2026-06-04T13:55:36.3604753+00:00 ContainerStatus: Successfully opened named pipe: /podr/container/pipe/525a527c7f5a_iot-maja-asia_main/stderr_36a0d0da034947c9be7a43ff7356b408.
2026-06-04T13:55:36.3606298+00:00 ContainerStatus: Successfully removed non-blocking flag from /podr/container/pipe/525a527c7f5a_iot-maja-asia_main/stderr_36a0d0da034947c9be7a43ff7356b408.
2026-06-04T13:55:36.3607530+00:00 ContainerStatus: Creating container with image: iotcdv2026.azurecr.io/iot-app:v1 from registry: iotcdv2026.azurecr.io and fully qualified image name: iotcdv2026.azurecr.io/iot-app:v1
2026-06-04T13:55:37.5195072+00:00 ContainerStatus: Starting container: 525a527c7f5a_iot-maja-asia_main.
2026-06-04T13:55:37.5823852+00:00 ContainerStatus: Starting watchers and probes.
2026-06-04T13:55:37.6095259+00:00 ContainerStatus: Starting metrics collection.
2026-06-04T13:55:37.6203844+00:00 ContainerStatus: Container is running.
2026-06-04T13:55:37.6217368+00:00 ContainerStatus: State: Starting, Action: CreatingContainer, LastError: , LastErrorTimestamp: 01/01/0001 00:00:00, LastErrorDetails: , Details: Container iot-maja-asia_main successfully created and is running., DetailsLevel: INFO
2026-06-04T13:55:37.8014752+00:00 ContainerStatus: Container start method finished after 34021 ms.
2026-06-04T13:55:37.9840112+00:00 ContainerStatus: State: Starting, Action: InitiatingSiteWarmUpProbe, LastError: , LastErrorTimestamp: 01/01/0001 00:00:00, LastErrorDetails: , Details: Container iot-maja-asia_main successfully created and is running., DetailsLevel: INFO
2026-06-04T13:55:37.9935395+00:00 ContainerStatus: State: Starting, Action: WaitingForSiteWarmUpProbeSuccess, LastError: , LastErrorTimestamp: 01/01/0001 00:00:00, LastErrorDetails: , Details: Pinging warmup path to ensure container is ready to receive requests., DetailsLevel: INFO
2026-06-04T13:55:38.8085443+00:00 ContainerStream: [2026-06-04 13:55:38 +0000] [1] [INFO] Starting gunicorn 26.0.0
2026-06-04T13:55:38.8202948+00:00 ContainerStream: [2026-06-04 13:55:38 +0000] [1] [INFO] Listening at: http://0.0.0.0:80 (1)
2026-06-04T13:55:38.8203471+00:00 ContainerStream: [2026-06-04 13:55:38 +0000] [1] [INFO] Using worker: sync
2026-06-04T13:55:38.8377923+00:00 ContainerStream: [2026-06-04 13:55:38 +0000] [8] [INFO] Booting worker with pid: 8
2026-06-04T13:55:39.7344271+00:00 ContainerStream: [2026-06-04 13:55:39 +0000] [1] [INFO] Control socket listening at /root/.gunicorn/gunicorn.ctl
2026-06-04T13:55:40.0390512+00:00 ContainerStatus: Site startup probe succeeded after 2.0255259 seconds.
2026-06-04T13:55:40.2384916+00:00 ContainerStatus: State: Starting, Action: WarmUpProbeSucceeded, LastError: , LastErrorTimestamp: 01/01/0001 00:00:00, LastErrorDetails: , Details: Site startup probe succeeded after 2.0255259 seconds., DetailsLevel: INFO
========== New Cold Start Attempt (2026-06-04T13:55:40.6165913+00:00) ==========
2026-06-04T13:55:40.6165913+00:00 ContainerStatus: Site started.
2026-06-04T13:55:40.6174025+00:00 ContainerStatus: State: Started, Action: None, LastError: , LastErrorTimestamp: 01/01/0001 00:00:00, LastErrorDetails: , Details: Site started at 06/04/2026 13:55:40 (UTC), DetailsLevel: INFO
2026-06-04T13:56:00.9199015+00:00 ContainerStatus: State: Stopping, Action: StoppingSite, LastError: UnexpectedContainerExit, LastErrorTimestamp: 06/02/2026 19:31:42, LastErrorDetails: Pull image: iotcdv2026.azurecr.io/iot-app:v1 failed with unexpected exception., Details: Site started at 06/04/2026 00:26:52 (UTC), DetailsLevel: INFO
2026-06-04T13:56:00.9294811+00:00 ContainerStatus: State: Stopping, Action: StoppingSiteContainers, LastError: UnexpectedContainerExit, LastErrorTimestamp: 06/02/2026 19:31:42, LastErrorDetails: Pull image: iotcdv2026.azurecr.io/iot-app:v1 failed with unexpected exception., Details: Site started at 06/04/2026 00:26:52 (UTC), DetailsLevel: INFO
2026-06-04T13:56:00.9372207+00:00 ContainerStatus: Container is terminating. Grace period: 5 seconds.
2026-06-04T13:56:00.9489153+00:00 ContainerStatus: Stop and delete container. Retry count = 0
2026-06-04T13:56:00.9501861+00:00 ContainerStatus: Stopping container: e869a9223972_iot-maja-asia_main.
2026-06-04T13:56:01.2612709+00:00 ContainerStream: [Previous Container] [2026-06-04 13:56:01 +0000] [7] [INFO] Worker exiting (pid: 7)
2026-06-04T13:56:01.2698399+00:00 ContainerStream: [Previous Container] Błąd zapisu do bazy: ('HYT00', '[HYT00] [Microsoft][ODBC Driver 18 for SQL Server]Login timeout expired (0) (SQLDriverConnect)')
2026-06-04T13:56:01.2698869+00:00 ContainerStream: [Previous Container] Błąd zapisu do bazy: ('HYT00', '[HYT00] [Microsoft][ODBC Driver 18 for SQL Server]Login timeout expired (0) (SQLDriverConnect)')
2026-06-04T13:56:01.2698899+00:00 ContainerStream: [Previous Container] Błąd odczytu z bazy: ('42S02', "[42S02] [Microsoft][ODBC Driver 18 for SQL Server][SQL Server]Invalid object name 'wiadomosci'. (208) (SQLExecDirectW)")
2026-06-04T13:56:01.2698920+00:00 ContainerStream: [Previous Container] Błąd zapisu do bazy: ('HYT00', '[HYT00] [Microsoft][ODBC Driver 18 for SQL Server]Login timeout expired (0) (SQLDriverConnect)')
2026-06-04T13:56:01.2698941+00:00 ContainerStream: [Previous Container] Błąd odczytu z bazy: ('42S02', "[42S02] [Microsoft][ODBC Driver 18 for SQL Server][SQL Server]Invalid object name 'wiadomosci'. (208) (SQLExecDirectW)")
2026-06-04T13:56:01.2698963+00:00 ContainerStream: [Previous Container] Błąd odczytu z bazy: ('42S02', "[42S02] [Microsoft][ODBC Driver 18 for SQL Server][SQL Server]Invalid object name 'wiadomosci'. (208) (SQLExecDirectW)")
2026-06-04T13:56:01.2699008+00:00 ContainerStream: [Previous Container] Błąd odczytu z bazy: ('42S02', "[42S02] [Microsoft][ODBC Driver 18 for SQL Server][SQL Server]Invalid object name 'wiadomosci'. (208) (SQLExecDirectW)")
2026-06-04T13:56:01.2699030+00:00 ContainerStream: [Previous Container] Błąd odczytu z bazy: ('42S02', "[42S02] [Microsoft][ODBC Driver 18 for SQL Server][SQL Server]Invalid object name 'wiadomosci'. (208) (SQLExecDirectW)")
2026-06-04T13:56:01.2699051+00:00 ContainerStream: [Previous Container] Błąd odczytu z bazy: ('42S02', "[42S02] [Microsoft][ODBC Driver 18 for SQL Server][SQL Server]Invalid object name 'wiadomosci'. (208) (SQLExecDirectW)")
2026-06-04T13:56:01.2699072+00:00 ContainerStream: [Previous Container] Błąd odczytu z bazy: ('42S02', "[42S02] [Microsoft][ODBC Driver 18 for SQL Server][SQL Server]Invalid object name 'wiadomosci'. (208) (SQLExecDirectW)")
2026-06-04T13:56:04.1370348+00:00 ContainerStream: [Previous Container] [2026-06-04 13:56:04 +0000] [1] [INFO] Shutting down: Master
2026-06-04T13:56:04.5862403+00:00 ContainerStatus: Deleting container: e869a9223972_iot-maja-asia_main. Retry count = 0
2026-06-04T13:56:04.8183343+00:00 ContainerStatus: Container spec TerminationMessagePolicy  path 
2026-06-04T13:56:04.8272322+00:00 ContainerStatus: Container is terminated. Total time elapsed: 3881 ms.
2026-06-04T13:56:05.4139824+00:00 ContainerStatus: Site: iot-maja-asia stopped.
2026-06-04T23:49:55.3735077+00:00 ContainerStatus: State: Starting, Action: EstablishingSiteNetworks, LastError: , LastErrorTimestamp: 01/01/0001 00:00:00, LastErrorDetails: , Details: , DetailsLevel: INFO
2026-06-04T23:50:00.2147513+00:00 ContainerStatus: State: Starting, Action: StartingMsiContainer, LastError: , LastErrorTimestamp: 01/01/0001 00:00:00, LastErrorDetails: , Details: , DetailsLevel: INFO
2026-06-04T23:50:21.6302714+00:00 ContainerStatus: State: Starting, Action: StartingSiteContainers, LastError: , LastErrorTimestamp: 01/01/0001 00:00:00, LastErrorDetails: , Details: , DetailsLevel: INFO
2026-06-04T23:50:21.6311206+00:00 ContainerStatus: Container start method called.
2026-06-04T23:50:21.6312439+00:00 ContainerStatus: State: Starting, Action: PullingImage, LastError: , LastErrorTimestamp: 01/01/0001 00:00:00, LastErrorDetails: , Details: Pulling image iotcdv2026.azurecr.io/iot-app:v1 for iot-maja-asia_main., DetailsLevel: INFO
2026-06-04T23:50:21.6313943+00:00 ContainerStatus: Establishing network.
2026-06-04T23:50:21.6317022+00:00 ContainerStatus: Pulling image: iotcdv2026.azurecr.io/iot-app:v1.
2026-06-04T23:50:24.7268309+00:00 ContainerStatus: Container is starting.
2026-06-04T23:50:24.7269743+00:00 ContainerStatus: State: Starting, Action: MountingVolumes, LastError: , LastErrorTimestamp: 01/01/0001 00:00:00, LastErrorDetails: , Details: Mounting volumes for iot-maja-asia_main., DetailsLevel: INFO
2026-06-04T23:50:24.7270853+00:00 ContainerStatus: Establishing user namespace if not established already.
2026-06-04T23:50:24.7273205+00:00 ContainerStatus: Establishing network if not established already.
2026-06-04T23:50:24.7274696+00:00 ContainerStatus: Mounting volumes.
2026-06-04T23:50:24.7276463+00:00 ContainerStatus: Nested mountpoint volatile/logs
2026-06-04T23:50:24.7456759+00:00 ContainerStatus: Nested mountpoint 
2026-06-04T23:50:25.1695312+00:00 ContainerStatus: Nested mountpoint 
2026-06-04T23:50:25.2384409+00:00 ContainerStatus: State: Starting, Action: CreatingContainer, LastError: , LastErrorTimestamp: 01/01/0001 00:00:00, LastErrorDetails: , Details: Finished pulling container image and mounting volumes for iot-maja-asia_main. Allocatinng the rest of the container resources to finish container creation., DetailsLevel: INFO
2026-06-04T23:50:25.2387650+00:00 ContainerStatus: Creating container.
2026-06-04T23:50:25.2392698+00:00 ContainerStatus: Creating pipes for streaming container io.
2026-06-04T23:50:25.2398101+00:00 ContainerStatus: Creating stdout named pipe at /podr/container/pipe/2753743fe433_iot-maja-asia_main/stdout_f6732b637a514160abe5da2a283c4cdb.
2026-06-04T23:50:25.2407236+00:00 ContainerStatus: Successfully created stdout named pipe at: /podr/container/pipe/2753743fe433_iot-maja-asia_main/stdout_f6732b637a514160abe5da2a283c4cdb.
2026-06-04T23:50:25.2610671+00:00 ContainerStatus: Opening named pipe /podr/container/pipe/2753743fe433_iot-maja-asia_main/stdout_f6732b637a514160abe5da2a283c4cdb for reading in non-blocking mode.
2026-06-04T23:50:25.2700242+00:00 ContainerStatus: Successfully opened named pipe: /podr/container/pipe/2753743fe433_iot-maja-asia_main/stdout_f6732b637a514160abe5da2a283c4cdb.
2026-06-04T23:50:25.2705729+00:00 ContainerStatus: Successfully removed non-blocking flag from /podr/container/pipe/2753743fe433_iot-maja-asia_main/stdout_f6732b637a514160abe5da2a283c4cdb.
2026-06-04T23:50:25.2787580+00:00 ContainerStatus: Creating stderr named pipe at /podr/container/pipe/2753743fe433_iot-maja-asia_main/stderr_6fae6b13e3d648d2899fabec1353ce27.
2026-06-04T23:50:25.2794913+00:00 ContainerStatus: Successfully created stderr named pipe at: /podr/container/pipe/2753743fe433_iot-maja-asia_main/stderr_6fae6b13e3d648d2899fabec1353ce27.
2026-06-04T23:50:25.2799551+00:00 ContainerStatus: Opening named pipe /podr/container/pipe/2753743fe433_iot-maja-asia_main/stderr_6fae6b13e3d648d2899fabec1353ce27 for reading in non-blocking mode.
2026-06-04T23:50:25.2802309+00:00 ContainerStatus: Successfully opened named pipe: /podr/container/pipe/2753743fe433_iot-maja-asia_main/stderr_6fae6b13e3d648d2899fabec1353ce27.
2026-06-04T23:50:25.2808343+00:00 ContainerStatus: Successfully removed non-blocking flag from /podr/container/pipe/2753743fe433_iot-maja-asia_main/stderr_6fae6b13e3d648d2899fabec1353ce27.
2026-06-04T23:50:25.3008527+00:00 ContainerStatus: Creating container with image: iotcdv2026.azurecr.io/iot-app:v1 from registry: iotcdv2026.azurecr.io and fully qualified image name: iotcdv2026.azurecr.io/iot-app:v1
2026-06-04T23:50:26.5568304+00:00 ContainerStatus: Starting container: 2753743fe433_iot-maja-asia_main.
2026-06-04T23:50:26.7783510+00:00 ContainerStatus: Starting watchers and probes.
2026-06-04T23:50:26.7974027+00:00 ContainerStatus: Starting metrics collection.
2026-06-04T23:50:26.7977983+00:00 ContainerStatus: Container is running.
2026-06-04T23:50:26.7979163+00:00 ContainerStatus: State: Starting, Action: CreatingContainer, LastError: , LastErrorTimestamp: 01/01/0001 00:00:00, LastErrorDetails: , Details: Container iot-maja-asia_main successfully created and is running., DetailsLevel: INFO
2026-06-04T23:50:26.9582566+00:00 ContainerStatus: Container start method finished after 5326 ms.
2026-06-04T23:50:27.1904927+00:00 ContainerStatus: State: Starting, Action: InitiatingSiteWarmUpProbe, LastError: , LastErrorTimestamp: 01/01/0001 00:00:00, LastErrorDetails: , Details: Container iot-maja-asia_main successfully created and is running., DetailsLevel: INFO
2026-06-04T23:50:27.1906231+00:00 ContainerStatus: State: Starting, Action: WaitingForSiteWarmUpProbeSuccess, LastError: , LastErrorTimestamp: 01/01/0001 00:00:00, LastErrorDetails: , Details: Pinging warmup path to ensure container is ready to receive requests., DetailsLevel: INFO
2026-06-04T23:50:28.8022057+00:00 ContainerStream: [2026-06-04 23:50:28 +0000] [1] [INFO] Starting gunicorn 26.0.0
2026-06-04T23:50:28.8515303+00:00 ContainerStream: [2026-06-04 23:50:28 +0000] [1] [INFO] Listening at: http://0.0.0.0:80 (1)
2026-06-04T23:50:28.8515532+00:00 ContainerStream: [2026-06-04 23:50:28 +0000] [1] [INFO] Using worker: sync
2026-06-04T23:50:28.8515559+00:00 ContainerStream: [2026-06-04 23:50:28 +0000] [7] [INFO] Booting worker with pid: 7
2026-06-04T23:50:30.4806670+00:00 ContainerStream: [2026-06-04 23:50:30 +0000] [1] [INFO] Control socket listening at /root/.gunicorn/gunicorn.ctl
2026-06-04T23:50:31.1251328+00:00 ContainerStatus: Site startup probe succeeded after 3.8640255 seconds.
2026-06-04T23:50:31.7787407+00:00 ContainerStatus: State: Starting, Action: WarmUpProbeSucceeded, LastError: , LastErrorTimestamp: 01/01/0001 00:00:00, LastErrorDetails: , Details: Site startup probe succeeded after 3.8640255 seconds., DetailsLevel: INFO
2026-06-04T23:50:32.4044509+00:00 ContainerStatus: Site started.
2026-06-04T23:50:32.4240416+00:00 ContainerStatus: State: Started, Action: None, LastError: , LastErrorTimestamp: 01/01/0001 00:00:00, LastErrorDetails: , Details: Site started at 06/04/2026 23:50:32 (UTC), DetailsLevel: INFO
