2026-06-04T00:25:49.3135611Z State: Starting, Action: EstablishingSiteNetworks, LastError: , LastErrorTimestamp: 01/01/0001 00:00:00, LastErrorDetails: , Details: , DetailsLevel: INFO
2026-06-04T00:25:54.6661721Z State: Starting, Action: StartingMsiContainer, LastError: , LastErrorTimestamp: 01/01/0001 00:00:00, LastErrorDetails: , Details: , DetailsLevel: INFO
2026-06-04T00:26:14.0152547Z State: Starting, Action: StartingSiteContainers, LastError: , LastErrorTimestamp: 01/01/0001 00:00:00, LastErrorDetails: , Details: , DetailsLevel: INFO
2026-06-04T00:26:14.0157519Z Container start method called.
2026-06-04T00:26:14.0158136Z State: Starting, Action: PullingImage, LastError: , LastErrorTimestamp: 01/01/0001 00:00:00, LastErrorDetails: , Details: Pulling image iotcdv2026.azurecr.io/iot-app:v1 for iot-maja-asia_main., DetailsLevel: INFO
2026-06-04T00:26:14.0159924Z Establishing network.
2026-06-04T00:26:14.0251925Z Pulling image: iotcdv2026.azurecr.io/iot-app:v1.
2026-06-04T00:26:48.1908406Z Image iotcdv2026.azurecr.io/iot-app:v1 is pulled from registry iotcdv2026.azurecr.io
2026-06-04T00:26:48.1915978Z Container is starting.
2026-06-04T00:26:48.2567840Z State: Starting, Action: MountingVolumes, LastError: , LastErrorTimestamp: 01/01/0001 00:00:00, LastErrorDetails: , Details: Mounting volumes for iot-maja-asia_main., DetailsLevel: INFO
2026-06-04T00:26:48.2580324Z Establishing user namespace if not established already.
2026-06-04T00:26:48.2588999Z Establishing network if not established already.
2026-06-04T00:26:48.2591429Z Mounting volumes.
2026-06-04T00:26:48.2661307Z Nested mountpoint volatile/logs
2026-06-04T00:26:48.2781504Z Nested mountpoint 
2026-06-04T00:26:48.3761259Z Nested mountpoint 
2026-06-04T00:26:48.6183635Z State: Starting, Action: CreatingContainer, LastError: , LastErrorTimestamp: 01/01/0001 00:00:00, LastErrorDetails: , Details: Finished pulling container image and mounting volumes for iot-maja-asia_main. Allocatinng the rest of the container resources to finish container creation., DetailsLevel: INFO
2026-06-04T00:26:48.6194965Z Creating container.
2026-06-04T00:26:48.6278541Z Creating pipes for streaming container io.
2026-06-04T00:26:48.6282271Z Creating stdout named pipe at /podr/container/pipe/e869a9223972_iot-maja-asia_main/stdout_04e69595f1784904b8e22327b2ebb066.
2026-06-04T00:26:48.6500683Z Successfully created stdout named pipe at: /podr/container/pipe/e869a9223972_iot-maja-asia_main/stdout_04e69595f1784904b8e22327b2ebb066.
2026-06-04T00:26:48.6510199Z Opening named pipe /podr/container/pipe/e869a9223972_iot-maja-asia_main/stdout_04e69595f1784904b8e22327b2ebb066 for reading in non-blocking mode.
2026-06-04T00:26:48.6517736Z Successfully opened named pipe: /podr/container/pipe/e869a9223972_iot-maja-asia_main/stdout_04e69595f1784904b8e22327b2ebb066.
2026-06-04T00:26:48.6522756Z Successfully removed non-blocking flag from /podr/container/pipe/e869a9223972_iot-maja-asia_main/stdout_04e69595f1784904b8e22327b2ebb066.
2026-06-04T00:26:48.6589502Z Creating stderr named pipe at /podr/container/pipe/e869a9223972_iot-maja-asia_main/stderr_53e34ddd6d9349efa303bf3dada859dc.
2026-06-04T00:26:48.6591392Z Successfully created stderr named pipe at: /podr/container/pipe/e869a9223972_iot-maja-asia_main/stderr_53e34ddd6d9349efa303bf3dada859dc.
2026-06-04T00:26:48.6592142Z Opening named pipe /podr/container/pipe/e869a9223972_iot-maja-asia_main/stderr_53e34ddd6d9349efa303bf3dada859dc for reading in non-blocking mode.
2026-06-04T00:26:48.6608650Z Successfully opened named pipe: /podr/container/pipe/e869a9223972_iot-maja-asia_main/stderr_53e34ddd6d9349efa303bf3dada859dc.
2026-06-04T00:26:48.6688117Z Successfully removed non-blocking flag from /podr/container/pipe/e869a9223972_iot-maja-asia_main/stderr_53e34ddd6d9349efa303bf3dada859dc.
2026-06-04T00:26:48.6699112Z Creating container with image: iotcdv2026.azurecr.io/iot-app:v1 from registry: iotcdv2026.azurecr.io and fully qualified image name: iotcdv2026.azurecr.io/iot-app:v1
2026-06-04T00:26:49.4271501Z Starting container: e869a9223972_iot-maja-asia_main.
2026-06-04T00:26:49.5190362Z Starting watchers and probes.
2026-06-04T00:26:49.5269105Z Starting metrics collection.
2026-06-04T00:26:49.5280850Z Container is running.
2026-06-04T00:26:49.5283928Z State: Starting, Action: CreatingContainer, LastError: , LastErrorTimestamp: 01/01/0001 00:00:00, LastErrorDetails: , Details: Container iot-maja-asia_main successfully created and is running., DetailsLevel: INFO
2026-06-04T00:26:49.6787028Z Container start method finished after 35662 ms.
2026-06-04T00:26:49.8495372Z State: Starting, Action: InitiatingSiteWarmUpProbe, LastError: , LastErrorTimestamp: 01/01/0001 00:00:00, LastErrorDetails: , Details: Container iot-maja-asia_main successfully created and is running., DetailsLevel: INFO
2026-06-04T00:26:49.8503545Z State: Starting, Action: WaitingForSiteWarmUpProbeSuccess, LastError: , LastErrorTimestamp: 01/01/0001 00:00:00, LastErrorDetails: , Details: Pinging warmup path to ensure container is ready to receive requests., DetailsLevel: INFO
2026-06-04T00:26:51.9630137Z Site startup probe succeeded after 2.083381 seconds.
2026-06-04T00:26:52.2887580Z State: Starting, Action: WarmUpProbeSucceeded, LastError: , LastErrorTimestamp: 01/01/0001 00:00:00, LastErrorDetails: , Details: Site startup probe succeeded after 2.083381 seconds., DetailsLevel: INFO
2026-06-04T00:26:52.6915197Z Site started.
2026-06-04T00:26:52.6920535Z State: Started, Action: None, LastError: , LastErrorTimestamp: 01/01/0001 00:00:00, LastErrorDetails: , Details: Site started at 06/04/2026 00:26:52 (UTC), DetailsLevel: INFO
2026-06-04T00:27:12.8661255Z State: Stopping, Action: StoppingSite, LastError: UnexpectedContainerExit, LastErrorTimestamp: 06/02/2026 19:31:42, LastErrorDetails: Pull image: iotcdv2026.azurecr.io/iot-app:v1 failed with unexpected exception., Details: Site started at 06/03/2026 22:25:54 (UTC), DetailsLevel: INFO
2026-06-04T00:27:12.8769046Z State: Stopping, Action: StoppingSiteContainers, LastError: UnexpectedContainerExit, LastErrorTimestamp: 06/02/2026 19:31:42, LastErrorDetails: Pull image: iotcdv2026.azurecr.io/iot-app:v1 failed with unexpected exception., Details: Site started at 06/03/2026 22:25:54 (UTC), DetailsLevel: INFO
2026-06-04T00:27:12.8770820Z Container is terminating. Grace period: 5 seconds.
2026-06-04T00:27:12.9365505Z Stop and delete container. Retry count = 0
2026-06-04T00:27:12.9366497Z Stopping container: 09496ff7b8f2_iot-maja-asia_main.
2026-06-04T00:27:18.2768781Z Deleting container: 09496ff7b8f2_iot-maja-asia_main. Retry count = 0
2026-06-04T00:27:18.7800922Z Container spec TerminationMessagePolicy  path 
2026-06-04T00:27:18.7802431Z Container is terminated. Total time elapsed: 5903 ms.
2026-06-04T00:27:21.3767599Z Site: iot-maja-asia stopped.
2026-06-04T13:54:39.6027630Z State: Starting, Action: EstablishingSiteNetworks, LastError: , LastErrorTimestamp: 01/01/0001 00:00:00, LastErrorDetails: , Details: , DetailsLevel: INFO
2026-06-04T13:54:45.9304021Z State: Starting, Action: StartingMsiContainer, LastError: , LastErrorTimestamp: 01/01/0001 00:00:00, LastErrorDetails: , Details: , DetailsLevel: INFO
2026-06-04T13:55:03.7789629Z State: Starting, Action: StartingSiteContainers, LastError: , LastErrorTimestamp: 01/01/0001 00:00:00, LastErrorDetails: , Details: , DetailsLevel: INFO
2026-06-04T13:55:03.7794420Z Container start method called.
2026-06-04T13:55:03.7799812Z State: Starting, Action: PullingImage, LastError: , LastErrorTimestamp: 01/01/0001 00:00:00, LastErrorDetails: , Details: Pulling image iotcdv2026.azurecr.io/iot-app:v1 for iot-maja-asia_main., DetailsLevel: INFO
2026-06-04T13:55:03.7801451Z Establishing network.
2026-06-04T13:55:03.7877554Z Pulling image: iotcdv2026.azurecr.io/iot-app:v1.
2026-06-04T13:55:36.0569021Z Image iotcdv2026.azurecr.io/iot-app:v1 is pulled from registry iotcdv2026.azurecr.io
2026-06-04T13:55:36.0574865Z Container is starting.
2026-06-04T13:55:36.0775522Z State: Starting, Action: MountingVolumes, LastError: , LastErrorTimestamp: 01/01/0001 00:00:00, LastErrorDetails: , Details: Mounting volumes for iot-maja-asia_main., DetailsLevel: INFO
2026-06-04T13:55:36.0782807Z Establishing user namespace if not established already.
2026-06-04T13:55:36.0789678Z Establishing network if not established already.
2026-06-04T13:55:36.0794967Z Mounting volumes.
2026-06-04T13:55:36.0867109Z Nested mountpoint volatile/logs
2026-06-04T13:55:36.0985212Z Nested mountpoint 
2026-06-04T13:55:36.1171510Z Nested mountpoint 
2026-06-04T13:55:36.2782336Z State: Starting, Action: CreatingContainer, LastError: , LastErrorTimestamp: 01/01/0001 00:00:00, LastErrorDetails: , Details: Finished pulling container image and mounting volumes for iot-maja-asia_main. Allocatinng the rest of the container resources to finish container creation., DetailsLevel: INFO
2026-06-04T13:55:36.2792108Z Creating container.
2026-06-04T13:55:36.2795058Z Creating pipes for streaming container io.
2026-06-04T13:55:36.2797484Z Creating stdout named pipe at /podr/container/pipe/525a527c7f5a_iot-maja-asia_main/stdout_e10c2c68309a4ad49a89031862a93e79.
2026-06-04T13:55:36.2889318Z Successfully created stdout named pipe at: /podr/container/pipe/525a527c7f5a_iot-maja-asia_main/stdout_e10c2c68309a4ad49a89031862a93e79.
2026-06-04T13:55:36.2894067Z Opening named pipe /podr/container/pipe/525a527c7f5a_iot-maja-asia_main/stdout_e10c2c68309a4ad49a89031862a93e79 for reading in non-blocking mode.
2026-06-04T13:55:36.2902642Z Successfully opened named pipe: /podr/container/pipe/525a527c7f5a_iot-maja-asia_main/stdout_e10c2c68309a4ad49a89031862a93e79.
2026-06-04T13:55:36.3587749Z Successfully removed non-blocking flag from /podr/container/pipe/525a527c7f5a_iot-maja-asia_main/stdout_e10c2c68309a4ad49a89031862a93e79.
2026-06-04T13:55:36.3589589Z Creating stderr named pipe at /podr/container/pipe/525a527c7f5a_iot-maja-asia_main/stderr_36a0d0da034947c9be7a43ff7356b408.
2026-06-04T13:55:36.3591157Z Successfully created stderr named pipe at: /podr/container/pipe/525a527c7f5a_iot-maja-asia_main/stderr_36a0d0da034947c9be7a43ff7356b408.
2026-06-04T13:55:36.3591848Z Opening named pipe /podr/container/pipe/525a527c7f5a_iot-maja-asia_main/stderr_36a0d0da034947c9be7a43ff7356b408 for reading in non-blocking mode.
2026-06-04T13:55:36.3604753Z Successfully opened named pipe: /podr/container/pipe/525a527c7f5a_iot-maja-asia_main/stderr_36a0d0da034947c9be7a43ff7356b408.
2026-06-04T13:55:36.3606298Z Successfully removed non-blocking flag from /podr/container/pipe/525a527c7f5a_iot-maja-asia_main/stderr_36a0d0da034947c9be7a43ff7356b408.
2026-06-04T13:55:36.3607530Z Creating container with image: iotcdv2026.azurecr.io/iot-app:v1 from registry: iotcdv2026.azurecr.io and fully qualified image name: iotcdv2026.azurecr.io/iot-app:v1
2026-06-04T13:55:37.5195072Z Starting container: 525a527c7f5a_iot-maja-asia_main.
2026-06-04T13:55:37.5823852Z Starting watchers and probes.
2026-06-04T13:55:37.6095259Z Starting metrics collection.
2026-06-04T13:55:37.6203844Z Container is running.
2026-06-04T13:55:37.6217368Z State: Starting, Action: CreatingContainer, LastError: , LastErrorTimestamp: 01/01/0001 00:00:00, LastErrorDetails: , Details: Container iot-maja-asia_main successfully created and is running., DetailsLevel: INFO
2026-06-04T13:55:37.8014752Z Container start method finished after 34021 ms.
2026-06-04T13:55:37.9840112Z State: Starting, Action: InitiatingSiteWarmUpProbe, LastError: , LastErrorTimestamp: 01/01/0001 00:00:00, LastErrorDetails: , Details: Container iot-maja-asia_main successfully created and is running., DetailsLevel: INFO
2026-06-04T13:55:37.9935395Z State: Starting, Action: WaitingForSiteWarmUpProbeSuccess, LastError: , LastErrorTimestamp: 01/01/0001 00:00:00, LastErrorDetails: , Details: Pinging warmup path to ensure container is ready to receive requests., DetailsLevel: INFO
2026-06-04T13:55:40.0390512Z Site startup probe succeeded after 2.0255259 seconds.
2026-06-04T13:55:40.2384916Z State: Starting, Action: WarmUpProbeSucceeded, LastError: , LastErrorTimestamp: 01/01/0001 00:00:00, LastErrorDetails: , Details: Site startup probe succeeded after 2.0255259 seconds., DetailsLevel: INFO
2026-06-04T13:55:40.6165913Z Site started.
2026-06-04T13:55:40.6174025Z State: Started, Action: None, LastError: , LastErrorTimestamp: 01/01/0001 00:00:00, LastErrorDetails: , Details: Site started at 06/04/2026 13:55:40 (UTC), DetailsLevel: INFO
2026-06-04T13:56:00.9199015Z State: Stopping, Action: StoppingSite, LastError: UnexpectedContainerExit, LastErrorTimestamp: 06/02/2026 19:31:42, LastErrorDetails: Pull image: iotcdv2026.azurecr.io/iot-app:v1 failed with unexpected exception., Details: Site started at 06/04/2026 00:26:52 (UTC), DetailsLevel: INFO
2026-06-04T13:56:00.9294811Z State: Stopping, Action: StoppingSiteContainers, LastError: UnexpectedContainerExit, LastErrorTimestamp: 06/02/2026 19:31:42, LastErrorDetails: Pull image: iotcdv2026.azurecr.io/iot-app:v1 failed with unexpected exception., Details: Site started at 06/04/2026 00:26:52 (UTC), DetailsLevel: INFO
2026-06-04T13:56:00.9372207Z Container is terminating. Grace period: 5 seconds.
2026-06-04T13:56:00.9489153Z Stop and delete container. Retry count = 0
2026-06-04T13:56:00.9501861Z Stopping container: e869a9223972_iot-maja-asia_main.
2026-06-04T13:56:04.5862403Z Deleting container: e869a9223972_iot-maja-asia_main. Retry count = 0
2026-06-04T13:56:04.8183343Z Container spec TerminationMessagePolicy  path 
2026-06-04T13:56:04.8272322Z Container is terminated. Total time elapsed: 3881 ms.
2026-06-04T13:56:05.4139824Z Site: iot-maja-asia stopped.
2026-06-04T23:49:55.3735077Z State: Starting, Action: EstablishingSiteNetworks, LastError: , LastErrorTimestamp: 01/01/0001 00:00:00, LastErrorDetails: , Details: , DetailsLevel: INFO
2026-06-04T23:50:00.2147513Z State: Starting, Action: StartingMsiContainer, LastError: , LastErrorTimestamp: 01/01/0001 00:00:00, LastErrorDetails: , Details: , DetailsLevel: INFO
2026-06-04T23:50:21.6302714Z State: Starting, Action: StartingSiteContainers, LastError: , LastErrorTimestamp: 01/01/0001 00:00:00, LastErrorDetails: , Details: , DetailsLevel: INFO
2026-06-04T23:50:21.6311206Z Container start method called.
2026-06-04T23:50:21.6312439Z State: Starting, Action: PullingImage, LastError: , LastErrorTimestamp: 01/01/0001 00:00:00, LastErrorDetails: , Details: Pulling image iotcdv2026.azurecr.io/iot-app:v1 for iot-maja-asia_main., DetailsLevel: INFO
2026-06-04T23:50:21.6313943Z Establishing network.
2026-06-04T23:50:21.6317022Z Pulling image: iotcdv2026.azurecr.io/iot-app:v1.
2026-06-04T23:50:24.7268309Z Container is starting.
2026-06-04T23:50:24.7269743Z State: Starting, Action: MountingVolumes, LastError: , LastErrorTimestamp: 01/01/0001 00:00:00, LastErrorDetails: , Details: Mounting volumes for iot-maja-asia_main., DetailsLevel: INFO
2026-06-04T23:50:24.7270853Z Establishing user namespace if not established already.
2026-06-04T23:50:24.7273205Z Establishing network if not established already.
2026-06-04T23:50:24.7274696Z Mounting volumes.
2026-06-04T23:50:24.7276463Z Nested mountpoint volatile/logs
2026-06-04T23:50:24.7456759Z Nested mountpoint 
2026-06-04T23:50:25.1695312Z Nested mountpoint 
2026-06-04T23:50:25.2384409Z State: Starting, Action: CreatingContainer, LastError: , LastErrorTimestamp: 01/01/0001 00:00:00, LastErrorDetails: , Details: Finished pulling container image and mounting volumes for iot-maja-asia_main. Allocatinng the rest of the container resources to finish container creation., DetailsLevel: INFO
2026-06-04T23:50:25.2387650Z Creating container.
2026-06-04T23:50:25.2392698Z Creating pipes for streaming container io.
2026-06-04T23:50:25.2398101Z Creating stdout named pipe at /podr/container/pipe/2753743fe433_iot-maja-asia_main/stdout_f6732b637a514160abe5da2a283c4cdb.
2026-06-04T23:50:25.2407236Z Successfully created stdout named pipe at: /podr/container/pipe/2753743fe433_iot-maja-asia_main/stdout_f6732b637a514160abe5da2a283c4cdb.
2026-06-04T23:50:25.2610671Z Opening named pipe /podr/container/pipe/2753743fe433_iot-maja-asia_main/stdout_f6732b637a514160abe5da2a283c4cdb for reading in non-blocking mode.
2026-06-04T23:50:25.2700242Z Successfully opened named pipe: /podr/container/pipe/2753743fe433_iot-maja-asia_main/stdout_f6732b637a514160abe5da2a283c4cdb.
2026-06-04T23:50:25.2705729Z Successfully removed non-blocking flag from /podr/container/pipe/2753743fe433_iot-maja-asia_main/stdout_f6732b637a514160abe5da2a283c4cdb.
2026-06-04T23:50:25.2787580Z Creating stderr named pipe at /podr/container/pipe/2753743fe433_iot-maja-asia_main/stderr_6fae6b13e3d648d2899fabec1353ce27.
2026-06-04T23:50:25.2794913Z Successfully created stderr named pipe at: /podr/container/pipe/2753743fe433_iot-maja-asia_main/stderr_6fae6b13e3d648d2899fabec1353ce27.
2026-06-04T23:50:25.2799551Z Opening named pipe /podr/container/pipe/2753743fe433_iot-maja-asia_main/stderr_6fae6b13e3d648d2899fabec1353ce27 for reading in non-blocking mode.
2026-06-04T23:50:25.2802309Z Successfully opened named pipe: /podr/container/pipe/2753743fe433_iot-maja-asia_main/stderr_6fae6b13e3d648d2899fabec1353ce27.
2026-06-04T23:50:25.2808343Z Successfully removed non-blocking flag from /podr/container/pipe/2753743fe433_iot-maja-asia_main/stderr_6fae6b13e3d648d2899fabec1353ce27.
2026-06-04T23:50:25.3008527Z Creating container with image: iotcdv2026.azurecr.io/iot-app:v1 from registry: iotcdv2026.azurecr.io and fully qualified image name: iotcdv2026.azurecr.io/iot-app:v1
2026-06-04T23:50:26.5568304Z Starting container: 2753743fe433_iot-maja-asia_main.
2026-06-04T23:50:26.7783510Z Starting watchers and probes.
2026-06-04T23:50:26.7974027Z Starting metrics collection.
2026-06-04T23:50:26.7977983Z Container is running.
2026-06-04T23:50:26.7979163Z State: Starting, Action: CreatingContainer, LastError: , LastErrorTimestamp: 01/01/0001 00:00:00, LastErrorDetails: , Details: Container iot-maja-asia_main successfully created and is running., DetailsLevel: INFO
2026-06-04T23:50:26.9582566Z Container start method finished after 5326 ms.
2026-06-04T23:50:27.1904927Z State: Starting, Action: InitiatingSiteWarmUpProbe, LastError: , LastErrorTimestamp: 01/01/0001 00:00:00, LastErrorDetails: , Details: Container iot-maja-asia_main successfully created and is running., DetailsLevel: INFO
2026-06-04T23:50:27.1906231Z State: Starting, Action: WaitingForSiteWarmUpProbeSuccess, LastError: , LastErrorTimestamp: 01/01/0001 00:00:00, LastErrorDetails: , Details: Pinging warmup path to ensure container is ready to receive requests., DetailsLevel: INFO
2026-06-04T23:50:31.1251328Z Site startup probe succeeded after 3.8640255 seconds.
2026-06-04T23:50:31.7787407Z State: Starting, Action: WarmUpProbeSucceeded, LastError: , LastErrorTimestamp: 01/01/0001 00:00:00, LastErrorDetails: , Details: Site startup probe succeeded after 3.8640255 seconds., DetailsLevel: INFO
2026-06-04T23:50:32.4044509Z Site started.
2026-06-04T23:50:32.4240416Z State: Started, Action: None, LastError: , LastErrorTimestamp: 01/01/0001 00:00:00, LastErrorDetails: , Details: Site started at 06/04/2026 23:50:32 (UTC), DetailsLevel: INFO
2026-06-04T23:50:52.7892174Z State: Stopping, Action: StoppingSite, LastError: UnexpectedContainerExit, LastErrorTimestamp: 06/02/2026 19:31:42, LastErrorDetails: Pull image: iotcdv2026.azurecr.io/iot-app:v1 failed with unexpected exception., Details: Site started at 06/04/2026 13:55:40 (UTC), DetailsLevel: INFO
2026-06-04T23:50:52.7943862Z State: Stopping, Action: StoppingSiteContainers, LastError: UnexpectedContainerExit, LastErrorTimestamp: 06/02/2026 19:31:42, LastErrorDetails: Pull image: iotcdv2026.azurecr.io/iot-app:v1 failed with unexpected exception., Details: Site started at 06/04/2026 13:55:40 (UTC), DetailsLevel: INFO
2026-06-04T23:50:52.7958784Z Container is terminating. Grace period: 5 seconds.
2026-06-04T23:50:52.8437313Z Stop and delete container. Retry count = 0
2026-06-04T23:50:52.8444846Z Stopping container: 525a527c7f5a_iot-maja-asia_main.
2026-06-04T23:50:54.6104249Z Deleting container: 525a527c7f5a_iot-maja-asia_main. Retry count = 0
2026-06-04T23:50:54.8301207Z Container spec TerminationMessagePolicy  path 
2026-06-04T23:50:54.8316594Z Container is terminated. Total time elapsed: 2034 ms.
2026-06-04T23:50:55.2636303Z Site: iot-maja-asia stopped.
