2026-06-01T14:37:15.1945825Z State: Starting, Action: EstablishingSiteNetworks, LastError: , LastErrorTimestamp: 01/01/0001 00:00:00, LastErrorDetails: , Details: , DetailsLevel: INFO
2026-06-01T14:37:15.9571799Z State: Starting, Action: StartingSiteContainers, LastError: , LastErrorTimestamp: 01/01/0001 00:00:00, LastErrorDetails: , Details: , DetailsLevel: INFO
2026-06-01T14:37:15.9611048Z Container start method called.
2026-06-01T14:37:15.9660007Z State: Starting, Action: PullingImage, LastError: , LastErrorTimestamp: 01/01/0001 00:00:00, LastErrorDetails: , Details: Pulling image iotcdv2026.azurecr.io/iot-app:v1 for iot-maja-asia., DetailsLevel: INFO
2026-06-01T14:37:15.9667264Z Establishing network.
2026-06-01T14:37:15.9672578Z Pulling image: iotcdv2026.azurecr.io/iot-app:v1.
2026-06-01T14:37:17.8664456Z Container pull image failed with reason: ImagePullFailure. Revert by terminate.
2026-06-01T14:37:17.8694299Z Container is terminating. Grace period: 5 seconds.
2026-06-01T14:37:17.8707959Z Container spec TerminationMessagePolicy  path 
2026-06-01T14:37:17.8722442Z Container is terminated. Total time elapsed: 2 ms.
2026-06-01T14:37:17.8724079Z Site container: iot-maja-asia terminated during site startup.
2026-06-01T14:37:17.8732524Z State: Stopping, Action: CancellingStartup, LastError: , LastErrorTimestamp: 01/01/0001 00:00:00, LastErrorDetails: , Details: Site container: iot-maja-asia terminated during site startup. Cancelling site startup., DetailsLevel: ERR
2026-06-01T14:37:17.8825151Z State: Stopping, Action: CancellingStartup, LastError: ImagePullUnauthorizedFailure, LastErrorTimestamp: 06/01/2026 14:37:17, LastErrorDetails: Failed to pull image: iotcdv2026.azurecr.io/iot-app:v1. Image pull failed with forbidden or unauthorized. Check registry credentials., Details: Site container: iot-maja-asia terminated during site startup. Cancelling site startup., DetailsLevel: ERR
2026-06-01T14:37:17.8868163Z Failed to start site. Revert by stopping site.
2026-06-01T14:37:17.8909079Z State: Stopping, Action: StoppingSite, LastError: ImagePullUnauthorizedFailure, LastErrorTimestamp: 06/01/2026 14:37:17, LastErrorDetails: Failed to pull image: iotcdv2026.azurecr.io/iot-app:v1. Image pull failed with forbidden or unauthorized. Check registry credentials., Details: Site container: iot-maja-asia terminated during site startup. Cancelling site startup., DetailsLevel: ERR
2026-06-01T14:37:17.8928467Z State: Stopping, Action: StoppingSiteContainers, LastError: ImagePullUnauthorizedFailure, LastErrorTimestamp: 06/01/2026 14:37:17, LastErrorDetails: Failed to pull image: iotcdv2026.azurecr.io/iot-app:v1. Image pull failed with forbidden or unauthorized. Check registry credentials., Details: Site container: iot-maja-asia terminated during site startup. Cancelling site startup., DetailsLevel: ERR
2026-06-01T14:37:17.8938827Z Site: iot-maja-asia stopped.
2026-06-01T14:37:17.9019919Z State: Stopping, Action: UnmountingVolumes, LastError: ImagePullUnauthorizedFailure, LastErrorTimestamp: 06/01/2026 14:37:17, LastErrorDetails: Failed to pull image: iotcdv2026.azurecr.io/iot-app:v1. Image pull failed with forbidden or unauthorized. Check registry credentials., Details: Site container: iot-maja-asia terminated during site startup. Cancelling site startup., DetailsLevel: ERR
2026-06-01T14:37:17.9797783Z State: Stopping, Action: StoppingSiteNetworks, LastError: ImagePullUnauthorizedFailure, LastErrorTimestamp: 06/01/2026 14:37:17, LastErrorDetails: Failed to pull image: iotcdv2026.azurecr.io/iot-app:v1. Image pull failed with forbidden or unauthorized. Check registry credentials., Details: Site container: iot-maja-asia terminated during site startup. Cancelling site startup., DetailsLevel: ERR
2026-06-01T14:37:18.1616948Z State: Stopped, Action: None, LastError: ImagePullUnauthorizedFailure, LastErrorTimestamp: 06/01/2026 14:37:17, LastErrorDetails: Failed to pull image: iotcdv2026.azurecr.io/iot-app:v1. Image pull failed with forbidden or unauthorized. Check registry credentials., Details: Site stopped at 06/01/2026 14:37:18 (UTC), DetailsLevel: ERR
2026-06-01T14:37:18.2723939Z State: Stopped, Action: None, LastError: ImagePullUnauthorizedFailure, LastErrorTimestamp: 06/01/2026 14:37:17, LastErrorDetails: Failed to pull image: iotcdv2026.azurecr.io/iot-app:v1. Image pull failed with forbidden or unauthorized. Check registry credentials., Details: Site stopped at 06/01/2026 14:37:18 (UTC), DetailsLevel: ERR
2026-06-01T14:37:22.1590087Z State: Starting, Action: EstablishingSiteNetworks, LastError: ImagePullUnauthorizedFailure, LastErrorTimestamp: 06/01/2026 14:37:17, LastErrorDetails: Failed to pull image: iotcdv2026.azurecr.io/iot-app:v1. Image pull failed with forbidden or unauthorized. Check registry credentials., Details: Site stopped at 06/01/2026 14:37:18 (UTC), DetailsLevel: ERR
2026-06-01T14:37:22.5411458Z State: Starting, Action: StartingSiteContainers, LastError: ImagePullUnauthorizedFailure, LastErrorTimestamp: 06/01/2026 14:37:17, LastErrorDetails: Failed to pull image: iotcdv2026.azurecr.io/iot-app:v1. Image pull failed with forbidden or unauthorized. Check registry credentials., Details: Site stopped at 06/01/2026 14:37:18 (UTC), DetailsLevel: ERR
2026-06-01T14:37:22.5413198Z Container start method called.
2026-06-01T14:37:22.5414393Z State: Starting, Action: PullingImage, LastError: ImagePullUnauthorizedFailure, LastErrorTimestamp: 06/01/2026 14:37:17, LastErrorDetails: Failed to pull image: iotcdv2026.azurecr.io/iot-app:v1. Image pull failed with forbidden or unauthorized. Check registry credentials., Details: Pulling image iotcdv2026.azurecr.io/iot-app:v1 for iot-maja-asia., DetailsLevel: INFO
2026-06-01T14:37:22.5417248Z Establishing network.
2026-06-01T14:37:22.5425587Z Pulling image: iotcdv2026.azurecr.io/iot-app:v1.
2026-06-01T14:37:22.7934195Z Container pull image failed with reason: ImagePullFailure. Revert by terminate.
2026-06-01T14:37:22.7943656Z Container is terminating. Grace period: 5 seconds.
2026-06-01T14:37:22.7949908Z Container spec TerminationMessagePolicy  path 
2026-06-01T14:37:22.7953464Z Container is terminated. Total time elapsed: 0 ms.
2026-06-01T14:37:22.7962867Z Site container: iot-maja-asia terminated during site startup.
2026-06-01T14:37:22.7968924Z State: Stopping, Action: CancellingStartup, LastError: ImagePullUnauthorizedFailure, LastErrorTimestamp: 06/01/2026 14:37:17, LastErrorDetails: Failed to pull image: iotcdv2026.azurecr.io/iot-app:v1. Image pull failed with forbidden or unauthorized. Check registry credentials., Details: Site container: iot-maja-asia terminated during site startup. Cancelling site startup., DetailsLevel: ERR
2026-06-01T14:37:22.7994254Z State: Stopping, Action: CancellingStartup, LastError: UnexpectedContainerExit, LastErrorTimestamp: 06/01/2026 14:37:22, LastErrorDetails: Pull image: iotcdv2026.azurecr.io/iot-app:v1 failed with unexpected exception., Details: Site container: iot-maja-asia terminated during site startup. Cancelling site startup., DetailsLevel: ERR
2026-06-01T14:37:22.8266764Z Failed to start site. Revert by stopping site.
2026-06-01T14:37:22.8270805Z State: Stopping, Action: StoppingSite, LastError: UnexpectedContainerExit, LastErrorTimestamp: 06/01/2026 14:37:22, LastErrorDetails: Pull image: iotcdv2026.azurecr.io/iot-app:v1 failed with unexpected exception., Details: Site container: iot-maja-asia terminated during site startup. Cancelling site startup., DetailsLevel: ERR
2026-06-01T14:37:22.8286205Z State: Stopping, Action: StoppingSiteContainers, LastError: UnexpectedContainerExit, LastErrorTimestamp: 06/01/2026 14:37:22, LastErrorDetails: Pull image: iotcdv2026.azurecr.io/iot-app:v1 failed with unexpected exception., Details: Site container: iot-maja-asia terminated during site startup. Cancelling site startup., DetailsLevel: ERR
2026-06-01T14:37:22.8286578Z Site: iot-maja-asia stopped.
2026-06-01T14:37:47.779Z INFO  - Pulling image: iotcdv2026.azurecr.io/iot-app:v1
2026-06-01T14:37:47.972Z INFO  - v1 Pulling from iot-app
2026-06-01T14:37:47.976Z INFO  -  
2026-06-01T14:37:47.978Z ERROR - no matching manifest for linux/amd64 in the manifest list entriesErr: 0, Message: no matching manifest for linux/amd64 in the manifest list entries
2026-06-01T14:37:47.980Z INFO  - Pull Image failed, Time taken: 0 Seconds
2026-06-01T14:37:47.980Z ERROR - Pulling docker image iotcdv2026.azurecr.io/iot-app:v1 failed:
2026-06-01T14:37:48.039Z ERROR - DockerApiException: Docker API responded with status code=InternalServerError, response={"message":"Head \"https://iotcdv2026.azurecr.io/v2/iot-app/manifests/v1\": unauthorized: {\"errors\":[{\"code\":\"UNAUTHORIZED\",\"message\":\"authentication required, visit https://aka.ms/acr/authorization for more information. CorrelationId: 9535671d-a887-4851-9ae5-ca199edac3e1\"}]}"}

2026-06-01T14:37:48.040Z WARN  - Image pull failed. Defaulting to local copy if present.
2026-06-01T14:37:48.042Z ERROR - Image pull failed: Verify docker image configuration and credentials (if using private repository)
2026-06-01T14:37:48.075Z INFO  - Stopping site iot-maja-asia because it failed during startup.
2026-06-01T14:37:58.522Z INFO  - Pulling image: iotcdv2026.azurecr.io/iot-app:v1
2026-06-01T14:37:58.662Z INFO  - v1 Pulling from iot-app
2026-06-01T14:37:58.663Z INFO  -  
2026-06-01T14:37:58.666Z ERROR - no matching manifest for linux/amd64 in the manifest list entriesErr: 0, Message: no matching manifest for linux/amd64 in the manifest list entries
2026-06-01T14:37:58.670Z INFO  - Pull Image failed, Time taken: 0 Seconds
2026-06-01T14:37:58.671Z ERROR - Pulling docker image iotcdv2026.azurecr.io/iot-app:v1 failed:
2026-06-01T14:37:58.729Z ERROR - DockerApiException: Docker API responded with status code=InternalServerError, response={"message":"Head \"https://iotcdv2026.azurecr.io/v2/iot-app/manifests/v1\": unauthorized: {\"errors\":[{\"code\":\"UNAUTHORIZED\",\"message\":\"authentication required, visit https://aka.ms/acr/authorization for more information. CorrelationId: d331db1f-54d7-4748-ab56-616a1ab66bdf\"}]}"}

2026-06-01T14:37:58.731Z WARN  - Image pull failed. Defaulting to local copy if present.
2026-06-01T14:37:59.285Z ERROR - Image pull failed: Verify docker image configuration and credentials (if using private repository)
2026-06-01T14:37:59.286Z INFO  - Stopping site iot-maja-asia because it failed during startup.
2026-06-01T14:38:09.526Z INFO  - Pulling image: iotcdv2026.azurecr.io/iot-app:v1
2026-06-01T14:38:09.686Z INFO  - v1 Pulling from iot-app
2026-06-01T14:38:09.693Z INFO  -  
2026-06-01T14:38:09.697Z ERROR - no matching manifest for linux/amd64 in the manifest list entriesErr: 0, Message: no matching manifest for linux/amd64 in the manifest list entries
2026-06-01T14:38:09.702Z INFO  - Pull Image failed, Time taken: 0 Seconds
2026-06-01T14:38:09.703Z ERROR - Pulling docker image iotcdv2026.azurecr.io/iot-app:v1 failed:
2026-06-01T14:38:09.765Z ERROR - DockerApiException: Docker API responded with status code=InternalServerError, response={"message":"Head \"https://iotcdv2026.azurecr.io/v2/iot-app/manifests/v1\": unauthorized: {\"errors\":[{\"code\":\"UNAUTHORIZED\",\"message\":\"authentication required, visit https://aka.ms/acr/authorization for more information. CorrelationId: a7eed56a-9357-4d96-a2b4-7da7aae1566a\"}]}"}

2026-06-01T14:38:09.768Z WARN  - Image pull failed. Defaulting to local copy if present.
2026-06-01T14:38:09.800Z ERROR - Image pull failed: Verify docker image configuration and credentials (if using private repository)
2026-06-01T14:38:09.805Z INFO  - Stopping site iot-maja-asia because it failed during startup.
2026-06-01T14:38:23.519Z INFO  - Pulling image: iotcdv2026.azurecr.io/iot-app:v1
2026-06-01T14:38:23.715Z INFO  - v1 Pulling from iot-app
2026-06-01T14:38:23.735Z INFO  -  
2026-06-01T14:38:23.736Z ERROR - no matching manifest for linux/amd64 in the manifest list entriesErr: 0, Message: no matching manifest for linux/amd64 in the manifest list entries
2026-06-01T14:38:23.953Z INFO  - Pull Image failed, Time taken: 0 Seconds
2026-06-01T14:38:23.954Z ERROR - Pulling docker image iotcdv2026.azurecr.io/iot-app:v1 failed:
2026-06-01T14:38:24.005Z ERROR - DockerApiException: Docker API responded with status code=InternalServerError, response={"message":"Head \"https://iotcdv2026.azurecr.io/v2/iot-app/manifests/v1\": unauthorized: {\"errors\":[{\"code\":\"UNAUTHORIZED\",\"message\":\"authentication required, visit https://aka.ms/acr/authorization for more information. CorrelationId: ec331ec5-154b-4484-8766-7f25d73baee8\"}]}"}

2026-06-01T14:38:24.006Z WARN  - Image pull failed. Defaulting to local copy if present.
2026-06-01T14:38:24.010Z ERROR - Image pull failed: Verify docker image configuration and credentials (if using private repository)
2026-06-01T14:38:24.018Z INFO  - Stopping site iot-maja-asia because it failed during startup.
2026-06-01T14:40:49.786Z INFO  - Pulling image: iotcdv2026.azurecr.io/iot-app:v1
2026-06-01T14:40:50.057Z INFO  - v1 Pulling from iot-app
2026-06-01T14:40:50.059Z INFO  -  
2026-06-01T14:40:50.060Z ERROR - no matching manifest for linux/amd64 in the manifest list entriesErr: 0, Message: no matching manifest for linux/amd64 in the manifest list entries
2026-06-01T14:40:50.063Z INFO  - Pull Image failed, Time taken: 0 Seconds
2026-06-01T14:40:50.064Z ERROR - Pulling docker image iotcdv2026.azurecr.io/iot-app:v1 failed:
2026-06-01T14:40:50.109Z ERROR - DockerApiException: Docker API responded with status code=InternalServerError, response={"message":"Head \"https://iotcdv2026.azurecr.io/v2/iot-app/manifests/v1\": unauthorized: {\"errors\":[{\"code\":\"UNAUTHORIZED\",\"message\":\"authentication required, visit https://aka.ms/acr/authorization for more information. CorrelationId: 2fce80a4-b565-446f-af33-6c1ecb80de93\"}]}"}

2026-06-01T14:40:50.111Z WARN  - Image pull failed. Defaulting to local copy if present.
2026-06-01T14:40:50.114Z ERROR - Image pull failed: Verify docker image configuration and credentials (if using private repository)
2026-06-01T14:40:50.116Z INFO  - Stopping site iot-maja-asia because it failed during startup.
2026-06-01T14:43:21.2393362Z State: Starting, Action: EstablishingSiteNetworks, LastError: , LastErrorTimestamp: 01/01/0001 00:00:00, LastErrorDetails: , Details: , DetailsLevel: INFO
2026-06-01T14:43:21.8119968Z State: Starting, Action: StartingSiteContainers, LastError: , LastErrorTimestamp: 01/01/0001 00:00:00, LastErrorDetails: , Details: , DetailsLevel: INFO
2026-06-01T14:43:21.8121566Z Container start method called.
2026-06-01T14:43:21.8135780Z State: Starting, Action: PullingImage, LastError: , LastErrorTimestamp: 01/01/0001 00:00:00, LastErrorDetails: , Details: Pulling image iotcdv2026.azurecr.io/iot-app:v1 for iot-maja-asia., DetailsLevel: INFO
2026-06-01T14:43:21.8139610Z Establishing network.
2026-06-01T14:43:21.8141196Z Pulling image: iotcdv2026.azurecr.io/iot-app:v1.
2026-06-01T14:43:22.0660497Z Container pull image failed with reason: ImagePullFailure. Revert by terminate.
2026-06-01T14:43:22.0671287Z Container is terminating. Grace period: 5 seconds.
2026-06-01T14:43:22.0672501Z Container spec TerminationMessagePolicy  path 
2026-06-01T14:43:22.0673995Z Container is terminated. Total time elapsed: 0 ms.
2026-06-01T14:43:22.0675574Z Site container: iot-maja-asia terminated during site startup.
2026-06-01T14:43:22.0676490Z State: Stopping, Action: CancellingStartup, LastError: , LastErrorTimestamp: 01/01/0001 00:00:00, LastErrorDetails: , Details: Site container: iot-maja-asia terminated during site startup. Cancelling site startup., DetailsLevel: ERR
2026-06-01T14:43:22.0700941Z State: Stopping, Action: CancellingStartup, LastError: UnexpectedContainerExit, LastErrorTimestamp: 06/01/2026 14:43:22, LastErrorDetails: Pull image: iotcdv2026.azurecr.io/iot-app:v1 failed with unexpected exception., Details: Site container: iot-maja-asia terminated during site startup. Cancelling site startup., DetailsLevel: ERR
2026-06-01T14:43:22.0766800Z Failed to start site. Revert by stopping site.
2026-06-01T14:43:22.0767827Z State: Stopping, Action: StoppingSite, LastError: UnexpectedContainerExit, LastErrorTimestamp: 06/01/2026 14:43:22, LastErrorDetails: Pull image: iotcdv2026.azurecr.io/iot-app:v1 failed with unexpected exception., Details: Site container: iot-maja-asia terminated during site startup. Cancelling site startup., DetailsLevel: ERR
2026-06-01T14:43:22.0774584Z State: Stopping, Action: StoppingSiteContainers, LastError: UnexpectedContainerExit, LastErrorTimestamp: 06/01/2026 14:43:22, LastErrorDetails: Pull image: iotcdv2026.azurecr.io/iot-app:v1 failed with unexpected exception., Details: Site container: iot-maja-asia terminated during site startup. Cancelling site startup., DetailsLevel: ERR
2026-06-01T14:43:22.0774953Z Site: iot-maja-asia stopped.
2026-06-01T14:43:22.0875990Z State: Stopping, Action: UnmountingVolumes, LastError: UnexpectedContainerExit, LastErrorTimestamp: 06/01/2026 14:43:22, LastErrorDetails: Pull image: iotcdv2026.azurecr.io/iot-app:v1 failed with unexpected exception., Details: Site container: iot-maja-asia terminated during site startup. Cancelling site startup., DetailsLevel: ERR
2026-06-01T14:43:22.1236389Z State: Stopping, Action: StoppingSiteNetworks, LastError: UnexpectedContainerExit, LastErrorTimestamp: 06/01/2026 14:43:22, LastErrorDetails: Pull image: iotcdv2026.azurecr.io/iot-app:v1 failed with unexpected exception., Details: Site container: iot-maja-asia terminated during site startup. Cancelling site startup., DetailsLevel: ERR
2026-06-01T14:43:22.3396077Z State: Stopped, Action: None, LastError: UnexpectedContainerExit, LastErrorTimestamp: 06/01/2026 14:43:22, LastErrorDetails: Pull image: iotcdv2026.azurecr.io/iot-app:v1 failed with unexpected exception., Details: Site stopped at 06/01/2026 14:43:22 (UTC), DetailsLevel: ERR
2026-06-01T14:43:22.4553277Z State: Stopped, Action: None, LastError: UnexpectedContainerExit, LastErrorTimestamp: 06/01/2026 14:43:22, LastErrorDetails: Pull image: iotcdv2026.azurecr.io/iot-app:v1 failed with unexpected exception., Details: Site stopped at 06/01/2026 14:43:22 (UTC), DetailsLevel: ERR
2026-06-01T14:43:27.7655294Z State: Starting, Action: EstablishingSiteNetworks, LastError: UnexpectedContainerExit, LastErrorTimestamp: 06/01/2026 14:43:22, LastErrorDetails: Pull image: iotcdv2026.azurecr.io/iot-app:v1 failed with unexpected exception., Details: Site stopped at 06/01/2026 14:43:22 (UTC), DetailsLevel: ERR
2026-06-01T14:43:27.9814185Z State: Starting, Action: StartingSiteContainers, LastError: UnexpectedContainerExit, LastErrorTimestamp: 06/01/2026 14:43:22, LastErrorDetails: Pull image: iotcdv2026.azurecr.io/iot-app:v1 failed with unexpected exception., Details: Site stopped at 06/01/2026 14:43:22 (UTC), DetailsLevel: ERR
2026-06-01T14:43:27.9838207Z Container start method called.
2026-06-01T14:43:27.9839056Z State: Starting, Action: PullingImage, LastError: UnexpectedContainerExit, LastErrorTimestamp: 06/01/2026 14:43:22, LastErrorDetails: Pull image: iotcdv2026.azurecr.io/iot-app:v1 failed with unexpected exception., Details: Pulling image iotcdv2026.azurecr.io/iot-app:v1 for iot-maja-asia., DetailsLevel: INFO
2026-06-01T14:43:27.9840494Z Establishing network.
2026-06-01T14:43:27.9863907Z Pulling image: iotcdv2026.azurecr.io/iot-app:v1.
2026-06-01T14:43:28.1165251Z Container pull image failed with reason: ImagePullFailure. Revert by terminate.
2026-06-01T14:43:28.1167055Z Container is terminating. Grace period: 5 seconds.
2026-06-01T14:43:28.1175042Z Container spec TerminationMessagePolicy  path 
2026-06-01T14:43:28.1176506Z Container is terminated. Total time elapsed: 0 ms.
2026-06-01T14:43:28.1177612Z Site container: iot-maja-asia terminated during site startup.
2026-06-01T14:43:28.1178192Z State: Stopping, Action: CancellingStartup, LastError: UnexpectedContainerExit, LastErrorTimestamp: 06/01/2026 14:43:22, LastErrorDetails: Pull image: iotcdv2026.azurecr.io/iot-app:v1 failed with unexpected exception., Details: Site container: iot-maja-asia terminated during site startup. Cancelling site startup., DetailsLevel: ERR
2026-06-01T14:43:28.1203725Z State: Stopping, Action: CancellingStartup, LastError: UnexpectedContainerExit, LastErrorTimestamp: 06/01/2026 14:43:28, LastErrorDetails: Pull image: iotcdv2026.azurecr.io/iot-app:v1 failed with unexpected exception., Details: Site container: iot-maja-asia terminated during site startup. Cancelling site startup., DetailsLevel: ERR
2026-06-01T14:43:28.1480634Z Failed to start site. Revert by stopping site.
2026-06-01T14:43:28.1485857Z State: Stopping, Action: StoppingSite, LastError: UnexpectedContainerExit, LastErrorTimestamp: 06/01/2026 14:43:28, LastErrorDetails: Pull image: iotcdv2026.azurecr.io/iot-app:v1 failed with unexpected exception., Details: Site container: iot-maja-asia terminated during site startup. Cancelling site startup., DetailsLevel: ERR
2026-06-01T14:43:28.1493331Z State: Stopping, Action: StoppingSiteContainers, LastError: UnexpectedContainerExit, LastErrorTimestamp: 06/01/2026 14:43:28, LastErrorDetails: Pull image: iotcdv2026.azurecr.io/iot-app:v1 failed with unexpected exception., Details: Site container: iot-maja-asia terminated during site startup. Cancelling site startup., DetailsLevel: ERR
2026-06-01T14:43:28.1500081Z Site: iot-maja-asia stopped.
2026-06-01T14:43:28.1558397Z State: Stopping, Action: UnmountingVolumes, LastError: UnexpectedContainerExit, LastErrorTimestamp: 06/01/2026 14:43:28, LastErrorDetails: Pull image: iotcdv2026.azurecr.io/iot-app:v1 failed with unexpected exception., Details: Site container: iot-maja-asia terminated during site startup. Cancelling site startup., DetailsLevel: ERR
2026-06-01T14:43:28.1978311Z State: Stopping, Action: StoppingSiteNetworks, LastError: UnexpectedContainerExit, LastErrorTimestamp: 06/01/2026 14:43:28, LastErrorDetails: Pull image: iotcdv2026.azurecr.io/iot-app:v1 failed with unexpected exception., Details: Site container: iot-maja-asia terminated during site startup. Cancelling site startup., DetailsLevel: ERR
2026-06-01T14:43:28.3639822Z Site: iot-maja-asia will be blocked for 1 minutes till 06/01/2026 14:44:28
2026-06-01T14:43:28.3641507Z State: Blocked, Action: StoppingSiteNetworks, LastError: UnexpectedContainerExit, LastErrorTimestamp: 06/01/2026 14:43:28, LastErrorDetails: Pull image: iotcdv2026.azurecr.io/iot-app:v1 failed with unexpected exception., Details: Site: iot-maja-asia will be blocked for 1 minutes till 06/01/2026 14:44:28, DetailsLevel: WARN
2026-06-01T14:43:28.3646237Z State: Stopped, Action: None, LastError: UnexpectedContainerExit, LastErrorTimestamp: 06/01/2026 14:43:28, LastErrorDetails: Pull image: iotcdv2026.azurecr.io/iot-app:v1 failed with unexpected exception., Details: Site stopped at 06/01/2026 14:43:28 (UTC), DetailsLevel: WARN
2026-06-01T14:43:28.5207577Z State: Stopped, Action: None, LastError: UnexpectedContainerExit, LastErrorTimestamp: 06/01/2026 14:43:28, LastErrorDetails: Pull image: iotcdv2026.azurecr.io/iot-app:v1 failed with unexpected exception., Details: Site stopped at 06/01/2026 14:43:28 (UTC), DetailsLevel: WARN
2026-06-01T14:43:33.5469087Z State: Blocked, Action: None, LastError: UnexpectedContainerExit, LastErrorTimestamp: 06/01/2026 14:43:28, LastErrorDetails: Pull image: iotcdv2026.azurecr.io/iot-app:v1 failed with unexpected exception., Details: Site is blocked due to multiple, consecutive cold start failures. Site scheduled to be unblocked at 06/01/2026 14:44:28, DetailsLevel: WARN
2026-06-01T14:43:33.5469431Z Start site prohibitted because the site is being blocked.
2026-06-01T14:43:38.5838729Z State: Blocked, Action: None, LastError: UnexpectedContainerExit, LastErrorTimestamp: 06/01/2026 14:43:28, LastErrorDetails: Pull image: iotcdv2026.azurecr.io/iot-app:v1 failed with unexpected exception., Details: Site is blocked due to multiple, consecutive cold start failures. Site scheduled to be unblocked at 06/01/2026 14:44:28, DetailsLevel: WARN
2026-06-01T14:43:38.5839048Z Start site prohibitted because the site is being blocked.
2026-06-01T14:43:43.6310461Z State: Blocked, Action: None, LastError: UnexpectedContainerExit, LastErrorTimestamp: 06/01/2026 14:43:28, LastErrorDetails: Pull image: iotcdv2026.azurecr.io/iot-app:v1 failed with unexpected exception., Details: Site is blocked due to multiple, consecutive cold start failures. Site scheduled to be unblocked at 06/01/2026 14:44:28, DetailsLevel: WARN
2026-06-01T14:43:43.6310670Z Start site prohibitted because the site is being blocked.
2026-06-01T14:43:48.6789291Z State: Blocked, Action: None, LastError: UnexpectedContainerExit, LastErrorTimestamp: 06/01/2026 14:43:28, LastErrorDetails: Pull image: iotcdv2026.azurecr.io/iot-app:v1 failed with unexpected exception., Details: Site is blocked due to multiple, consecutive cold start failures. Site scheduled to be unblocked at 06/01/2026 14:44:28, DetailsLevel: WARN
2026-06-01T14:43:48.6820930Z Start site prohibitted because the site is being blocked.
2026-06-01T14:43:53.7267062Z State: Blocked, Action: None, LastError: UnexpectedContainerExit, LastErrorTimestamp: 06/01/2026 14:43:28, LastErrorDetails: Pull image: iotcdv2026.azurecr.io/iot-app:v1 failed with unexpected exception., Details: Site is blocked due to multiple, consecutive cold start failures. Site scheduled to be unblocked at 06/01/2026 14:44:28, DetailsLevel: WARN
2026-06-01T14:43:53.7267271Z Start site prohibitted because the site is being blocked.
2026-06-01T14:43:58.7690603Z State: Blocked, Action: None, LastError: UnexpectedContainerExit, LastErrorTimestamp: 06/01/2026 14:43:28, LastErrorDetails: Pull image: iotcdv2026.azurecr.io/iot-app:v1 failed with unexpected exception., Details: Site is blocked due to multiple, consecutive cold start failures. Site scheduled to be unblocked at 06/01/2026 14:44:28, DetailsLevel: WARN
2026-06-01T14:43:58.7690817Z Start site prohibitted because the site is being blocked.
2026-06-01T14:44:04.1559202Z State: Blocked, Action: None, LastError: UnexpectedContainerExit, LastErrorTimestamp: 06/01/2026 14:43:28, LastErrorDetails: Pull image: iotcdv2026.azurecr.io/iot-app:v1 failed with unexpected exception., Details: Site is blocked due to multiple, consecutive cold start failures. Site scheduled to be unblocked at 06/01/2026 14:44:28, DetailsLevel: WARN
2026-06-01T14:44:04.1559408Z Start site prohibitted because the site is being blocked.
2026-06-01T14:44:09.2019778Z State: Blocked, Action: None, LastError: UnexpectedContainerExit, LastErrorTimestamp: 06/01/2026 14:43:28, LastErrorDetails: Pull image: iotcdv2026.azurecr.io/iot-app:v1 failed with unexpected exception., Details: Site is blocked due to multiple, consecutive cold start failures. Site scheduled to be unblocked at 06/01/2026 14:44:28, DetailsLevel: WARN
2026-06-01T14:44:09.2019985Z Start site prohibitted because the site is being blocked.
2026-06-01T14:44:14.2493507Z State: Blocked, Action: None, LastError: UnexpectedContainerExit, LastErrorTimestamp: 06/01/2026 14:43:28, LastErrorDetails: Pull image: iotcdv2026.azurecr.io/iot-app:v1 failed with unexpected exception., Details: Site is blocked due to multiple, consecutive cold start failures. Site scheduled to be unblocked at 06/01/2026 14:44:28, DetailsLevel: WARN
2026-06-01T14:44:14.2493713Z Start site prohibitted because the site is being blocked.
2026-06-01T14:44:19.2918095Z State: Blocked, Action: None, LastError: UnexpectedContainerExit, LastErrorTimestamp: 06/01/2026 14:43:28, LastErrorDetails: Pull image: iotcdv2026.azurecr.io/iot-app:v1 failed with unexpected exception., Details: Site is blocked due to multiple, consecutive cold start failures. Site scheduled to be unblocked at 06/01/2026 14:44:28, DetailsLevel: WARN
2026-06-01T14:44:19.2918306Z Start site prohibitted because the site is being blocked.
2026-06-01T14:44:24.3336438Z State: Blocked, Action: None, LastError: UnexpectedContainerExit, LastErrorTimestamp: 06/01/2026 14:43:28, LastErrorDetails: Pull image: iotcdv2026.azurecr.io/iot-app:v1 failed with unexpected exception., Details: Site is blocked due to multiple, consecutive cold start failures. Site scheduled to be unblocked at 06/01/2026 14:44:28, DetailsLevel: WARN
2026-06-01T14:44:24.3336631Z Start site prohibitted because the site is being blocked.
2026-06-01T14:44:28.3660467Z Site: iot-maja-asia is unblocked.
2026-06-01T14:44:29.3931004Z State: Starting, Action: EstablishingSiteNetworks, LastError: UnexpectedContainerExit, LastErrorTimestamp: 06/01/2026 14:43:28, LastErrorDetails: Pull image: iotcdv2026.azurecr.io/iot-app:v1 failed with unexpected exception., Details: Site is blocked due to multiple, consecutive cold start failures. Site scheduled to be unblocked at 06/01/2026 14:44:28, DetailsLevel: WARN
2026-06-01T14:44:29.6222952Z State: Starting, Action: StartingSiteContainers, LastError: UnexpectedContainerExit, LastErrorTimestamp: 06/01/2026 14:43:28, LastErrorDetails: Pull image: iotcdv2026.azurecr.io/iot-app:v1 failed with unexpected exception., Details: Site is blocked due to multiple, consecutive cold start failures. Site scheduled to be unblocked at 06/01/2026 14:44:28, DetailsLevel: WARN
2026-06-01T14:44:29.6224336Z Container start method called.
2026-06-01T14:44:29.6224840Z State: Starting, Action: PullingImage, LastError: UnexpectedContainerExit, LastErrorTimestamp: 06/01/2026 14:43:28, LastErrorDetails: Pull image: iotcdv2026.azurecr.io/iot-app:v1 failed with unexpected exception., Details: Pulling image iotcdv2026.azurecr.io/iot-app:v1 for iot-maja-asia., DetailsLevel: INFO
2026-06-01T14:44:29.6225870Z Establishing network.
2026-06-01T14:44:29.6227049Z Pulling image: iotcdv2026.azurecr.io/iot-app:v1.
2026-06-01T14:44:29.8190752Z Container pull image failed with reason: ImagePullFailure. Revert by terminate.
2026-06-01T14:44:29.8192733Z Container is terminating. Grace period: 5 seconds.
2026-06-01T14:44:29.8194130Z Container spec TerminationMessagePolicy  path 
2026-06-01T14:44:29.8195226Z Container is terminated. Total time elapsed: 0 ms.
2026-06-01T14:44:29.8196197Z Site container: iot-maja-asia terminated during site startup.
2026-06-01T14:44:29.8197195Z State: Stopping, Action: CancellingStartup, LastError: UnexpectedContainerExit, LastErrorTimestamp: 06/01/2026 14:43:28, LastErrorDetails: Pull image: iotcdv2026.azurecr.io/iot-app:v1 failed with unexpected exception., Details: Site container: iot-maja-asia terminated during site startup. Cancelling site startup., DetailsLevel: ERR
2026-06-01T14:44:29.8214172Z State: Stopping, Action: CancellingStartup, LastError: UnexpectedContainerExit, LastErrorTimestamp: 06/01/2026 14:44:29, LastErrorDetails: Pull image: iotcdv2026.azurecr.io/iot-app:v1 failed with unexpected exception., Details: Site container: iot-maja-asia terminated during site startup. Cancelling site startup., DetailsLevel: ERR
2026-06-01T14:44:29.8260454Z Failed to start site. Revert by stopping site.
2026-06-01T14:44:29.8261383Z State: Stopping, Action: StoppingSite, LastError: UnexpectedContainerExit, LastErrorTimestamp: 06/01/2026 14:44:29, LastErrorDetails: Pull image: iotcdv2026.azurecr.io/iot-app:v1 failed with unexpected exception., Details: Site container: iot-maja-asia terminated during site startup. Cancelling site startup., DetailsLevel: ERR
2026-06-01T14:44:29.8269456Z State: Stopping, Action: StoppingSiteContainers, LastError: UnexpectedContainerExit, LastErrorTimestamp: 06/01/2026 14:44:29, LastErrorDetails: Pull image: iotcdv2026.azurecr.io/iot-app:v1 failed with unexpected exception., Details: Site container: iot-maja-asia terminated during site startup. Cancelling site startup., DetailsLevel: ERR
2026-06-01T14:44:29.8269614Z Site: iot-maja-asia stopped.
2026-06-01T14:44:29.8293223Z State: Stopping, Action: UnmountingVolumes, LastError: UnexpectedContainerExit, LastErrorTimestamp: 06/01/2026 14:44:29, LastErrorDetails: Pull image: iotcdv2026.azurecr.io/iot-app:v1 failed with unexpected exception., Details: Site container: iot-maja-asia terminated during site startup. Cancelling site startup., DetailsLevel: ERR
2026-06-01T14:44:29.8707794Z State: Stopping, Action: StoppingSiteNetworks, LastError: UnexpectedContainerExit, LastErrorTimestamp: 06/01/2026 14:44:29, LastErrorDetails: Pull image: iotcdv2026.azurecr.io/iot-app:v1 failed with unexpected exception., Details: Site container: iot-maja-asia terminated during site startup. Cancelling site startup., DetailsLevel: ERR
2026-06-01T14:44:30.0443884Z Site: iot-maja-asia will be blocked for 1 minutes till 06/01/2026 14:45:30
2026-06-01T14:44:30.0445198Z State: Blocked, Action: StoppingSiteNetworks, LastError: UnexpectedContainerExit, LastErrorTimestamp: 06/01/2026 14:44:29, LastErrorDetails: Pull image: iotcdv2026.azurecr.io/iot-app:v1 failed with unexpected exception., Details: Site: iot-maja-asia will be blocked for 1 minutes till 06/01/2026 14:45:30, DetailsLevel: WARN
2026-06-01T14:44:30.0447789Z State: Stopped, Action: None, LastError: UnexpectedContainerExit, LastErrorTimestamp: 06/01/2026 14:44:29, LastErrorDetails: Pull image: iotcdv2026.azurecr.io/iot-app:v1 failed with unexpected exception., Details: Site stopped at 06/01/2026 14:44:30 (UTC), DetailsLevel: WARN
2026-06-01T14:44:30.1596151Z State: Stopped, Action: None, LastError: UnexpectedContainerExit, LastErrorTimestamp: 06/01/2026 14:44:29, LastErrorDetails: Pull image: iotcdv2026.azurecr.io/iot-app:v1 failed with unexpected exception., Details: Site stopped at 06/01/2026 14:44:30 (UTC), DetailsLevel: WARN
2026-06-01T14:44:35.1954755Z State: Blocked, Action: None, LastError: UnexpectedContainerExit, LastErrorTimestamp: 06/01/2026 14:44:29, LastErrorDetails: Pull image: iotcdv2026.azurecr.io/iot-app:v1 failed with unexpected exception., Details: Site is blocked due to multiple, consecutive cold start failures. Site scheduled to be unblocked at 06/01/2026 14:45:30, DetailsLevel: WARN
2026-06-01T14:44:35.1955244Z Start site prohibitted because the site is being blocked.
2026-06-01T14:44:40.2193267Z State: Blocked, Action: None, LastError: UnexpectedContainerExit, LastErrorTimestamp: 06/01/2026 14:44:29, LastErrorDetails: Pull image: iotcdv2026.azurecr.io/iot-app:v1 failed with unexpected exception., Details: Site is blocked due to multiple, consecutive cold start failures. Site scheduled to be unblocked at 06/01/2026 14:45:30, DetailsLevel: WARN
2026-06-01T14:44:40.2193497Z Start site prohibitted because the site is being blocked.
2026-06-01T14:44:45.2641767Z State: Blocked, Action: None, LastError: UnexpectedContainerExit, LastErrorTimestamp: 06/01/2026 14:44:29, LastErrorDetails: Pull image: iotcdv2026.azurecr.io/iot-app:v1 failed with unexpected exception., Details: Site is blocked due to multiple, consecutive cold start failures. Site scheduled to be unblocked at 06/01/2026 14:45:30, DetailsLevel: WARN
2026-06-01T14:44:45.2642058Z Start site prohibitted because the site is being blocked.
2026-06-01T14:44:50.3237894Z State: Blocked, Action: None, LastError: UnexpectedContainerExit, LastErrorTimestamp: 06/01/2026 14:44:29, LastErrorDetails: Pull image: iotcdv2026.azurecr.io/iot-app:v1 failed with unexpected exception., Details: Site is blocked due to multiple, consecutive cold start failures. Site scheduled to be unblocked at 06/01/2026 14:45:30, DetailsLevel: WARN
2026-06-01T14:44:50.3238099Z Start site prohibitted because the site is being blocked.
2026-06-01T14:44:55.3821071Z State: Blocked, Action: None, LastError: UnexpectedContainerExit, LastErrorTimestamp: 06/01/2026 14:44:29, LastErrorDetails: Pull image: iotcdv2026.azurecr.io/iot-app:v1 failed with unexpected exception., Details: Site is blocked due to multiple, consecutive cold start failures. Site scheduled to be unblocked at 06/01/2026 14:45:30, DetailsLevel: WARN
2026-06-01T14:44:55.3821287Z Start site prohibitted because the site is being blocked.
2026-06-01T14:45:00.4127665Z State: Blocked, Action: None, LastError: UnexpectedContainerExit, LastErrorTimestamp: 06/01/2026 14:44:29, LastErrorDetails: Pull image: iotcdv2026.azurecr.io/iot-app:v1 failed with unexpected exception., Details: Site is blocked due to multiple, consecutive cold start failures. Site scheduled to be unblocked at 06/01/2026 14:45:30, DetailsLevel: WARN
2026-06-01T14:45:00.4127963Z Start site prohibitted because the site is being blocked.
2026-06-01T14:45:05.4642298Z State: Blocked, Action: None, LastError: UnexpectedContainerExit, LastErrorTimestamp: 06/01/2026 14:44:29, LastErrorDetails: Pull image: iotcdv2026.azurecr.io/iot-app:v1 failed with unexpected exception., Details: Site is blocked due to multiple, consecutive cold start failures. Site scheduled to be unblocked at 06/01/2026 14:45:30, DetailsLevel: WARN
2026-06-01T14:45:05.4642511Z Start site prohibitted because the site is being blocked.
2026-06-01T14:45:10.5151580Z State: Blocked, Action: None, LastError: UnexpectedContainerExit, LastErrorTimestamp: 06/01/2026 14:44:29, LastErrorDetails: Pull image: iotcdv2026.azurecr.io/iot-app:v1 failed with unexpected exception., Details: Site is blocked due to multiple, consecutive cold start failures. Site scheduled to be unblocked at 06/01/2026 14:45:30, DetailsLevel: WARN
2026-06-01T14:45:10.5151794Z Start site prohibitted because the site is being blocked.
2026-06-01T14:45:15.5549521Z State: Blocked, Action: None, LastError: UnexpectedContainerExit, LastErrorTimestamp: 06/01/2026 14:44:29, LastErrorDetails: Pull image: iotcdv2026.azurecr.io/iot-app:v1 failed with unexpected exception., Details: Site is blocked due to multiple, consecutive cold start failures. Site scheduled to be unblocked at 06/01/2026 14:45:30, DetailsLevel: WARN
2026-06-01T14:45:15.5550045Z Start site prohibitted because the site is being blocked.
2026-06-01T14:45:20.5964300Z State: Blocked, Action: None, LastError: UnexpectedContainerExit, LastErrorTimestamp: 06/01/2026 14:44:29, LastErrorDetails: Pull image: iotcdv2026.azurecr.io/iot-app:v1 failed with unexpected exception., Details: Site is blocked due to multiple, consecutive cold start failures. Site scheduled to be unblocked at 06/01/2026 14:45:30, DetailsLevel: WARN
2026-06-01T14:45:20.5965198Z Start site prohibitted because the site is being blocked.
2026-06-01T14:45:25.6486092Z State: Blocked, Action: None, LastError: UnexpectedContainerExit, LastErrorTimestamp: 06/01/2026 14:44:29, LastErrorDetails: Pull image: iotcdv2026.azurecr.io/iot-app:v1 failed with unexpected exception., Details: Site is blocked due to multiple, consecutive cold start failures. Site scheduled to be unblocked at 06/01/2026 14:45:30, DetailsLevel: WARN
2026-06-01T14:45:25.6486298Z Start site prohibitted because the site is being blocked.
2026-06-01T14:45:30.0425758Z Site: iot-maja-asia is unblocked.
2026-06-01T14:45:30.6832904Z State: Starting, Action: EstablishingSiteNetworks, LastError: UnexpectedContainerExit, LastErrorTimestamp: 06/01/2026 14:44:29, LastErrorDetails: Pull image: iotcdv2026.azurecr.io/iot-app:v1 failed with unexpected exception., Details: Site is blocked due to multiple, consecutive cold start failures. Site scheduled to be unblocked at 06/01/2026 14:45:30, DetailsLevel: WARN
2026-06-01T14:45:31.1509418Z State: Starting, Action: StartingSiteContainers, LastError: UnexpectedContainerExit, LastErrorTimestamp: 06/01/2026 14:44:29, LastErrorDetails: Pull image: iotcdv2026.azurecr.io/iot-app:v1 failed with unexpected exception., Details: Site is blocked due to multiple, consecutive cold start failures. Site scheduled to be unblocked at 06/01/2026 14:45:30, DetailsLevel: WARN
2026-06-01T14:45:31.1510636Z Container start method called.
2026-06-01T14:45:31.1511032Z State: Starting, Action: PullingImage, LastError: UnexpectedContainerExit, LastErrorTimestamp: 06/01/2026 14:44:29, LastErrorDetails: Pull image: iotcdv2026.azurecr.io/iot-app:v1 failed with unexpected exception., Details: Pulling image iotcdv2026.azurecr.io/iot-app:v1 for iot-maja-asia., DetailsLevel: INFO
2026-06-01T14:45:31.1511959Z Establishing network.
2026-06-01T14:45:31.1513208Z Pulling image: iotcdv2026.azurecr.io/iot-app:v1.
2026-06-01T14:45:31.3407600Z Container pull image failed with reason: ImagePullFailure. Revert by terminate.
2026-06-01T14:45:31.3421254Z Container is terminating. Grace period: 5 seconds.
2026-06-01T14:45:31.3425178Z Container spec TerminationMessagePolicy  path 
2026-06-01T14:45:31.3426790Z Container is terminated. Total time elapsed: 0 ms.
2026-06-01T14:45:31.3432764Z Site container: iot-maja-asia terminated during site startup.
2026-06-01T14:45:31.3434690Z State: Stopping, Action: CancellingStartup, LastError: UnexpectedContainerExit, LastErrorTimestamp: 06/01/2026 14:44:29, LastErrorDetails: Pull image: iotcdv2026.azurecr.io/iot-app:v1 failed with unexpected exception., Details: Site container: iot-maja-asia terminated during site startup. Cancelling site startup., DetailsLevel: ERR
2026-06-01T14:45:31.3446746Z State: Stopping, Action: CancellingStartup, LastError: UnexpectedContainerExit, LastErrorTimestamp: 06/01/2026 14:45:31, LastErrorDetails: Pull image: iotcdv2026.azurecr.io/iot-app:v1 failed with unexpected exception., Details: Site container: iot-maja-asia terminated during site startup. Cancelling site startup., DetailsLevel: ERR
2026-06-01T14:45:31.3499758Z Failed to start site. Revert by stopping site.
2026-06-01T14:45:31.3504710Z State: Stopping, Action: StoppingSite, LastError: UnexpectedContainerExit, LastErrorTimestamp: 06/01/2026 14:45:31, LastErrorDetails: Pull image: iotcdv2026.azurecr.io/iot-app:v1 failed with unexpected exception., Details: Site container: iot-maja-asia terminated during site startup. Cancelling site startup., DetailsLevel: ERR
2026-06-01T14:45:31.3512263Z State: Stopping, Action: StoppingSiteContainers, LastError: UnexpectedContainerExit, LastErrorTimestamp: 06/01/2026 14:45:31, LastErrorDetails: Pull image: iotcdv2026.azurecr.io/iot-app:v1 failed with unexpected exception., Details: Site container: iot-maja-asia terminated during site startup. Cancelling site startup., DetailsLevel: ERR
2026-06-01T14:45:31.3512482Z Site: iot-maja-asia stopped.
